<html>
<body>
<pre>
<h1>µVision Build Log</h1>
<h2>Project:</h2>
C:\Users\scobb_000\Documents\445L\Final\SDC.uvproj
Project File Date:  04/07/2015

<h2>Output:</h2>
Build target 'SDC'
linking...
Program Size: Code=6092 RO-data=2152 RW-data=688 ZI-data=1024  
".\SDC.axf" - 0 Error(s), 0 Warning(s).
arg types
  void ButtonManager_Init();
ButtonManager.h(5): warning:  #1-D: last line of file ends without a newline
  #endif
TopLevelState.h(15): warning:  #1-D: last line of file ends without a newline
  #endif
ActiveState.h(4): warning:  #1295-D: Deprecated declaration ActiveState_get - give arg types
  TopLevelState* ActiveState_get();
ActiveState.h(7): warning:  #1-D: last line of file ends without a newline
  #endif
ButtonManager.c(22): warning:  #1295-D: Deprecated declaration PortD_Init - give arg types
  void PortD_Init();
ButtonManager.c(23): warning:  #1295-D: Deprecated declaration PortE_Init - give arg types
  void PortE_Init();
ButtonManager.c(53): warning:  #550-D: variable "delay" was set but never used
        long delay;
ButtonManager.c(102): warning:  #223-D: function "printf" declared implicitly
        printf("PortE\n");
ButtonManager.c(114): warning:  #223-D: function "printf" declared implicitly
        printf("PortD\n");
ButtonManager.c: 10 warnings, 0 errors
linking...
Program Size: Code=6092 RO-data=2152 RW-data=688 ZI-data=1024  
".\SDC.axf" - 0 Error(s), 10 Warning(s).
14): error:  #28: expression must have a constant value
                {PD3, FALSE ,&upPressed},
ButtonManager.c: 10 warnings, 2 errors
".\SDC.axf" - 2 Error(s), 10 Warning(s).
Target not created
 ends without a newline
  #endif
GameEngine.h(13): warning:  #1295-D: Deprecated declaration GameEngine_updateState - give arg types
  void GameEngine_updateState();
GameEngine.h(14): warning:  #1295-D: Deprecated declaration GameEngine_upPressed - give arg types
  void GameEngine_upPressed();
GameEngine.h(15): warning:  #1295-D: Deprecated declaration GameEngine_downPressed - give arg types
  void GameEngine_downPressed();
GameEngine.h(16): warning:  #1295-D: Deprecated declaration GameEngine_rightPressed - give arg types
  void GameEngine_rightPressed();
GameEngine.h(17): warning:  #1295-D: Deprecated declaration GameEngine_leftPressed - give arg types
  void GameEngine_leftPressed();
GameEngine.h(18): warning:  #1295-D: Deprecated declaration GameEngine_startPressed - give arg types
  void GameEngine_startPressed();
GameEngine.h(19): warning:  #1295-D: Deprecated declaration GameEngine_playSound - give arg types
  void GameEngine_playSound();
GameEngine.h(20): warning:  #1295-D: Deprecated declaration GameEngine_drawInitial - give arg types
  void GameEngine_drawInitial();
GameEngine.h(34): warning:  #1295-D: Deprecated declaration GameEngine_Init - give arg types
  void GameEngine_Init();
GameEngine.h(35): warning:  #1295-D: Deprecated declaration GameEngine_update - give arg types
  void GameEngine_update();
GameEngine.h(36): warning:  #1295-D: Deprecated declaration GameEngine_redraw - give arg types
  void GameEngine_redraw();
GameEngine.h(39): warning:  #1-D: last line of file ends without a newline
  #endif
ActiveState.h(4): warning:  #1295-D: Deprecated declaration ActiveState_get - give arg types
  TopLevelState* ActiveState_get();
ActiveState.h(7): warning:  #1-D: last line of file ends without a newline
  #endif
PauseState.h(6): warning:  #1295-D: Deprecated declaration PauseState_startPressed - give arg types
  void PauseState_startPressed();
PauseState.h(7): warning:  #1295-D: Deprecated declaration PauseState_drawInitial - give arg types
  void PauseState_drawInitial();
PauseState.h(8): warning:  #1-D: last line of file ends without a newline
  #endif
GameEngine.c(165): warning:  #1-D: last line of file ends without a newline
  }
GameEngine.c: 19 warnings, 0 errors
linking...
Program Size: Code=5896 RO-data=2140 RW-data=688 ZI-data=1024  
".\SDC.axf" - 0 Error(s), 31 Warning(s).
 declaration GameEngine_Init - give arg types
  void GameEngine_Init();
GameEngine.h(35): warning:  #1295-D: Deprecated declaration GameEngine_update - give arg types
  void GameEngine_update();
GameEngine.h(36): warning:  #1295-D: Deprecated declaration GameEngine_redraw - give arg types
  void GameEngine_redraw();
GameEngine.h(39): warning:  #1-D: last line of file ends without a newline
  #endif
ActiveState.h(4): warning:  #1295-D: Deprecated declaration ActiveState_get - give arg types
  TopLevelState* ActiveState_get();
ActiveState.h(7): warning:  #1-D: last line of file ends without a newline
  #endif
PauseState.h(6): warning:  #1295-D: Deprecated declaration PauseState_startPressed - give arg types
  void PauseState_startPressed();
PauseState.h(7): warning:  #1295-D: Deprecated declaration PauseState_drawInitial - give arg types
  void PauseState_drawInitial();
PauseState.h(8): warning:  #1-D: last line of file ends without a newline
  #endif
GameEngine.c(170): warning:  #1-D: last line of file ends without a newline
  }
GameEngine.c: 19 warnings, 0 errors
linking...
Program Size: Code=5844 RO-data=2140 RW-data=684 ZI-data=1028  
".\SDC.axf" - 0 Error(s), 40 Warning(s).
