<html>
<body>
<pre>
<h1>µVision Build Log</h1>
<h2>Project:</h2>
C:\Users\scobb_000\Documents\445L\Final\SDC.uvproj
Project File Date:  04/07/2015

<h2>Output:</h2>
Build target 'SDC'
linking...
Program Size: Code=14640 RO-data=2068 RW-data=152 ZI-data=3208  
".\SDC.axf" - 0 Error(s), 0 Warning(s).
Load "C:\\Users\\scobb_000\\Documents\\445L\\Final\\SDC.axf" 
Connecting: Mode=JTAG, Speed=1000000Hz
Erase Done.
Programming Done.
Verify OK.
</pre>
</body>
</html>
uttonManager_Init - give arg types
  void ButtonManager_Init();
ButtonManager.h(5): warning:  #1-D: last line of file ends without a newline
  #endif
GameEngine.h(5): warning:  #1295-D: Deprecated declaration GameEngine_Init - give arg types
  void GameEngine_Init();
GameEngine.h(6): warning:  #1295-D: Deprecated declaration GameEngine_update - give arg types
  void GameEngine_update();
GameEngine.h(7): warning:  #1295-D: Deprecated declaration GameEngine_redraw - give arg types
  void GameEngine_redraw();
GameEngine.h(9): warning:  #1-D: last line of file ends without a newline
  #endif
FrequencyTimer.h(46): warning:  #1295-D: Deprecated declaration FrequencyTimer_disarm - give arg types
  void FrequencyTimer_disarm();
SDCTestMain.c(88): warning:  #223-D: function "printf" declared implicitly
                printf("\n%d\n", Fresult);
SDCTestMain.c(180): warning:  #223-D: function "printf" declared implicitly
        printf("Hi\n");
SDCTestMain.c(172): warning:  #177-D: variable "res" was declared but never referenced
        DRESULT res;            
SDCTestMain.c(175): warning:  #177-D: variable "i" was declared but never referenced
        int i = 0;
SDCTestMain.c: 13 warnings, 0 errors
linking...
Program Size: Code=14640 RO-data=2068 RW-data=152 ZI-data=3208  
".\SDC.axf" - 0 Error(s), 13 Warning(s).
Load "C:\\Users\\scobb_000\\Documents\\445L\\Final\\SDC.axf" 
Connecting: Mode=JTAG, Speed=1000000Hz
Erase Done.
Programming Done.
Verify OK.
: warning:  #177-D: variable "i" was declared but never referenced
        int i = 0;
SDCTestMain.c(54): warning:  #177-D: variable "g_sFatFs" was declared but never referenced
  static FATFS g_sFatFs;
SDCTestMain.c: 17 warnings, 0 errors
linking...
Program Size: Code=2604 RO-data=2052 RW-data=140 ZI-data=1028  
".\SDC.axf" - 0 Error(s), 17 Warning(s).
Load "C:\\Users\\scobb_000\\Documents\\445L\\Final\\SDC.axf" 
Connecting: Mode=JTAG, Speed=1000000Hz
Erase Done.
Programming Done.
Verify OK.
Final\\SDC.axf" 
Connecting: Mode=JTAG, Speed=1000000Hz
Erase Done.
Programming Done.
Verify OK.
