ARM Linker, 5.03 [Build 76] [MDK-ARM Lite]

==============================================================================

Section Cross References

    startup.o(RESET) refers to startup.o(STACK) for StackMem
    startup.o(RESET) refers to buttonmanager.o(i.GPIOPortD_Handler) for GPIOPortD_Handler
    startup.o(RESET) refers to buttonmanager.o(i.GPIOPortE_Handler) for GPIOPortE_Handler
    startup.o(RESET) refers to frequencytimer.o(i.Timer0A_Handler) for Timer0A_Handler
    startup.o(RESET) refers to heartbeat.o(i.Timer1A_Handler) for Timer1A_Handler
    startup.o(RESET) refers to timer2a.o(i.Timer2A_Handler) for Timer2A_Handler
    startup.o(RESET) refers to diskio.o(i.Timer5A_Handler) for Timer5A_Handler
    startup.o(RESET) refers to entry.o(.ARM.Collect$$$$00000000) for __main
    sdctestmain.o(i.FileSystemTest) refers to ff.o(i.f_open) for f_open
    sdctestmain.o(i.FileSystemTest) refers to st7735.o(i.ST7735_Color565) for ST7735_Color565
    sdctestmain.o(i.FileSystemTest) refers to st7735.o(i.ST7735_DrawString) for ST7735_DrawString
    sdctestmain.o(i.FileSystemTest) refers to printf3.o(i.__0printf$3) for __2printf
    sdctestmain.o(i.FileSystemTest) refers to ff.o(i.f_write) for f_write
    sdctestmain.o(i.FileSystemTest) refers to ff.o(i.f_close) for f_close
    sdctestmain.o(i.FileSystemTest) refers to ff.o(i.f_read) for f_read
    sdctestmain.o(i.FileSystemTest) refers to st7735.o(i.ST7735_DrawChar) for ST7735_DrawChar
    sdctestmain.o(i.FileSystemTest) refers to st7735.o(i.ST7735_SetCursor) for ST7735_SetCursor
    sdctestmain.o(i.FileSystemTest) refers to st7735.o(i.ST7735_SetTextColor) for ST7735_SetTextColor
    sdctestmain.o(i.FileSystemTest) refers to st7735.o(i.ST7735_OutUDec) for ST7735_OutUDec
    sdctestmain.o(i.FileSystemTest) refers to wavreader.o(.bss) for Handle2
    sdctestmain.o(i.FileSystemTest) refers to wavreader.o(.data) for Fresult
    sdctestmain.o(i.diskError) refers to st7735.o(i.ST7735_Color565) for ST7735_Color565
    sdctestmain.o(i.diskError) refers to st7735.o(i.ST7735_DrawString) for ST7735_DrawString
    sdctestmain.o(i.diskError) refers to st7735.o(i.ST7735_SetCursor) for ST7735_SetCursor
    sdctestmain.o(i.diskError) refers to st7735.o(i.ST7735_SetTextColor) for ST7735_SetTextColor
    sdctestmain.o(i.diskError) refers to st7735.o(i.ST7735_OutUDec) for ST7735_OutUDec
    sdctestmain.o(i.main) refers to pll.o(i.PLL_Init) for PLL_Init
    sdctestmain.o(i.main) refers to systick.o(i.SysTick_Init) for SysTick_Init
    sdctestmain.o(i.main) refers to heartbeat.o(i.Heartbeat_Init) for Heartbeat_Init
    sdctestmain.o(i.main) refers to buttonmanager.o(i.ButtonManager_Init) for ButtonManager_Init
    sdctestmain.o(i.main) refers to st7735.o(i.Output_Init) for Output_Init
    sdctestmain.o(i.main) refers to max5353.o(i.DAC_Init) for DAC_Init
    sdctestmain.o(i.main) refers to frequencytimer.o(i.FrequencyTimer_Init) for FrequencyTimer_Init
    sdctestmain.o(i.main) refers to wavreader.o(i.music_init) for music_init
    sdctestmain.o(i.main) refers to scoreengine.o(i.ScoreEngine_init) for ScoreEngine_init
    sdctestmain.o(i.main) refers to startup.o(.text) for EnableInterrupts
    sdctestmain.o(i.main) refers to gameengine.o(i.GameEngine_Init) for GameEngine_Init
    sdctestmain.o(i.main) refers to activestate.o(i.ActiveState_set) for ActiveState_set
    sdctestmain.o(i.main) refers to activestate.o(i.ActiveState_updateState) for ActiveState_updateState
    sdctestmain.o(i.main) refers to activestate.o(i.ActiveState_playSound) for ActiveState_playSound
    sdctestmain.o(i.main) refers to activestate.o(i.ActiveState_drawInitial) for ActiveState_drawInitial
    sdctestmain.o(i.main) refers to startstate.o(.data) for Start
    sdctestmain.o(i.main) refers to heartbeat.o(.data) for updateStateSemaphore
    sdctestmain.o(i.main) refers to activestate.o(.data) for needInitialDraw
    sdctestmain.o(i.music_test) refers to wavreader.o(i.music_init) for music_init
    sdctestmain.o(i.music_test) refers to wavreader.o(i.music_play) for music_play
    sdctestmain.o(i.music_test) refers to wavreader.o(i.load_more) for load_more
    sdctestmain.o(i.music_test) refers to wavreader.o(.data) for needMore
    heartbeat.o(i.Heartbeat_Init) refers to heartbeat.o(i.TIMER1_Init) for TIMER1_Init
    heartbeat.o(i.Heartbeat_Init) refers to heartbeat.o(.data) for Heartbeat_count
    heartbeat.o(i.TIMER1_Init) refers to startup.o(.text) for StartCritical
    heartbeat.o(i.Timer1A_Handler) refers to heartbeat.o(i.Heartbeat_blink) for Heartbeat_blink
    heartbeat.o(i.Timer1A_Handler) refers to heartbeat.o(.data) for Heartbeat_count
    buttonmanager.o(i.ButtonManager_Init) refers to buttonmanager.o(i.PortD_Init) for PortD_Init
    buttonmanager.o(i.ButtonManager_Init) refers to buttonmanager.o(i.PortE_Init) for PortE_Init
    buttonmanager.o(i.CheckDebounce) refers to systick.o(i.SysTick_Wait10ms) for SysTick_Wait10ms
[...]
    .text                                    0x000002dc   Section        0  rand.o(.text)
    .text                                    0x00000300   Section        0  memcpya.o(.text)
    .text                                    0x00000324   Section        0  strcmp.o(.text)
    .text                                    0x00000340   Section        0  atoi.o(.text)
    .text                                    0x0000035a   Section        0  uidiv.o(.text)
    .text                                    0x00000386   Section        0  strtol.o(.text)
    .text                                    0x000003f8   Section       36  init.o(.text)
    .text                                    0x0000041c   Section        0  ctype_o.o(.text)
    .text                                    0x00000424   Section        0  _strtoul.o(.text)
    .text                                    0x000004c2   Section        0  _chval.o(.text)
    .text                                    0x000004de   Section        0  __dczerorl2.o(.text)
    i.ActiveState_downPressed                0x0000053c   Section        0  activestate.o(i.ActiveState_downPressed)
    i.ActiveState_drawInitial                0x0000055c   Section        0  activestate.o(i.ActiveState_drawInitial)
    i.ActiveState_get                        0x0000057c   Section        0  activestate.o(i.ActiveState_get)
    i.ActiveState_leftPressed                0x00000588   Section        0  activestate.o(i.ActiveState_leftPressed)
    i.ActiveState_playSound                  0x000005a8   Section        0  activestate.o(i.ActiveState_playSound)
    i.ActiveState_rightPressed               0x000005c8   Section        0  activestate.o(i.ActiveState_rightPressed)
    i.ActiveState_set                        0x000005e8   Section        0  activestate.o(i.ActiveState_set)
    i.ActiveState_startPressed               0x00000614   Section        0  activestate.o(i.ActiveState_startPressed)
    i.ActiveState_upPressed                  0x0000062c   Section        0  activestate.o(i.ActiveState_upPressed)
    i.ActiveState_updateState                0x0000064c   Section        0  activestate.o(i.ActiveState_updateState)
    i.ButtonManager_Init                     0x0000066c   Section        0  buttonmanager.o(i.ButtonManager_Init)
    i.CS_Init                                0x00000678   Section        0  diskio.o(i.CS_Init)
    i.CheckDebounce                          0x00000724   Section        0  buttonmanager.o(i.CheckDebounce)
    i.DAC_Init                               0x00000764   Section        0  max5353.o(i.DAC_Init)
    i.DAC_Out                                0x00000808   Section        0  max5353.o(i.DAC_Out)
    i.DC_Init                                0x00000820   Section        0  st7735.o(i.DC_Init)
    i.Delay1ms                               0x000008b0   Section        0  st7735.o(i.Delay1ms)
    i.FrequencyTimer_Init                    0x000008c8   Section        0  frequencytimer.o(i.FrequencyTimer_Init)
    i.GPIOPortD_Handler                      0x00000940   Section        0  buttonmanager.o(i.GPIOPortD_Handler)
    i.GPIOPortE_Handler                      0x00000994   Section        0  buttonmanager.o(i.GPIOPortE_Handler)
    i.GameEngine_Init                        0x000009f0   Section        0  gameengine.o(i.GameEngine_Init)
    i.GameEngine_downPressed                 0x000009fa   Section        0  gameengine.o(i.GameEngine_downPressed)
    i.GameEngine_drawInitial                 0x00000a04   Section        0  gameengine.o(i.GameEngine_drawInitial)
    i.GameEngine_ghostUpdateMotion           0x00000a0c   Section        0  gameengine.o(i.GameEngine_ghostUpdateMotion)
    i.GameEngine_ghostUpdatePosition         0x00000a50   Section        0  gameengine.o(i.GameEngine_ghostUpdatePosition)
    i.GameEngine_leftPressed                 0x00000acc   Section        0  gameengine.o(i.GameEngine_leftPressed)
    i.GameEngine_pacmanUpdateMotion          0x00000ad6   Section        0  gameengine.o(i.GameEngine_pacmanUpdateMotion)
    i.GameEngine_pacmanUpdatePosition        0x00000adc   Section        0  gameengine.o(i.GameEngine_pacmanUpdatePosition)
    i.GameEngine_playSound                   0x00000b6c   Section        0  gameengine.o(i.GameEngine_playSound)
    i.GameEngine_rightPressed                0x00000bf0   Section        0  gameengine.o(i.GameEngine_rightPressed)
    i.GameEngine_startPressed                0x00000bfc   Section        0  gameengine.o(i.GameEngine_startPressed)
    i.GameEngine_upPressed                   0x00000c0c   Section        0  gameengine.o(i.GameEngine_upPressed)
    i.GameEngine_updatePositionCommon        0x00000c18   Section        0  gameengine.o(i.GameEngine_updatePositionCommon)
    i.GameEngine_updateState                 0x00000d00   Section        0  gameengine.o(i.GameEngine_updateState)
    i.GraphicsEngine_drawBoard               0x00000d60   Section        0  graphicsengine.o(i.GraphicsEngine_drawBoard)
    i.GraphicsEngine_drawCursor              0x00000e60   Section        0  graphicsengine.o(i.GraphicsEngine_drawCursor)
    i.GraphicsEngine_drawInitBoard           0x00000e98   Section        0  graphicsengine.o(i.GraphicsEngine_drawInitBoard)
    i.GraphicsEngine_drawScore               0x00000f80   Section        0  graphicsengine.o(i.GraphicsEngine_drawScore)
    i.GraphicsEngine_drawTitle               0x00000fa8   Section        0  graphicsengine.o(i.GraphicsEngine_drawTitle)
    i.Heartbeat_Init                         0x00000ff0   Section        0  heartbeat.o(i.Heartbeat_Init)
    i.Heartbeat_blink                        0x000010a4   Section        0  heartbeat.o(i.Heartbeat_blink)
    i.Output_Init                            0x000010b8   Section        0  st7735.o(i.Output_Init)
    i.PLL_Init                               0x000010c8   Section        0  pll.o(i.PLL_Init)
    i.PauseState_drawInitial                 0x00001144   Section        0  pausestate.o(i.PauseState_drawInitial)
    i.PauseState_playSound                   0x00001148   Section        0  pausestate.o(i.PauseState_playSound)
    i.PauseState_startPressed                0x0000115c   Section        0  pausestate.o(i.PauseState_startPressed)
    i.PortD_Init                             0x00001174   Section        0  buttonmanager.o(i.PortD_Init)
    i.PortE_Init                             0x0000126c   Section        0  buttonmanager.o(i.PortE_Init)
    i.SSI2_Init                              0x00001364   Section        0  diskio.o(i.SSI2_Init)
    i.ST7735_DrawBitmap                      0x000014b0   Section        0  st7735.o(i.ST7735_DrawBitmap)
    i.ST7735_DrawCharS                       0x000015d0   Section        0  st7735.o(i.ST7735_DrawCharS)
    i.ST7735_DrawPixel                       0x000016c4   Section        0  st7735.o(i.ST7735_DrawPixel)
    i.ST7735_DrawString                      0x0000170c   Section        0  st7735.o(i.ST7735_DrawString)
    i.ST7735_FillRect                        0x00001764   Section        0  st7735.o(i.ST7735_FillRect)
    i.ST7735_FillScreen                      0x00001810   Section        0  st7735.o(i.ST7735_FillScreen)
    i.ST7735_InitR                           0x00001834   Section        0  st7735.o(i.ST7735_InitR)
    i.ST7735_OutChar                         0x000018b0   Section        0  st7735.o(i.ST7735_OutChar)
    i.ST7735_SetCursor                       0x00001984   Section        0  st7735.o(i.ST7735_SetCursor)
    i.ScoreEngine_displayFinalScore          0x000019a4   Section        0  scoreengine.o(i.ScoreEngine_displayFinalScore)
    i.ScoreEngine_displayScores              0x000019f0   Section        0  scoreengine.o(i.ScoreEngine_displayScores)
    i.ScoreEngine_getScore                   0x00001b4c   Section        0  scoreengine.o(i.ScoreEngine_getScore)
    i.ScoreEngine_init                       0x00001b58   Section        0  scoreengine.o(i.ScoreEngine_init)
    i.ScoreEngine_startPressed               0x00001b64   Section        0  scoreengine.o(i.ScoreEngine_startPressed)
    i.ScoreEngine_update                     0x00001b74   Section        0  scoreengine.o(i.ScoreEngine_update)
    i.StartState_downPressed                 0x00001bc0   Section        0  startstate.o(i.StartState_downPressed)
    i.StartState_drawInitial                 0x00001bd4   Section        0  startstate.o(i.StartState_drawInitial)
    i.StartState_playSound                   0x00001be8   Section        0  startstate.o(i.StartState_playSound)
    i.StartState_startPressed                0x00001c34   Section        0  startstate.o(i.StartState_startPressed)
    i.StartState_upPressed                   0x00001c68   Section        0  startstate.o(i.StartState_upPressed)
    i.StartState_updateState                 0x00001c7c   Section        0  startstate.o(i.StartState_updateState)
    i.StopState_playSound                    0x00001c98   Section        0  stopstate.o(i.StopState_playSound)
    i.StopState_startPressed                 0x00001ce0   Section        0  stopstate.o(i.StopState_startPressed)
    i.StopState_updateState                  0x00001d00   Section        0  stopstate.o(i.StopState_updateState)
    i.SysTick_Init                           0x00001d68   Section        0  systick.o(i.SysTick_Init)
    i.SysTick_Wait                           0x00001d80   Section        0  systick.o(i.SysTick_Wait)
    i.SysTick_Wait10ms                       0x00001da0   Section        0  systick.o(i.SysTick_Wait10ms)
    i.TIMER1_Init                            0x00001dbc   Section        0  heartbeat.o(i.TIMER1_Init)
    i.Timer0A_Handler                        0x00001e50   Section        0  frequencytimer.o(i.Timer0A_Handler)
    i.Timer1A_Handler                        0x00001e64   Section        0  heartbeat.o(i.Timer1A_Handler)
    i.Timer2A_Handler                        0x00001ea4   Section        0  timer2a.o(i.Timer2A_Handler)
    i.Timer2A_Init                           0x00001ebc   Section        0  timer2a.o(i.Timer2A_Init)
    i.Timer5A_Handler                        0x00001f30   Section        0  diskio.o(i.Timer5A_Handler)
    i.Timer5_Init                            0x00001f44   Section        0  diskio.o(i.Timer5_Init)
    i.__0printf$3                            0x00001fb0   Section        0  printf3.o(i.__0printf$3)
    i.__aeabi_errno_addr                     0x00001fd0   Section        0  errno.o(i.__aeabi_errno_addr)
    i.__scatterload_copy                     0x00001fd8   Section       14  handlers.o(i.__scatterload_copy)
    i.__scatterload_null                     0x00001fe6   Section        2  handlers.o(i.__scatterload_null)
    i.__scatterload_zeroinit                 0x00001fe8   Section       14  handlers.o(i.__scatterload_zeroinit)
    i._printf_core                           0x00001ff8   Section        0  printf3.o(i._printf_core)
    _printf_core                             0x00001ff9   Thumb Code   436  printf3.o(i._printf_core)
    i.bigDotEaten                            0x000021b0   Section        0  gameengine.o(i.bigDotEaten)
    i.check_fs                               0x000021dc   Section        0  ff.o(i.check_fs)
    check_fs                                 0x000021dd   Thumb Code   140  ff.o(i.check_fs)
    i.chk_chr                                0x0000226c   Section        0  ff.o(i.chk_chr)
    chk_chr                                  0x0000226d   Thumb Code    24  ff.o(i.chk_chr)
    i.clust2sect                             0x00002284   Section        0  ff.o(i.clust2sect)
    i.collideWithGhost                       0x0000229e   Section        0  gameengine.o(i.collideWithGhost)
    i.commandList                            0x000022bc   Section        0  st7735.o(i.commandList)
    commandList                              0x000022bd   Thumb Code    86  st7735.o(i.commandList)
    i.commonInit                             0x00002314   Section        0  st7735.o(i.commonInit)
    commonInit                               0x00002315   Thumb Code   514  st7735.o(i.commonInit)
    i.create_chain                           0x0000255c   Section        0  ff.o(i.create_chain)
    create_chain                             0x0000255d   Thumb Code   214  ff.o(i.create_chain)
    i.create_name                            0x00002634   Section        0  ff.o(i.create_name)
    create_name                              0x00002635   Thumb Code   418  ff.o(i.create_name)
    i.deselect                               0x000027e8   Section        0  diskio.o(i.deselect)
    deselect                                 0x000027e9   Thumb Code    18  diskio.o(i.deselect)
    i.die                                    0x00002800   Section        0  gameengine.o(i.die)
    i.dir_alloc                              0x00002810   Section        0  ff.o(i.dir_alloc)
    dir_alloc                                0x00002811   Thumb Code    92  ff.o(i.dir_alloc)
    i.dir_find                               0x0000286c   Section        0  ff.o(i.dir_find)
    dir_find                                 0x0000286d   Thumb Code    92  ff.o(i.dir_find)
    i.dir_next                               0x000028c8   Section        0  ff.o(i.dir_next)
    dir_next                                 0x000028c9   Thumb Code   270  ff.o(i.dir_next)
    i.dir_register                           0x000029d6   Section        0  ff.o(i.dir_register)
    dir_register                             0x000029d7   Thumb Code    58  ff.o(i.dir_register)
    i.dir_sdi                                0x00002a10   Section        0  ff.o(i.dir_sdi)
    dir_sdi                                  0x00002a11   Thumb Code   158  ff.o(i.dir_sdi)
    i.disk_initialize                        0x00002ab0   Section        0  diskio.o(i.disk_initialize)
    i.disk_ioctl                             0x00002c0c   Section        0  diskio.o(i.disk_ioctl)
    i.disk_read                              0x00002e34   Section        0  diskio.o(i.disk_read)
    i.disk_status                            0x00002ec4   Section        0  diskio.o(i.disk_status)
    i.disk_timerproc                         0x00002ed8   Section        0  diskio.o(i.disk_timerproc)
    i.disk_write                             0x00002f18   Section        0  diskio.o(i.disk_write)
    i.drawBigDot                             0x00002fcc   Section        0  graphicsengine.o(i.drawBigDot)
    i.drawCommon                             0x00002ffa   Section        0  graphicsengine.o(i.drawCommon)
    i.drawDot                                0x00003012   Section        0  graphicsengine.o(i.drawDot)
    i.drawSprite                             0x00003038   Section        0  graphicsengine.o(i.drawSprite)
    i.drawWall                               0x00003208   Section        0  graphicsengine.o(i.drawWall)
    i.eatGhost                               0x00003238   Section        0  gameengine.o(i.eatGhost)
    i.f_close                                0x00003268   Section        0  ff.o(i.f_close)
    i.f_mount                                0x00003288   Section        0  ff.o(i.f_mount)
    i.f_open                                 0x000032e4   Section        0  ff.o(i.f_open)
    i.f_read                                 0x00003444   Section        0  ff.o(i.f_read)
    i.f_sync                                 0x000035e4   Section        0  ff.o(i.f_sync)
    i.find_volume                            0x00003694   Section        0  ff.o(i.find_volume)
    find_volume                              0x00003695   Thumb Code   890  ff.o(i.find_volume)
    i.follow_path                            0x00003a20   Section        0  ff.o(i.follow_path)
    follow_path                              0x00003a21   Thumb Code   176  ff.o(i.follow_path)
    i.fputc                                  0x00003ad0   Section        0  st7735.o(i.fputc)
    i.get_fat                                0x00003ae0   Section        0  ff.o(i.get_fat)
    i.get_ldnumber                           0x00003bd2   Section        0  ff.o(i.get_ldnumber)
    get_ldnumber                             0x00003bd3   Thumb Code    74  ff.o(i.get_ldnumber)
    i.handler                                0x00003c1c   Section        0  wavreader.o(i.handler)
    i.ind_to_pix                             0x00003d6c   Section        0  graphicsengine.o(i.ind_to_pix)
    i.init_spi                               0x00003d84   Section        0  diskio.o(i.init_spi)
    init_spi                                 0x00003d85   Thumb Code    34  diskio.o(i.init_spi)
    i.isValidDirection                       0x00003db0   Section        0  gameengine.o(i.isValidDirection)
    i.ld_clust                               0x00003e10   Section        0  ff.o(i.ld_clust)
    ld_clust                                 0x00003e11   Thumb Code    32  ff.o(i.ld_clust)
    i.load_more                              0x00003e30   Section        0  wavreader.o(i.load_more)
    i.main                                   0x00003f10   Section        0  sdctestmain.o(i.main)
    i.mem_cmp                                0x00003f7c   Section        0  ff.o(i.mem_cmp)
    mem_cmp                                  0x00003f7d   Thumb Code    38  ff.o(i.mem_cmp)
    i.mem_cpy                                0x00003fa2   Section        0  ff.o(i.mem_cpy)
    mem_cpy                                  0x00003fa3   Thumb Code    26  ff.o(i.mem_cpy)
    i.mem_set                                0x00003fbc   Section        0  ff.o(i.mem_set)
    mem_set                                  0x00003fbd   Thumb Code    20  ff.o(i.mem_set)
    i.move_window                            0x00003fd0   Section        0  ff.o(i.move_window)
    move_window                              0x00003fd1   Thumb Code    52  ff.o(i.move_window)
    i.music_init                             0x00004004   Section        0  wavreader.o(i.music_init)
    i.music_play                             0x00004028   Section        0  wavreader.o(i.music_play)
    i.music_stop                             0x00004350   Section        0  wavreader.o(i.music_stop)
    i.pushColor                              0x0000439c   Section        0  st7735.o(i.pushColor)
    pushColor                                0x0000439d   Thumb Code    18  st7735.o(i.pushColor)
    i.put_fat                                0x000043ae   Section        0  ff.o(i.put_fat)
    i.rcvr_datablock                         0x000044f4   Section        0  diskio.o(i.rcvr_datablock)
    rcvr_datablock                           0x000044f5   Thumb Code    66  diskio.o(i.rcvr_datablock)
    i.rcvr_spi                               0x0000453c   Section        0  diskio.o(i.rcvr_spi)
    rcvr_spi                                 0x0000453d   Thumb Code    40  diskio.o(i.rcvr_spi)
    i.rcvr_spi_multi                         0x00004568   Section        0  diskio.o(i.rcvr_spi_multi)
    rcvr_spi_multi                           0x00004569   Thumb Code    24  diskio.o(i.rcvr_spi_multi)
    i.remove_chain                           0x00004580   Section        0  ff.o(i.remove_chain)
    remove_chain                             0x00004581   Thumb Code   108  ff.o(i.remove_chain)
    i.scheduleIfValidDirection               0x000045ec   Section        0  gameengine.o(i.scheduleIfValidDirection)
    i.select                                 0x00004604   Section        0  diskio.o(i.select)
    select                                   0x00004605   Thumb Code    48  diskio.o(i.select)
    i.send_cmd                               0x0000463c   Section        0  diskio.o(i.send_cmd)
    send_cmd                                 0x0000463d   Thumb Code   150  diskio.o(i.send_cmd)
    i.setAddrWindow                          0x000046d4   Section        0  st7735.o(i.setAddrWindow)
    setAddrWindow                            0x000046d5   Thumb Code   106  st7735.o(i.setAddrWindow)
    i.st_clust                               0x00004748   Section        0  ff.o(i.st_clust)
    st_clust                                 0x00004749   Thumb Code    16  ff.o(i.st_clust)
    i.swapCursor                             0x00004758   Section        0  startstate.o(i.swapCursor)
    i.sync_fs                                0x00004770   Section        0  ff.o(i.sync_fs)
    sync_fs                                  0x00004771   Thumb Code   200  ff.o(i.sync_fs)
    i.sync_window                            0x00004838   Section        0  ff.o(i.sync_window)
    sync_window                              0x00004839   Thumb Code    82  ff.o(i.sync_window)
    i.validate                               0x0000488a   Section        0  ff.o(i.validate)
    validate                                 0x0000488b   Thumb Code    54  ff.o(i.validate)
    i.wait_ready                             0x000048c0   Section        0  diskio.o(i.wait_ready)
    wait_ready                               0x000048c1   Thumb Code    42  diskio.o(i.wait_ready)
    i.writecommand                           0x000048f0   Section        0  st7735.o(i.writecommand)
    writecommand                             0x000048f1   Thumb Code    66  st7735.o(i.writecommand)
    i.writedata                              0x00004948   Section        0  st7735.o(i.writedata)
    writedata                                0x00004949   Thumb Code    70  st7735.o(i.writedata)
    i.xchg_spi                               0x000049a4   Section        0  diskio.o(i.xchg_spi)
    xchg_spi                                 0x000049a5   Thumb Code    48  diskio.o(i.xchg_spi)
    i.xmit_datablock                         0x000049d8   Section        0  diskio.o(i.xmit_datablock)
    xmit_datablock                           0x000049d9   Thumb Code    76  diskio.o(i.xmit_datablock)
    i.xmit_spi_multi                         0x00004a24   Section        0  diskio.o(i.xmit_spi_multi)
    xmit_spi_multi                           0x00004a25   Thumb Code    40  diskio.o(i.xmit_spi_multi)
    .constdata                               0x00004a50   Section       60  buttonmanager.o(.constdata)
    .constdata                               0x00004a8c   Section     2018  st7735.o(.constdata)
    Font                                     0x00004a8c   Data        1275  st7735.o(.constdata)
    Bcmd                                     0x00004f87   Data         103  st7735.o(.constdata)
    Rcmd1                                    0x00004fee   Data          59  st7735.o(.constdata)
    Rcmd2green                               0x00005029   Data          13  st7735.o(.constdata)
    Rcmd2red                                 0x00005036   Data          13  st7735.o(.constdata)
    Rcmd3                                    0x00005043   Data          43  st7735.o(.constdata)
    .constdata                               0x0000526e   Section     5360  graphicsengine.o(.constdata)
    .constdata                               0x0000675e   Section      350  stopstate.o(.constdata)
    .constdata                               0x000068bc   Section       80  scoreengine.o(.constdata)
    .constdata                               0x0000690c   Section      129  ctype_o.o(.constdata)
    .constdata                               0x00006990   Section        4  ctype_o.o(.constdata)
    table                                    0x00006990   Data           4  ctype_o.o(.constdata)
    .data                                    0x20000000   Section        2  heartbeat.o(.data)
    .data                                    0x20000004   Section       44  st7735.o(.data)
    _width                                   0x2000000e   Data           2  st7735.o(.data)
    _height                                  0x20000010   Data           2  st7735.o(.data)
    ColStart                                 0x20000018   Data           1  st7735.o(.data)
    RowStart                                 0x20000019   Data           1  st7735.o(.data)
    Rotation                                 0x2000001a   Data           1  st7735.o(.data)
    TabColor                                 0x2000001b   Data           1  st7735.o(.data)
    .data                                    0x20000030   Section       43  gameengine.o(.data)
    .data                                    0x2000005c   Section       13  diskio.o(.data)
    Stat                                     0x2000005c   Data           1  diskio.o(.data)
    Timer1                                   0x20000060   Data           4  diskio.o(.data)
    Timer2                                   0x20000064   Data           4  diskio.o(.data)
    CardType                                 0x20000068   Data           1  diskio.o(.data)
    .data                                    0x2000006c   Section        6  ff.o(.data)
    FatFs                                    0x2000006c   Data           4  ff.o(.data)
    Fsid                                     0x20000070   Data           2  ff.o(.data)
    .data                                    0x20000074   Section        8  activestate.o(.data)
    .data                                    0x2000007c   Section       32  pausestate.o(.data)
    .data                                    0x2000009c   Section      720  graphicsengine.o(.data)
    .data                                    0x2000036c   Section       36  startstate.o(.data)
    .data                                    0x20000390   Section       69  stopstate.o(.data)
    .data                                    0x200003d8   Section       79  wavreader.o(.data)
    .data                                    0x20000428   Section        4  timer2a.o(.data)
    .data                                    0x2000042c   Section       48  scoreengine.o(.data)
    .data                                    0x2000045c   Section        4  rand.o(.data)
    _rand_state                              0x2000045c   Data           4  rand.o(.data)
    .data                                    0x20000460   Section        4  stdout.o(.data)
    .data                                    0x20000464   Section        4  errno.o(.data)
    _errno                                   0x20000464   Data           4  errno.o(.data)
    .bss                                     0x20000468   Section     2684  wavreader.o(.bss)
    g_sFatFs                                 0x20000468   Data         564  wavreader.o(.bss)
    STACK                                    0x20000ee8   Section     1024  startup.o(STACK)
    StackMem                                 0x20000ee8   Data           0  startup.o(STACK)

    Global Symbols

    Symbol Name                              Value     Ov Type        Size  Object(Section)

    BuildAttributes$$THM_ISAv4$E$P$D$K$B$S$7EM$PE$A:L22UL41UL21$X:L11$S22US41US21$IEEE1$IW$USESV6$~STKCKD$USESV7$~SHL$OSPACE$ROPI$EBA8$MICROLIB$REQ8$PRES8$EABIv2 0x00000000   Number         0  anon$$obj.o ABSOLUTE
    __ARM_use_no_argv                        0x00000000   Number         0  sdctestmain.o ABSOLUTE
    __Vectors                                0x00000000   Data           0  startup.o(RESET)
    _printf_a                                0x00000000   Number         0  stubs.o ABSOLUTE
    _printf_c                                0x00000000   Number         0  stubs.o ABSOLUTE
    _printf_charcount                        0x00000000   Number         0  stubs.o ABSOLUTE
    _printf_d                                0x00000000   Number         0  stubs.o ABSOLUTE
    _printf_e                                0x00000000   Number         0  stubs.o ABSOLUTE
    _printf_f                                0x00000000   Number         0  stubs.o ABSOLUTE
    _printf_flags                            0x00000000   Number         0  stubs.o ABSOLUTE
    _printf_fp_dec                           0x00000000   Number         0  stubs.o ABSOLUTE
    _printf_fp_hex                           0x00000000   Number         0  stubs.o ABSOLUTE
    _printf_g                                0x00000000   Number         0  stubs.o ABSOLUTE
    _printf_i                                0x00000000   Number         0  stubs.o ABSOLUTE
    _printf_int_dec                          0x00000000   Number         0  stubs.o ABSOLUTE
    _printf_l                                0x00000000   Number         0  stubs.o ABSOLUTE
    _printf_lc                               0x00000000   Number         0  stubs.o ABSOLUTE
    _printf_ll                               0x00000000   Number         0  stubs.o ABSOLUTE
    _printf_lld                              0x00000000   Number         0  stubs.o ABSOLUTE
    _printf_lli                              0x00000000   Number         0  stubs.o ABSOLUTE
    _printf_llo                              0x00000000   Number         0  stubs.o ABSOLUTE
    _printf_llu                              0x00000000   Number         0  stubs.o ABSOLUTE
    _printf_llx                              0x00000000   Number         0  stubs.o ABSOLUTE
    _printf_longlong_dec                     0x00000000   Number         0  stubs.o ABSOLUTE
    _printf_longlong_hex                     0x00000000   Number         0  stubs.o ABSOLUTE
    _printf_longlong_oct                     0x00000000   Number         0  stubs.o ABSOLUTE
    _printf_ls                               0x00000000   Number         0  stubs.o ABSOLUTE
    _printf_mbtowc                           0x00000000   Number         0  stubs.o ABSOLUTE
    _printf_n                                0x00000000   Number         0  stubs.o ABSOLUTE
    _printf_o                                0x00000000   Number         0  stubs.o ABSOLUTE
    _printf_p                                0x00000000   Number         0  stubs.o ABSOLUTE
    _printf_percent                          0x00000000   Number         0  stubs.o ABSOLUTE
    _printf_pre_padding                      0x00000000   Number         0  stubs.o ABSOLUTE
    _printf_return_value                     0x00000000   Number         0  stubs.o ABSOLUTE
    _printf_s                                0x00000000   Number         0  stubs.o ABSOLUTE
    _printf_sizespec                         0x00000000   Number         0  stubs.o ABSOLUTE
    _printf_str                              0x00000000   Number         0  stubs.o ABSOLUTE
    _printf_truncate_signed                  0x00000000   Number         0  stubs.o ABSOLUTE
    _printf_truncate_unsigned                0x00000000   Number         0  stubs.o ABSOLUTE
    _printf_u                                0x00000000   Number         0  stubs.o ABSOLUTE
    _printf_wc                               0x00000000   Number         0  stubs.o ABSOLUTE
    _printf_wctomb                           0x00000000   Number         0  stubs.o ABSOLUTE
    _printf_widthprec                        0x00000000   Number         0  stubs.o ABSOLUTE
    _printf_x                                0x00000000   Number         0  stubs.o ABSOLUTE
    __cpp_initialize__aeabi_                  - Undefined Weak Reference
    __cxa_finalize                            - Undefined Weak Reference
    _clock_init                               - Undefined Weak Reference
    _microlib_exit                            - Undefined Weak Reference
    Reset_Handler                            0x0000026d   Thumb Code     0  startup.o(RESET)
    NMI_Handler                              0x00000271   Thumb Code     2  startup.o(RESET)
    HardFault_Handler                        0x00000273   Thumb Code     2  startup.o(RESET)
    MemManage_Handler                        0x00000275   Thumb Code     2  startup.o(RESET)
    BusFault_Handler                         0x00000277   Thumb Code     2  startup.o(RESET)
    UsageFault_Handler                       0x00000279   Thumb Code     2  startup.o(RESET)
    SVC_Handler                              0x0000027b   Thumb Code     2  startup.o(RESET)
    DebugMon_Handler                         0x0000027d   Thumb Code     2  startup.o(RESET)
    PendSV_Handler                           0x0000027f   Thumb Code     2  startup.o(RESET)
    SysTick_Handler                          0x00000281   Thumb Code     2  startup.o(RESET)
    ADC0Seq0_Handler                         0x00000283   Thumb Code     0  startup.o(RESET)
    ADC0Seq1_Handler                         0x00000283   Thumb Code     0  startup.o(RESET)
    ADC0Seq2_Handler                         0x00000283   Thumb Code     0  startup.o(RESET)
    ADC0Seq3_Handler                         0x00000283   Thumb Code     0  startup.o(RESET)
    ADC1Seq0_Handler                         0x00000283   Thumb Code     0  startup.o(RESET)
    ADC1Seq1_Handler                         0x00000283   Thumb Code     0  startup.o(RESET)
    ADC1Seq2_Handler                         0x00000283   Thumb Code     0  startup.o(RESET)
    ADC1Seq3_Handler                         0x00000283   Thumb Code     0  startup.o(RESET)
    CAN0_Handler                             0x00000283   Thumb Code     0  startup.o(RESET)
    CAN1_Handler                             0x00000283   Thumb Code     0  startup.o(RESET)
    CAN2_Handler                             0x00000283   Thumb Code     0  startup.o(RESET)
    Comp0_Handler                            0x00000283   Thumb Code     0  startup.o(RESET)
    Comp1_Handler                            0x00000283   Thumb Code     0  startup.o(RESET)
    Comp2_Handler                            0x00000283   Thumb Code     0  startup.o(RESET)
    Ethernet_Handler                         0x00000283   Thumb Code     0  startup.o(RESET)
    ExtBus_Handler                           0x00000283   Thumb Code     0  startup.o(RESET)
    FPU_Handler                              0x00000283   Thumb Code     0  startup.o(RESET)
    Fan0_Handler                             0x00000283   Thumb Code     0  startup.o(RESET)
    FlashCtl_Handler                         0x00000283   Thumb Code     0  startup.o(RESET)
    GPIOPortA_Handler                        0x00000283   Thumb Code     0  startup.o(RESET)
    GPIOPortB_Handler                        0x00000283   Thumb Code     0  startup.o(RESET)
    GPIOPortC_Handler                        0x00000283   Thumb Code     0  startup.o(RESET)
    GPIOPortF_Handler                        0x00000283   Thumb Code     0  startup.o(RESET)
    GPIOPortG_Handler                        0x00000283   Thumb Code     0  startup.o(RESET)
    GPIOPortH_Handler                        0x00000283   Thumb Code     0  startup.o(RESET)
    GPIOPortJ_Handler                        0x00000283   Thumb Code     0  startup.o(RESET)
    GPIOPortK_Handler                        0x00000283   Thumb Code     0  startup.o(RESET)
    GPIOPortL_Handler                        0x00000283   Thumb Code     0  startup.o(RESET)
    GPIOPortM_Handler                        0x00000283   Thumb Code     0  startup.o(RESET)
    GPIOPortN_Handler                        0x00000283   Thumb Code     0  startup.o(RESET)
    GPIOPortP1_Handler                       0x00000283   Thumb Code     0  startup.o(RESET)
    GPIOPortP2_Handler                       0x00000283   Thumb Code     0  startup.o(RESET)
    GPIOPortP3_Handler                       0x00000283   Thumb Code     0  startup.o(RESET)
    GPIOPortP4_Handler                       0x00000283   Thumb Code     0  startup.o(RESET)
    GPIOPortP5_Handler                       0x00000283   Thumb Code     0  startup.o(RESET)
    GPIOPortP6_Handler                       0x00000283   Thumb Code     0  startup.o(RESET)
    GPIOPortP7_Handler                       0x00000283   Thumb Code     0  startup.o(RESET)
    GPIOPortP_Handler                        0x00000283   Thumb Code     0  startup.o(RESET)
    GPIOPortQ1_Handler                       0x00000283   Thumb Code     0  startup.o(RESET)
    GPIOPortQ2_Handler                       0x00000283   Thumb Code     0  startup.o(RESET)
    GPIOPortQ3_Handler                       0x00000283   Thumb Code     0  startup.o(RESET)
    GPIOPortQ4_Handler                       0x00000283   Thumb Code     0  startup.o(RESET)
    GPIOPortQ5_Handler                       0x00000283   Thumb Code     0  startup.o(RESET)
    GPIOPortQ6_Handler                       0x00000283   Thumb Code     0  startup.o(RESET)
    GPIOPortQ7_Handler                       0x00000283   Thumb Code     0  startup.o(RESET)
    GPIOPortQ_Handler                        0x00000283   Thumb Code     0  startup.o(RESET)
    GPIOPortR_Handler                        0x00000283   Thumb Code     0  startup.o(RESET)
    GPIOPortS_Handler                        0x00000283   Thumb Code     0  startup.o(RESET)
    Hibernate_Handler                        0x00000283   Thumb Code     0  startup.o(RESET)
    I2C0_Handler                             0x00000283   Thumb Code     0  startup.o(RESET)
    I2C1_Handler                             0x00000283   Thumb Code     0  startup.o(RESET)
    I2C2_Handler                             0x00000283   Thumb Code     0  startup.o(RESET)
    I2C3_Handler                             0x00000283   Thumb Code     0  startup.o(RESET)
    I2C4_Handler                             0x00000283   Thumb Code     0  startup.o(RESET)
    I2C5_Handler                             0x00000283   Thumb Code     0  startup.o(RESET)
    I2S0_Handler                             0x00000283   Thumb Code     0  startup.o(RESET)
    LPC0_Handler                             0x00000283   Thumb Code     0  startup.o(RESET)
    PECI0_Handler                            0x00000283   Thumb Code     0  startup.o(RESET)
    PWM0Fault_Handler                        0x00000283   Thumb Code     0  startup.o(RESET)
    PWM0Generator0_Handler                   0x00000283   Thumb Code     0  startup.o(RESET)
    PWM0Generator1_Handler                   0x00000283   Thumb Code     0  startup.o(RESET)
    PWM0Generator2_Handler                   0x00000283   Thumb Code     0  startup.o(RESET)
    PWM0Generator3_Handler                   0x00000283   Thumb Code     0  startup.o(RESET)
    PWM1Fault_Handler                        0x00000283   Thumb Code     0  startup.o(RESET)
    PWM1Generator0_Handler                   0x00000283   Thumb Code     0  startup.o(RESET)
    PWM1Generator1_Handler                   0x00000283   Thumb Code     0  startup.o(RESET)
    PWM1Generator2_Handler                   0x00000283   Thumb Code     0  startup.o(RESET)
    PWM1Generator3_Handler                   0x00000283   Thumb Code     0  startup.o(RESET)
    Quadrature0_Handler                      0x00000283   Thumb Code     0  startup.o(RESET)
    Quadrature1_Handler                      0x00000283   Thumb Code     0  startup.o(RESET)
    Quadrature2_Handler                      0x00000283   Thumb Code     0  startup.o(RESET)
    SSI0_Handler                             0x00000283   Thumb Code     0  startup.o(RESET)
    SSI1_Handler                             0x00000283   Thumb Code     0  startup.o(RESET)
    SSI2_Handler                             0x00000283   Thumb Code     0  startup.o(RESET)
    SSI3_Handler                             0x00000283   Thumb Code     0  startup.o(RESET)
    SysCtl_Handler                           0x00000283   Thumb Code     0  startup.o(RESET)
    Timer0B_Handler                          0x00000283   Thumb Code     0  startup.o(RESET)
    Timer1B_Handler                          0x00000283   Thumb Code     0  startup.o(RESET)
    Timer2B_Handler                          0x00000283   Thumb Code     0  startup.o(RESET)
    Timer3A_Handler                          0x00000283   Thumb Code     0  startup.o(RESET)
    Timer3B_Handler                          0x00000283   Thumb Code     0  startup.o(RESET)
    Timer4A_Handler                          0x00000283   Thumb Code     0  startup.o(RESET)
    Timer4B_Handler                          0x00000283   Thumb Code     0  startup.o(RESET)
    Timer5B_Handler                          0x00000283   Thumb Code     0  startup.o(RESET)
    UART0_Handler                            0x00000283   Thumb Code     0  startup.o(RESET)
    UART1_Handler                            0x00000283   Thumb Code     0  startup.o(RESET)
    UART2_Handler                            0x00000283   Thumb Code     0  startup.o(RESET)
    UART3_Handler                            0x00000283   Thumb Code     0  startup.o(RESET)
    UART4_Handler                            0x00000283   Thumb Code     0  startup.o(RESET)
    UART5_Handler                            0x00000283   Thumb Code     0  startup.o(RESET)
    UART6_Handler                            0x00000283   Thumb Code     0  startup.o(RESET)
    UART7_Handler                            0x00000283   Thumb Code     0  startup.o(RESET)
    USB0_Handler                             0x00000283   Thumb Code     0  startup.o(RESET)
    WDT_Handler                              0x00000283   Thumb Code     0  startup.o(RESET)
    WideTimer0A_Handler                      0x00000283   Thumb Code     0  startup.o(RESET)
    WideTimer0B_Handler                      0x00000283   Thumb Code     0  startup.o(RESET)
    WideTimer1A_Handler                      0x00000283   Thumb Code     0  startup.o(RESET)
    WideTimer1B_Handler                      0x00000283   Thumb Code     0  startup.o(RESET)
    WideTimer2A_Handler                      0x00000283   Thumb Code     0  startup.o(RESET)
    WideTimer2B_Handler                      0x00000283   Thumb Code     0  startup.o(RESET)
    WideTimer3A_Handler                      0x00000283   Thumb Code     0  startup.o(RESET)
    WideTimer3B_Handler                      0x00000283   Thumb Code     0  startup.o(RESET)
    WideTimer4A_Handler                      0x00000283   Thumb Code     0  startup.o(RESET)
    WideTimer4B_Handler                      0x00000283   Thumb Code     0  startup.o(RESET)
    WideTimer5A_Handler                      0x00000283   Thumb Code     0  startup.o(RESET)
    WideTimer5B_Handler                      0x00000283   Thumb Code     0  startup.o(RESET)
    uDMA_Error                               0x00000283   Thumb Code     0  startup.o(RESET)
    uDMA_Handler                             0x00000283   Thumb Code     0  startup.o(RESET)
    __main                                   0x00000285   Thumb Code     0  entry.o(.ARM.Collect$$$$00000000)
    _main_stk                                0x00000285   Thumb Code     0  entry2.o(.ARM.Collect$$$$00000001)
    _main_scatterload                        0x00000289   Thumb Code     0  entry5.o(.ARM.Collect$$$$00000004)
    __main_after_scatterload                 0x0000028d   Thumb Code     0  entry5.o(.ARM.Collect$$$$00000004)
    _main_clock                              0x0000028d   Thumb Code     0  entry7b.o(.ARM.Collect$$$$00000008)
    _main_cpp_init                           0x0000028d   Thumb Code     0  entry8b.o(.ARM.Collect$$$$0000000A)
    _main_init                               0x0000028d   Thumb Code     0  entry9a.o(.ARM.Collect$$$$0000000B)
    __rt_final_cpp                           0x00000295   Thumb Code     0  entry10a.o(.ARM.Collect$$$$0000000D)
    __rt_final_exit                          0x00000295   Thumb Code     0  entry11a.o(.ARM.Collect$$$$0000000F)
    Delay                                    0x00000299   Thumb Code     6  st7735.o(.emb_text)
    DisableInterrupts                        0x000002a1   Thumb Code     0  startup.o(.text)
    EnableInterrupts                         0x000002a5   Thumb Code     0  startup.o(.text)
    StartCritical                            0x000002a9   Thumb Code     0  startup.o(.text)
    EndCritical                              0x000002b1   Thumb Code     0  startup.o(.text)
    WaitForInterrupt                         0x000002b7   Thumb Code     0  startup.o(.text)
    __aeabi_llsr                             0x000002bd   Thumb Code    32  llushr.o(.text)
    _ll_ushift_r                             0x000002bd   Thumb Code     0  llushr.o(.text)
    rand                                     0x000002dd   Thumb Code    20  rand.o(.text)
    srand                                    0x000002f1   Thumb Code     6  rand.o(.text)
    __aeabi_memcpy                           0x00000301   Thumb Code    36  memcpya.o(.text)
    __aeabi_memcpy4                          0x00000301   Thumb Code     0  memcpya.o(.text)
    __aeabi_memcpy8                          0x00000301   Thumb Code     0  memcpya.o(.text)
    strcmp                                   0x00000325   Thumb Code    28  strcmp.o(.text)
    atoi                                     0x00000341   Thumb Code    26  atoi.o(.text)
    __aeabi_uidiv                            0x0000035b   Thumb Code     0  uidiv.o(.text)
    __aeabi_uidivmod                         0x0000035b   Thumb Code    44  uidiv.o(.text)
    strtol                                   0x00000387   Thumb Code   112  strtol.o(.text)
    __scatterload                            0x000003f9   Thumb Code    28  init.o(.text)
    __scatterload_rt2                        0x000003f9   Thumb Code     0  init.o(.text)
    __rt_ctype_table                         0x0000041d   Thumb Code     4  ctype_o.o(.text)
    _strtoul                                 0x00000425   Thumb Code   158  _strtoul.o(.text)
    _chval                                   0x000004c3   Thumb Code    28  _chval.o(.text)
    __decompress                             0x000004df   Thumb Code     0  __dczerorl2.o(.text)
    __decompress1                            0x000004df   Thumb Code    92  __dczerorl2.o(.text)
    ActiveState_downPressed                  0x0000053d   Thumb Code    26  activestate.o(i.ActiveState_downPressed)
    ActiveState_drawInitial                  0x0000055d   Thumb Code    26  activestate.o(i.ActiveState_drawInitial)
    ActiveState_get                          0x0000057d   Thumb Code     6  activestate.o(i.ActiveState_get)
    ActiveState_leftPressed                  0x00000589   Thumb Code    26  activestate.o(i.ActiveState_leftPressed)
    ActiveState_playSound                    0x000005a9   Thumb Code    26  activestate.o(i.ActiveState_playSound)
    ActiveState_rightPressed                 0x000005c9   Thumb Code    26  activestate.o(i.ActiveState_rightPressed)
    ActiveState_set                          0x000005e9   Thumb Code    34  activestate.o(i.ActiveState_set)
    ActiveState_startPressed                 0x00000615   Thumb Code    20  activestate.o(i.ActiveState_startPressed)
    ActiveState_upPressed                    0x0000062d   Thumb Code    26  activestate.o(i.ActiveState_upPressed)
    ActiveState_updateState                  0x0000064d   Thumb Code    26  activestate.o(i.ActiveState_updateState)
    ButtonManager_Init                       0x0000066d   Thumb Code    12  buttonmanager.o(i.ButtonManager_Init)
    CS_Init                                  0x00000679   Thumb Code   148  diskio.o(i.CS_Init)
    CheckDebounce                            0x00000725   Thumb Code    62  buttonmanager.o(i.CheckDebounce)
    DAC_Init                                 0x00000765   Thumb Code   136  max5353.o(i.DAC_Init)
    DAC_Out                                  0x00000809   Thumb Code    18  max5353.o(i.DAC_Out)
    DC_Init                                  0x00000821   Thumb Code   126  st7735.o(i.DC_Init)
    Delay1ms                                 0x000008b1   Thumb Code    22  st7735.o(i.Delay1ms)
    FrequencyTimer_Init                      0x000008c9   Thumb Code   104  frequencytimer.o(i.FrequencyTimer_Init)
    GPIOPortD_Handler                        0x00000941   Thumb Code    76  buttonmanager.o(i.GPIOPortD_Handler)
    GPIOPortE_Handler                        0x00000995   Thumb Code    84  buttonmanager.o(i.GPIOPortE_Handler)
    GameEngine_Init                          0x000009f1   Thumb Code    10  gameengine.o(i.GameEngine_Init)
    GameEngine_downPressed                   0x000009fb   Thumb Code    10  gameengine.o(i.GameEngine_downPressed)
    GameEngine_drawInitial                   0x00000a05   Thumb Code     8  gameengine.o(i.GameEngine_drawInitial)
    GameEngine_ghostUpdateMotion             0x00000a0d   Thumb Code    68  gameengine.o(i.GameEngine_ghostUpdateMotion)
    GameEngine_ghostUpdatePosition           0x00000a51   Thumb Code   120  gameengine.o(i.GameEngine_ghostUpdatePosition)
    GameEngine_leftPressed                   0x00000acd   Thumb Code    10  gameengine.o(i.GameEngine_leftPressed)
    GameEngine_pacmanUpdateMotion            0x00000ad7   Thumb Code     6  gameengine.o(i.GameEngine_pacmanUpdateMotion)
    GameEngine_pacmanUpdatePosition          0x00000add   Thumb Code   136  gameengine.o(i.GameEngine_pacmanUpdatePosition)
    GameEngine_playSound                     0x00000b6d   Thumb Code    88  gameengine.o(i.GameEngine_playSound)
    GameEngine_rightPressed                  0x00000bf1   Thumb Code    10  gameengine.o(i.GameEngine_rightPressed)
    GameEngine_startPressed                  0x00000bfd   Thumb Code    10  gameengine.o(i.GameEngine_startPressed)
    GameEngine_upPressed                     0x00000c0d   Thumb Code    10  gameengine.o(i.GameEngine_upPressed)
    GameEngine_updatePositionCommon          0x00000c19   Thumb Code   222  gameengine.o(i.GameEngine_updatePositionCommon)
    GameEngine_updateState                   0x00000d01   Thumb Code    88  gameengine.o(i.GameEngine_updateState)
    GraphicsEngine_drawBoard                 0x00000d61   Thumb Code   250  graphicsengine.o(i.GraphicsEngine_drawBoard)
    GraphicsEngine_drawCursor                0x00000e61   Thumb Code    48  graphicsengine.o(i.GraphicsEngine_drawCursor)
    GraphicsEngine_drawInitBoard             0x00000e99   Thumb Code   222  graphicsengine.o(i.GraphicsEngine_drawInitBoard)
    GraphicsEngine_drawScore                 0x00000f81   Thumb Code    26  graphicsengine.o(i.GraphicsEngine_drawScore)
    GraphicsEngine_drawTitle                 0x00000fa9   Thumb Code    48  graphicsengine.o(i.GraphicsEngine_drawTitle)
    Heartbeat_Init                           0x00000ff1   Thumb Code   156  heartbeat.o(i.Heartbeat_Init)
    Heartbeat_blink                          0x000010a5   Thumb Code    14  heartbeat.o(i.Heartbeat_blink)
    Output_Init                              0x000010b9   Thumb Code    16  st7735.o(i.Output_Init)
    PLL_Init                                 0x000010c9   Thumb Code   118  pll.o(i.PLL_Init)
    PauseState_drawInitial                   0x00001145   Thumb Code     2  pausestate.o(i.PauseState_drawInitial)
    PauseState_playSound                     0x00001149   Thumb Code    14  pausestate.o(i.PauseState_playSound)
    PauseState_startPressed                  0x0000115d   Thumb Code    18  pausestate.o(i.PauseState_startPressed)
    PortD_Init                               0x00001175   Thumb Code   226  buttonmanager.o(i.PortD_Init)
    PortE_Init                               0x0000126d   Thumb Code   226  buttonmanager.o(i.PortE_Init)
    SSI2_Init                                0x00001365   Thumb Code   288  diskio.o(i.SSI2_Init)
    ST7735_DrawBitmap                        0x000014b1   Thumb Code   280  st7735.o(i.ST7735_DrawBitmap)
    ST7735_DrawCharS                         0x000015d1   Thumb Code   232  st7735.o(i.ST7735_DrawCharS)
    ST7735_DrawPixel                         0x000016c5   Thumb Code    64  st7735.o(i.ST7735_DrawPixel)
    ST7735_DrawString                        0x0000170d   Thumb Code    86  st7735.o(i.ST7735_DrawString)
    ST7735_FillRect                          0x00001765   Thumb Code   164  st7735.o(i.ST7735_FillRect)
    ST7735_FillScreen                        0x00001811   Thumb Code    28  st7735.o(i.ST7735_FillScreen)
    ST7735_InitR                             0x00001835   Thumb Code    90  st7735.o(i.ST7735_InitR)
    ST7735_OutChar                           0x000018b1   Thumb Code   176  st7735.o(i.ST7735_OutChar)
    ST7735_SetCursor                         0x00001985   Thumb Code    22  st7735.o(i.ST7735_SetCursor)
    ScoreEngine_displayFinalScore            0x000019a5   Thumb Code    42  scoreengine.o(i.ScoreEngine_displayFinalScore)
    ScoreEngine_displayScores                0x000019f1   Thumb Code   302  scoreengine.o(i.ScoreEngine_displayScores)
    ScoreEngine_getScore                     0x00001b4d   Thumb Code     6  scoreengine.o(i.ScoreEngine_getScore)
    ScoreEngine_init                         0x00001b59   Thumb Code     8  scoreengine.o(i.ScoreEngine_init)
    ScoreEngine_startPressed                 0x00001b65   Thumb Code    10  scoreengine.o(i.ScoreEngine_startPressed)
    ScoreEngine_update                       0x00001b75   Thumb Code    70  scoreengine.o(i.ScoreEngine_update)
    StartState_downPressed                   0x00001bc1   Thumb Code    14  startstate.o(i.StartState_downPressed)
    StartState_drawInitial                   0x00001bd5   Thumb Code    16  startstate.o(i.StartState_drawInitial)
    StartState_playSound                     0x00001be9   Thumb Code    48  startstate.o(i.StartState_playSound)
    StartState_startPressed                  0x00001c35   Thumb Code    36  startstate.o(i.StartState_startPressed)
    StartState_upPressed                     0x00001c69   Thumb Code    14  startstate.o(i.StartState_upPressed)
    StartState_updateState                   0x00001c7d   Thumb Code    18  startstate.o(i.StartState_updateState)
    StopState_playSound                      0x00001c99   Thumb Code    48  stopstate.o(i.StopState_playSound)
    StopState_startPressed                   0x00001ce1   Thumb Code    22  stopstate.o(i.StopState_startPressed)
    StopState_updateState                    0x00001d01   Thumb Code    82  stopstate.o(i.StopState_updateState)
    SysTick_Init                             0x00001d69   Thumb Code    24  systick.o(i.SysTick_Init)
    SysTick_Wait                             0x00001d81   Thumb Code    32  systick.o(i.SysTick_Wait)
    SysTick_Wait10ms                         0x00001da1   Thumb Code    22  systick.o(i.SysTick_Wait10ms)
    TIMER1_Init                              0x00001dbd   Thumb Code   126  heartbeat.o(i.TIMER1_Init)
    Timer0A_Handler                          0x00001e51   Thumb Code    14  frequencytimer.o(i.Timer0A_Handler)
    Timer1A_Handler                          0x00001e65   Thumb Code    50  heartbeat.o(i.Timer1A_Handler)
    Timer2A_Handler                          0x00001ea5   Thumb Code    16  timer2a.o(i.Timer2A_Handler)
    Timer2A_Init                             0x00001ebd   Thumb Code    96  timer2a.o(i.Timer2A_Init)
    Timer5A_Handler                          0x00001f31   Thumb Code    14  diskio.o(i.Timer5A_Handler)
    Timer5_Init                              0x00001f45   Thumb Code    84  diskio.o(i.Timer5_Init)
    __0printf$3                              0x00001fb1   Thumb Code    22  printf3.o(i.__0printf$3)
    __1printf$3                              0x00001fb1   Thumb Code     0  printf3.o(i.__0printf$3)
    __2printf                                0x00001fb1   Thumb Code     0  printf3.o(i.__0printf$3)
    __aeabi_errno_addr                       0x00001fd1   Thumb Code     4  errno.o(i.__aeabi_errno_addr)
    __rt_errno_addr                          0x00001fd1   Thumb Code     0  errno.o(i.__aeabi_errno_addr)
    __scatterload_copy                       0x00001fd9   Thumb Code    14  handlers.o(i.__scatterload_copy)
    __scatterload_null                       0x00001fe7   Thumb Code     2  handlers.o(i.__scatterload_null)
    __scatterload_zeroinit                   0x00001fe9   Thumb Code    14  handlers.o(i.__scatterload_zeroinit)
    bigDotEaten                              0x000021b1   Thumb Code    38  gameengine.o(i.bigDotEaten)
    clust2sect                               0x00002285   Thumb Code    26  ff.o(i.clust2sect)
    collideWithGhost                         0x0000229f   Thumb Code    30  gameengine.o(i.collideWithGhost)
    die                                      0x00002801   Thumb Code    10  gameengine.o(i.die)
    disk_initialize                          0x00002ab1   Thumb Code   330  diskio.o(i.disk_initialize)
    disk_ioctl                               0x00002c0d   Thumb Code   544  diskio.o(i.disk_ioctl)
    disk_read                                0x00002e35   Thumb Code   136  diskio.o(i.disk_read)
    disk_status                              0x00002ec5   Thumb Code    14  diskio.o(i.disk_status)
    disk_timerproc                           0x00002ed9   Thumb Code    52  diskio.o(i.disk_timerproc)
    disk_write                               0x00002f19   Thumb Code   170  diskio.o(i.disk_write)
    drawBigDot                               0x00002fcd   Thumb Code    46  graphicsengine.o(i.drawBigDot)
    drawCommon                               0x00002ffb   Thumb Code    24  graphicsengine.o(i.drawCommon)
    drawDot                                  0x00003013   Thumb Code    38  graphicsengine.o(i.drawDot)
    drawSprite                               0x00003039   Thumb Code   452  graphicsengine.o(i.drawSprite)
    drawWall                                 0x00003209   Thumb Code    46  graphicsengine.o(i.drawWall)
    eatGhost                                 0x00003239   Thumb Code    42  gameengine.o(i.eatGhost)
    f_close                                  0x00003269   Thumb Code    32  ff.o(i.f_close)
    f_mount                                  0x00003289   Thumb Code    86  ff.o(i.f_mount)
    f_open                                   0x000032e5   Thumb Code   348  ff.o(i.f_open)
    f_read                                   0x00003445   Thumb Code   414  ff.o(i.f_read)
    f_sync                                   0x000035e5   Thumb Code   170  ff.o(i.f_sync)
    fputc                                    0x00003ad1   Thumb Code    16  st7735.o(i.fputc)
    get_fat                                  0x00003ae1   Thumb Code   242  ff.o(i.get_fat)
    handler                                  0x00003c1d   Thumb Code   300  wavreader.o(i.handler)
    ind_to_pix                               0x00003d6d   Thumb Code    24  graphicsengine.o(i.ind_to_pix)
    isValidDirection                         0x00003db1   Thumb Code    86  gameengine.o(i.isValidDirection)
    load_more                                0x00003e31   Thumb Code   156  wavreader.o(i.load_more)
    main                                     0x00003f11   Thumb Code    94  sdctestmain.o(i.main)
    music_init                               0x00004005   Thumb Code    24  wavreader.o(i.music_init)
    music_play                               0x00004029   Thumb Code   632  wavreader.o(i.music_play)
    music_stop                               0x00004351   Thumb Code    42  wavreader.o(i.music_stop)
    put_fat                                  0x000043af   Thumb Code   326  ff.o(i.put_fat)
    scheduleIfValidDirection                 0x000045ed   Thumb Code    20  gameengine.o(i.scheduleIfValidDirection)
    swapCursor                               0x00004759   Thumb Code    20  startstate.o(i.swapCursor)
    dBfs                                     0x0000506e   Data         512  st7735.o(.constdata)
    pacman_r                                 0x0000526e   Data          50  graphicsengine.o(.constdata)
    pacman_l                                 0x000052a0   Data          50  graphicsengine.o(.constdata)
    pacman_d                                 0x000052d2   Data          50  graphicsengine.o(.constdata)
    pacman_u                                 0x00005304   Data          50  graphicsengine.o(.constdata)
    pacman_c                                 0x00005336   Data          50  graphicsengine.o(.constdata)
    apple                                    0x00005368   Data          50  graphicsengine.o(.constdata)
    cherry                                   0x0000539a   Data          50  graphicsengine.o(.constdata)
    blue_ghost                               0x000053cc   Data          40  graphicsengine.o(.constdata)
    orange_ghost                             0x000053f4   Data          40  graphicsengine.o(.constdata)
    light_blue_ghost                         0x0000541c   Data          40  graphicsengine.o(.constdata)
    purple_ghost                             0x00005444   Data          40  graphicsengine.o(.constdata)
    r_ghost                                  0x0000546c   Data          40  graphicsengine.o(.constdata)
    ghost_eyes                               0x00005494   Data          40  graphicsengine.o(.constdata)
    pacman_title                             0x000054bc   Data        4352  graphicsengine.o(.constdata)
    init_board                               0x000065bc   Data         418  graphicsengine.o(.constdata)
    pacman_death_1                           0x0000675e   Data          50  stopstate.o(.constdata)
    pacman_death_2                           0x00006790   Data          50  stopstate.o(.constdata)
    pacman_death_3                           0x000067c2   Data          50  stopstate.o(.constdata)
    pacman_death_4                           0x000067f4   Data          50  stopstate.o(.constdata)
    pacman_death_5                           0x00006826   Data          50  stopstate.o(.constdata)
    pacman_death_6                           0x00006858   Data          50  stopstate.o(.constdata)
    pacman_death_7                           0x0000688a   Data          50  stopstate.o(.constdata)
    __ctype_table                            0x0000690c   Data         129  ctype_o.o(.constdata)
    Region$$Table$$Base                      0x00006994   Number         0  anon$$obj.o(Region$$Table)
    Region$$Table$$Limit                     0x000069b4   Number         0  anon$$obj.o(Region$$Table)
    updateStateSemaphore                     0x20000000   Data           1  heartbeat.o(.data)
    Heartbeat_count                          0x20000001   Data           1  heartbeat.o(.data)
    StX                                      0x20000004   Data           4  st7735.o(.data)
    StY                                      0x20000008   Data           4  st7735.o(.data)
    StTextColor                              0x2000000c   Data           2  st7735.o(.data)
    lastj                                    0x20000014   Data           4  st7735.o(.data)
    Messageindex                             0x2000001c   Data           4  st7735.o(.data)
    Ymax                                     0x20000020   Data           4  st7735.o(.data)
    Ymin                                     0x20000024   Data           4  st7735.o(.data)
    X                                        0x20000028   Data           4  st7735.o(.data)
    Yrange                                   0x2000002c   Data           4  st7735.o(.data)
    InGame                                   0x20000030   Data          32  gameengine.o(.data)
    directions                               0x20000050   Data           8  gameengine.o(.data)
    ghosts_vulnerable                        0x20000058   Data           1  gameengine.o(.data)
    wakaing                                  0x20000059   Data           1  gameengine.o(.data)
    eat_ghost                                0x2000005a   Data           1  gameengine.o(.data)
    needInitialDraw                          0x20000074   Data           1  activestate.o(.data)
    activeState                              0x20000078   Data           4  activestate.o(.data)
    Paused                                   0x2000007c   Data          32  pausestate.o(.data)
    board                                    0x2000009c   Data         418  graphicsengine.o(.data)
    p                                        0x20000240   Data          56  graphicsengine.o(.data)
    rg                                       0x20000278   Data          56  graphicsengine.o(.data)
    bg                                       0x200002b0   Data          56  graphicsengine.o(.data)
    og                                       0x200002e8   Data          56  graphicsengine.o(.data)
    pg                                       0x20000320   Data          56  graphicsengine.o(.data)
    sprites                                  0x20000358   Data          20  graphicsengine.o(.data)
    cursorLocation                           0x2000036c   Data           1  startstate.o(.data)
    needRedraw                               0x2000036d   Data           1  startstate.o(.data)
    playing                                  0x2000036e   Data           1  startstate.o(.data)
    Start                                    0x20000370   Data          32  startstate.o(.data)
    die_play                                 0x20000390   Data           1  stopstate.o(.data)
    die_done                                 0x20000391   Data           1  stopstate.o(.data)
    bmps                                     0x20000394   Data          28  stopstate.o(.data)
    death_step                               0x200003b0   Data           1  stopstate.o(.data)
    Stop                                     0x200003b4   Data          32  stopstate.o(.data)
    see_scores                               0x200003d4   Data           1  stopstate.o(.data)
    data_start                               0x200003d8   Data           4  wavreader.o(.data)
    debug                                    0x200003dc   Data           1  wavreader.o(.data)
    MountFresult                             0x200003dd   Data           1  wavreader.o(.data)
    Fresult                                  0x200003de   Data           1  wavreader.o(.data)
    chunkid                                  0x200003e0   Data           4  wavreader.o(.data)
    formatsize                               0x200003e4   Data           4  wavreader.o(.data)
    format                                   0x200003e8   Data           2  wavreader.o(.data)
    channels                                 0x200003ea   Data           2  wavreader.o(.data)
    channelcount                             0x200003ec   Data           4  wavreader.o(.data)
    samplerate                               0x200003f0   Data           4  wavreader.o(.data)
    bitspersecond                            0x200003f4   Data           4  wavreader.o(.data)
    formatblockalign                         0x200003f8   Data           2  wavreader.o(.data)
    bitdepth                                 0x200003fa   Data           2  wavreader.o(.data)
    headerid                                 0x200003fc   Data           4  wavreader.o(.data)
    memsize                                  0x20000400   Data           4  wavreader.o(.data)
    riffstyle                                0x20000404   Data           4  wavreader.o(.data)
    datasize                                 0x20000408   Data           4  wavreader.o(.data)
    successfulreads                          0x2000040c   Data           4  wavreader.o(.data)
    successfulwrites                         0x20000410   Data           4  wavreader.o(.data)
    index                                    0x20000414   Data           4  wavreader.o(.data)
    sampleNum                                0x20000418   Data           4  wavreader.o(.data)
    needMore                                 0x2000041c   Data           1  wavreader.o(.data)
    whichBuffer                              0x2000041d   Data           1  wavreader.o(.data)
    current_song                             0x20000420   Data           4  wavreader.o(.data)
    looped                                   0x20000424   Data           1  wavreader.o(.data)
    start_play                               0x20000425   Data           1  wavreader.o(.data)
    song_playing                             0x20000426   Data           1  wavreader.o(.data)
    TimerTask                                0x20000428   Data           4  timer2a.o(.data)
    found_score                              0x2000042c   Data           1  scoreengine.o(.data)
    TopScores                                0x20000430   Data          32  scoreengine.o(.data)
    score                                    0x20000450   Data           4  scoreengine.o(.data)
    reads                                    0x20000454   Data           4  scoreengine.o(.data)
    writes                                   0x20000458   Data           4  scoreengine.o(.data)
    __stdout                                 0x20000460   Data           4  stdout.o(.data)
    Handle                                   0x2000069c   Data         548  wavreader.o(.bss)
    Handle2                                  0x200008c0   Data         548  wavreader.o(.bss)
    buffer                                   0x20000ae4   Data         512  wavreader.o(.bss)
    secondbuffer                             0x20000ce4   Data         512  wavreader.o(.bss)
    __initial_sp                             0x200012e8   Data           0  startup.o(STACK)



==============================================================================

Memory Map of the image

  Image Entry point : 0x0000026d

  Load Region LR_1 (Base: 0x00000000, Size: 0x00006e1c, Max: 0xffffffff, ABSOLUTE, COMPRESSED[0x00006af0])

    Execution Region ER_RO (Base: 0x00000000, Size: 0x000069b4, Max: 0xffffffff, ABSOLUTE)

    Base Addr    Size         Type   Attr      Idx    E Section Name        Object

    0x00000000   0x00000284   Code   RO            3  * RESET               startup.o
    0x00000284   0x00000000   Code   RO         1561  * .ARM.Collect$$$$00000000  mc_w.l(entry.o)
    0x00000284   0x00000004   Code   RO         1838    .ARM.Collect$$$$00000001  mc_w.l(entry2.o)
    0x00000288   0x00000004   Code   RO         1841    .ARM.Collect$$$$00000004  mc_w.l(entry5.o)
    0x0000028c   0x00000000   Code   RO         1843    .ARM.Collect$$$$00000008  mc_w.l(entry7b.o)
    0x0000028c   0x00000000   Code   RO         1845    .ARM.Collect$$$$0000000A  mc_w.l(entry8b.o)
    0x0000028c   0x00000008   Code   RO         1846    .ARM.Collect$$$$0000000B  mc_w.l(entry9a.o)
    0x00000294   0x00000000   Code   RO         1848    .ARM.Collect$$$$0000000D  mc_w.l(entry10a.o)
    0x00000294   0x00000000   Code   RO         1850    .ARM.Collect$$$$0000000F  mc_w.l(entry11a.o)
    0x00000294   0x00000004   Code   RO         1839    .ARM.Collect$$$$00002712  mc_w.l(entry2.o)
    0x00000298   0x00000006   Code   RO          226    .emb_text           st7735.o
    0x0000029e   0x00000002   PAD
    0x000002a0   0x0000001c   Code   RO            4    .text               startup.o
    0x000002bc   0x00000020   Code   RO         1564    .text               mc_w.l(llushr.o)
    0x000002dc   0x00000024   Code   RO         1566    .text               mc_w.l(rand.o)
    0x00000300   0x00000024   Code   RO         1569    .text               mc_w.l(memcpya.o)
    0x00000324   0x0000001c   Code   RO         1571    .text               mc_w.l(strcmp.o)
    0x00000340   0x0000001a   Code   RO         1836    .text               mc_w.l(atoi.o)
    0x0000035a   0x0000002c   Code   RO         1853    .text               mc_w.l(uidiv.o)
    0x00000386   0x00000070   Code   RO         1864    .text               mc_w.l(strtol.o)
    0x000003f6   0x00000002   PAD
    0x000003f8   0x00000024   Code   RO         1877    .text               mc_w.l(init.o)
    0x0000041c   0x00000008   Code   RO         1883    .text               mc_w.l(ctype_o.o)
    0x00000424   0x0000009e   Code   RO         1911    .text               mc_w.l(_strtoul.o)
    0x000004c2   0x0000001c   Code   RO         1915    .text               mc_w.l(_chval.o)
    0x000004de   0x0000005c   Code   RO         1925    .text               mc_w.l(__dczerorl2.o)
    0x0000053a   0x00000002   PAD
    0x0000053c   0x00000020   Code   RO         1125    i.ActiveState_downPressed  activestate.o
    0x0000055c   0x00000020   Code   RO         1126    i.ActiveState_drawInitial  activestate.o
    0x0000057c   0x0000000c   Code   RO         1127    i.ActiveState_get   activestate.o
    0x00000588   0x00000020   Code   RO         1128    i.ActiveState_leftPressed  activestate.o
    0x000005a8   0x00000020   Code   RO         1129    i.ActiveState_playSound  activestate.o
    0x000005c8   0x00000020   Code   RO         1130    i.ActiveState_rightPressed  activestate.o
    0x000005e8   0x0000002c   Code   RO         1131    i.ActiveState_set   activestate.o
    0x00000614   0x00000018   Code   RO         1132    i.ActiveState_startPressed  activestate.o
    0x0000062c   0x00000020   Code   RO         1133    i.ActiveState_upPressed  activestate.o
    0x0000064c   0x00000020   Code   RO         1134    i.ActiveState_updateState  activestate.o
    0x0000066c   0x0000000c   Code   RO          159    i.ButtonManager_Init  buttonmanager.o
    0x00000678   0x000000ac   Code   RO          709    i.CS_Init           diskio.o
    0x00000724   0x0000003e   Code   RO          160    i.CheckDebounce     buttonmanager.o
    0x00000762   0x00000002   PAD
    0x00000764   0x000000a4   Code   RO          652    i.DAC_Init          max5353.o
    0x00000808   0x00000018   Code   RO          653    i.DAC_Out           max5353.o
    0x00000820   0x00000090   Code   RO          227    i.DC_Init           st7735.o
    0x000008b0   0x00000016   Code   RO          228    i.Delay1ms          st7735.o
    0x000008c6   0x00000002   PAD
    0x000008c8   0x00000078   Code   RO          676    i.FrequencyTimer_Init  frequencytimer.o
    0x00000940   0x00000054   Code   RO          161    i.GPIOPortD_Handler  buttonmanager.o
    0x00000994   0x0000005c   Code   RO          162    i.GPIOPortE_Handler  buttonmanager.o
    0x000009f0   0x0000000a   Code   RO          505    i.GameEngine_Init   gameengine.o
    0x000009fa   0x0000000a   Code   RO          506    i.GameEngine_downPressed  gameengine.o
    0x00000a04   0x00000008   Code   RO          507    i.GameEngine_drawInitial  gameengine.o
    0x00000a0c   0x00000044   Code   RO          508    i.GameEngine_ghostUpdateMotion  gameengine.o
    0x00000a50   0x0000007c   Code   RO          509    i.GameEngine_ghostUpdatePosition  gameengine.o
    0x00000acc   0x0000000a   Code   RO          510    i.GameEngine_leftPressed  gameengine.o
    0x00000ad6   0x00000006   Code   RO          511    i.GameEngine_pacmanUpdateMotion  gameengine.o
    0x00000adc   0x00000090   Code   RO          512    i.GameEngine_pacmanUpdatePosition  gameengine.o
    0x00000b6c   0x00000084   Code   RO          513    i.GameEngine_playSound  gameengine.o
    0x00000bf0   0x0000000a   Code   RO          514    i.GameEngine_rightPressed  gameengine.o
    0x00000bfa   0x00000002   PAD
    0x00000bfc   0x00000010   Code   RO          515    i.GameEngine_startPressed  gameengine.o
    0x00000c0c   0x0000000a   Code   RO          516    i.GameEngine_upPressed  gameengine.o
    0x00000c16   0x00000002   PAD
    0x00000c18   0x000000e8   Code   RO          517    i.GameEngine_updatePositionCommon  gameengine.o
    0x00000d00   0x00000060   Code   RO          518    i.GameEngine_updateState  gameengine.o
    0x00000d60   0x00000100   Code   RO         1227    i.GraphicsEngine_drawBoard  graphicsengine.o
    0x00000e60   0x00000038   Code   RO         1228    i.GraphicsEngine_drawCursor  graphicsengine.o
    0x00000e98   0x000000e8   Code   RO         1229    i.GraphicsEngine_drawInitBoard  graphicsengine.o
    0x00000f80   0x00000028   Code   RO         1230    i.GraphicsEngine_drawScore  graphicsengine.o
    0x00000fa8   0x00000048   Code   RO         1231    i.GraphicsEngine_drawTitle  graphicsengine.o
    0x00000ff0   0x000000b4   Code   RO          123    i.Heartbeat_Init    heartbeat.o
    0x000010a4   0x00000014   Code   RO          124    i.Heartbeat_blink   heartbeat.o
    0x000010b8   0x00000010   Code   RO          231    i.Output_Init       st7735.o
    0x000010c8   0x0000007c   Code   RO          111    i.PLL_Init          pll.o
    0x00001144   0x00000002   Code   RO         1197    i.PauseState_drawInitial  pausestate.o
    0x00001146   0x00000002   PAD
    0x00001148   0x00000014   Code   RO         1198    i.PauseState_playSound  pausestate.o
    0x0000115c   0x00000018   Code   RO         1199    i.PauseState_startPressed  pausestate.o
    0x00001174   0x000000f8   Code   RO          163    i.PortD_Init        buttonmanager.o
    0x0000126c   0x000000f8   Code   RO          164    i.PortE_Init        buttonmanager.o
    0x00001364   0x0000014c   Code   RO          710    i.SSI2_Init         diskio.o
    0x000014b0   0x00000120   Code   RO          235    i.ST7735_DrawBitmap  st7735.o
    0x000015d0   0x000000f4   Code   RO          237    i.ST7735_DrawCharS  st7735.o
    0x000016c4   0x00000048   Code   RO          240    i.ST7735_DrawPixel  st7735.o
    0x0000170c   0x00000056   Code   RO          241    i.ST7735_DrawString  st7735.o
    0x00001762   0x00000002   PAD
    0x00001764   0x000000ac   Code   RO          242    i.ST7735_FillRect   st7735.o
    0x00001810   0x00000024   Code   RO          243    i.ST7735_FillScreen  st7735.o
    0x00001834   0x0000007c   Code   RO          245    i.ST7735_InitR      st7735.o
    0x000018b0   0x000000d4   Code   RO          247    i.ST7735_OutChar    st7735.o
    0x00001984   0x00000020   Code   RO          258    i.ST7735_SetCursor  st7735.o
    0x000019a4   0x0000004c   Code   RO         1505    i.ScoreEngine_displayFinalScore  scoreengine.o
    0x000019f0   0x0000015c   Code   RO         1506    i.ScoreEngine_displayScores  scoreengine.o
    0x00001b4c   0x0000000c   Code   RO         1507    i.ScoreEngine_getScore  scoreengine.o
    0x00001b58   0x0000000c   Code   RO         1508    i.ScoreEngine_init  scoreengine.o
    0x00001b64   0x00000010   Code   RO         1509    i.ScoreEngine_startPressed  scoreengine.o
    0x00001b74   0x0000004c   Code   RO         1510    i.ScoreEngine_update  scoreengine.o
    0x00001bc0   0x00000014   Code   RO         1307    i.StartState_downPressed  startstate.o
    0x00001bd4   0x00000014   Code   RO         1308    i.StartState_drawInitial  startstate.o
    0x00001be8   0x0000004c   Code   RO         1309    i.StartState_playSound  startstate.o
    0x00001c34   0x00000034   Code   RO         1310    i.StartState_startPressed  startstate.o
    0x00001c68   0x00000014   Code   RO         1311    i.StartState_upPressed  startstate.o
    0x00001c7c   0x0000001c   Code   RO         1312    i.StartState_updateState  startstate.o
    0x00001c98   0x00000048   Code   RO         1385    i.StopState_playSound  stopstate.o
    0x00001ce0   0x00000020   Code   RO         1386    i.StopState_startPressed  stopstate.o
    0x00001d00   0x00000068   Code   RO         1387    i.StopState_updateState  stopstate.o
    0x00001d68   0x00000018   Code   RO          202    i.SysTick_Init      systick.o
    0x00001d80   0x00000020   Code   RO          203    i.SysTick_Wait      systick.o
    0x00001da0   0x0000001c   Code   RO          204    i.SysTick_Wait10ms  systick.o
    0x00001dbc   0x00000094   Code   RO          125    i.TIMER1_Init       heartbeat.o
    0x00001e50   0x00000014   Code   RO          679    i.Timer0A_Handler   frequencytimer.o
    0x00001e64   0x00000040   Code   RO          126    i.Timer1A_Handler   heartbeat.o
    0x00001ea4   0x00000018   Code   RO         1481    i.Timer2A_Handler   timer2a.o
    0x00001ebc   0x00000074   Code   RO         1482    i.Timer2A_Init      timer2a.o
    0x00001f30   0x00000014   Code   RO          711    i.Timer5A_Handler   diskio.o
    0x00001f44   0x0000006c   Code   RO          712    i.Timer5_Init       diskio.o
    0x00001fb0   0x00000020   Code   RO         1664    i.__0printf$3       mc_w.l(printf3.o)
    0x00001fd0   0x00000008   Code   RO         1857    i.__aeabi_errno_addr  mc_w.l(errno.o)
    0x00001fd8   0x0000000e   Code   RO         1919    i.__scatterload_copy  mc_w.l(handlers.o)
    0x00001fe6   0x00000002   Code   RO         1920    i.__scatterload_null  mc_w.l(handlers.o)
    0x00001fe8   0x0000000e   Code   RO         1921    i.__scatterload_zeroinit  mc_w.l(handlers.o)
    0x00001ff6   0x00000002   PAD
    0x00001ff8   0x000001b8   Code   RO         1671    i._printf_core      mc_w.l(printf3.o)
    0x000021b0   0x0000002c   Code   RO          519    i.bigDotEaten       gameengine.o
    0x000021dc   0x00000090   Code   RO          835    i.check_fs          ff.o
    0x0000226c   0x00000018   Code   RO          836    i.chk_chr           ff.o
    0x00002284   0x0000001a   Code   RO          837    i.clust2sect        ff.o
    0x0000229e   0x0000001e   Code   RO          520    i.collideWithGhost  gameengine.o
    0x000022bc   0x00000056   Code   RO          262    i.commandList       st7735.o
    0x00002312   0x00000002   PAD
    0x00002314   0x00000248   Code   RO          263    i.commonInit        st7735.o
    0x0000255c   0x000000d6   Code   RO          838    i.create_chain      ff.o
    0x00002632   0x00000002   PAD
    0x00002634   0x000001b4   Code   RO          839    i.create_name       ff.o
    0x000027e8   0x00000018   Code   RO          713    i.deselect          diskio.o
    0x00002800   0x00000010   Code   RO          521    i.die               gameengine.o
    0x00002810   0x0000005c   Code   RO          840    i.dir_alloc         ff.o
    0x0000286c   0x0000005c   Code   RO          841    i.dir_find          ff.o
    0x000028c8   0x0000010e   Code   RO          842    i.dir_next          ff.o
    0x000029d6   0x0000003a   Code   RO          844    i.dir_register      ff.o
    0x00002a10   0x0000009e   Code   RO          846    i.dir_sdi           ff.o
    0x00002aae   0x00000002   PAD
    0x00002ab0   0x0000015c   Code   RO          714    i.disk_initialize   diskio.o
    0x00002c0c   0x00000228   Code   RO          715    i.disk_ioctl        diskio.o
    0x00002e34   0x00000090   Code   RO          716    i.disk_read         diskio.o
    0x00002ec4   0x00000014   Code   RO          717    i.disk_status       diskio.o
    0x00002ed8   0x00000040   Code   RO          718    i.disk_timerproc    diskio.o
    0x00002f18   0x000000b4   Code   RO          719    i.disk_write        diskio.o
    0x00002fcc   0x0000002e   Code   RO         1232    i.drawBigDot        graphicsengine.o
    0x00002ffa   0x00000018   Code   RO         1233    i.drawCommon        graphicsengine.o
    0x00003012   0x00000026   Code   RO         1234    i.drawDot           graphicsengine.o
    0x00003038   0x000001d0   Code   RO         1235    i.drawSprite        graphicsengine.o
    0x00003208   0x0000002e   Code   RO         1236    i.drawWall          graphicsengine.o
    0x00003236   0x00000002   PAD
    0x00003238   0x00000030   Code   RO          522    i.eatGhost          gameengine.o
    0x00003268   0x00000020   Code   RO          849    i.f_close           ff.o
    0x00003288   0x0000005c   Code   RO          857    i.f_mount           ff.o
    0x000032e4   0x00000160   Code   RO          858    i.f_open            ff.o
    0x00003444   0x0000019e   Code   RO          860    i.f_read            ff.o
    0x000035e2   0x00000002   PAD
    0x000035e4   0x000000b0   Code   RO          865    i.f_sync            ff.o
    0x00003694   0x0000038c   Code   RO          870    i.find_volume       ff.o
    0x00003a20   0x000000b0   Code   RO          871    i.follow_path       ff.o
    0x00003ad0   0x00000010   Code   RO          267    i.fputc             st7735.o
    0x00003ae0   0x000000f2   Code   RO          872    i.get_fat           ff.o
    0x00003bd2   0x0000004a   Code   RO          874    i.get_ldnumber      ff.o
    0x00003c1c   0x00000150   Code   RO         1416    i.handler           wavreader.o
    0x00003d6c   0x00000018   Code   RO         1237    i.ind_to_pix        graphicsengine.o
    0x00003d84   0x0000002c   Code   RO          720    i.init_spi          diskio.o
    0x00003db0   0x00000060   Code   RO          523    i.isValidDirection  gameengine.o
    0x00003e10   0x00000020   Code   RO          875    i.ld_clust          ff.o
    0x00003e30   0x000000e0   Code   RO         1418    i.load_more         wavreader.o
    0x00003f10   0x0000006c   Code   RO           14    i.main              sdctestmain.o
    0x00003f7c   0x00000026   Code   RO          876    i.mem_cmp           ff.o
    0x00003fa2   0x0000001a   Code   RO          877    i.mem_cpy           ff.o
    0x00003fbc   0x00000014   Code   RO          878    i.mem_set           ff.o
    0x00003fd0   0x00000034   Code   RO          879    i.move_window       ff.o
    0x00004004   0x00000024   Code   RO         1419    i.music_init        wavreader.o
    0x00004028   0x00000328   Code   RO         1420    i.music_play        wavreader.o
    0x00004350   0x0000004c   Code   RO         1421    i.music_stop        wavreader.o
    0x0000439c   0x00000012   Code   RO          268    i.pushColor         st7735.o
    0x000043ae   0x00000146   Code   RO          880    i.put_fat           ff.o
    0x000044f4   0x00000048   Code   RO          721    i.rcvr_datablock    diskio.o
    0x0000453c   0x0000002c   Code   RO          722    i.rcvr_spi          diskio.o
    0x00004568   0x00000018   Code   RO          723    i.rcvr_spi_multi    diskio.o
    0x00004580   0x0000006c   Code   RO          881    i.remove_chain      ff.o
    0x000045ec   0x00000018   Code   RO          524    i.scheduleIfValidDirection  gameengine.o
    0x00004604   0x00000038   Code   RO          724    i.select            diskio.o
    0x0000463c   0x00000096   Code   RO          725    i.send_cmd          diskio.o
    0x000046d2   0x00000002   PAD
    0x000046d4   0x00000074   Code   RO          269    i.setAddrWindow     st7735.o
    0x00004748   0x00000010   Code   RO          882    i.st_clust          ff.o
    0x00004758   0x00000018   Code   RO         1313    i.swapCursor        startstate.o
    0x00004770   0x000000c8   Code   RO          883    i.sync_fs           ff.o
    0x00004838   0x00000052   Code   RO          884    i.sync_window       ff.o
    0x0000488a   0x00000036   Code   RO          885    i.validate          ff.o
    0x000048c0   0x00000030   Code   RO          726    i.wait_ready        diskio.o
    0x000048f0   0x00000058   Code   RO          270    i.writecommand      st7735.o
    0x00004948   0x0000005c   Code   RO          271    i.writedata         st7735.o
    0x000049a4   0x00000034   Code   RO          727    i.xchg_spi          diskio.o
    0x000049d8   0x0000004c   Code   RO          728    i.xmit_datablock    diskio.o
    0x00004a24   0x0000002c   Code   RO          729    i.xmit_spi_multi    diskio.o
    0x00004a50   0x0000003c   Data   RO          165    .constdata          buttonmanager.o
    0x00004a8c   0x000007e2   Data   RO          273    .constdata          st7735.o
    0x0000526e   0x000014f0   Data   RO         1238    .constdata          graphicsengine.o
    0x0000675e   0x0000015e   Data   RO         1388    .constdata          stopstate.o
    0x000068bc   0x00000050   Data   RO         1511    .constdata          scoreengine.o
    0x0000690c   0x00000081   Data   RO         1884    .constdata          mc_w.l(ctype_o.o)
    0x0000698d   0x00000003   PAD
    0x00006990   0x00000004   Data   RO         1885    .constdata          mc_w.l(ctype_o.o)
    0x00006994   0x00000020   Data   RO         1917    Region$$Table       anon$$obj.o


    Execution Region ER_RW (Base: 0x20000000, Size: 0x00000468, Max: 0xffffffff, ABSOLUTE, COMPRESSED[0x0000013c])

    Base Addr    Size         Type   Attr      Idx    E Section Name        Object

    0x20000000   0x00000002   Data   RW          127    .data               heartbeat.o
    0x20000002   0x00000002   PAD
    0x20000004   0x0000002c   Data   RW          274    .data               st7735.o
    0x20000030   0x0000002b   Data   RW          525    .data               gameengine.o
    0x2000005b   0x00000001   PAD
    0x2000005c   0x0000000d   Data   RW          730    .data               diskio.o
    0x20000069   0x00000003   PAD
    0x2000006c   0x00000006   Data   RW          887    .data               ff.o
    0x20000072   0x00000002   PAD
    0x20000074   0x00000008   Data   RW         1135    .data               activestate.o
    0x2000007c   0x00000020   Data   RW         1200    .data               pausestate.o
    0x2000009c   0x000002d0   Data   RW         1239    .data               graphicsengine.o
    0x2000036c   0x00000024   Data   RW         1314    .data               startstate.o
    0x20000390   0x00000045   Data   RW         1389    .data               stopstate.o
    0x200003d5   0x00000003   PAD
    0x200003d8   0x0000004f   Data   RW         1423    .data               wavreader.o
    0x20000427   0x00000001   PAD
    0x20000428   0x00000004   Data   RW         1483    .data               timer2a.o
    0x2000042c   0x00000030   Data   RW         1512    .data               scoreengine.o
    0x2000045c   0x00000004   Data   RW         1567    .data               mc_w.l(rand.o)
    0x20000460   0x00000004   Data   RW         1852    .data               mc_w.l(stdout.o)
    0x20000464   0x00000004   Data   RW         1860    .data               mc_w.l(errno.o)


    Execution Region ER_ZI (Base: 0x20000468, Size: 0x00000e80, Max: 0xffffffff, ABSOLUTE)

    Base Addr    Size         Type   Attr      Idx    E Section Name        Object

    0x20000468   0x00000a7c   Zero   RW         1422    .bss                wavreader.o
    0x20000ee4   0x00000004   PAD
    0x20000ee8   0x00000400   Zero   RW            1    STACK               startup.o


==============================================================================

Image component sizes


      Code (inc. data)   RO Data    RW Data    ZI Data      Debug   Object Name

       304         62          0          8          0       4556   activestate.o
       746         60         60          0          0       3495   buttonmanager.o
      2574        208          0         13          0      11865   diskio.o
      4934         56          0          6          0      21508   ff.o
       140         22          0          0          0        848   frequencytimer.o
      1134        112          0         43          0       9960   gameengine.o
      1298         74       5360        720          0       8283   graphicsengine.o
       412         66          0          2          0       2258   heartbeat.o
       188         34          0          0          0        793   max5353.o
        46         12          0         32          0       1299   pausestate.o
       124          6          0          0          0        367   pll.o
       540        102         80         48          0       3225   scoreengine.o
       108         14          0          0          0      11859   sdctestmain.o
      2454        266       2018         44          0      13079   st7735.o
       240         74          0         36          0       3022   startstate.o
       672        622          0          0       1024        868   startup.o
       208         56        350         69          0       2340   stopstate.o
        84          6          0          0          0       1657   systick.o
       140         28          0          4          0       1321   timer2a.o
      1480        326          0         79       2684       5033   wavreader.o

    ----------------------------------------------------------------------
     17852       2206       7900       1116       3712     107636   Object Totals
         0          0         32          0          0          0   (incl. Generated)
        26          0          0         12          4          0   (incl. Padding)

    ----------------------------------------------------------------------

      Code (inc. data)   RO Data    RW Data    ZI Data      Debug   Library Member Name

        92          0          0          0          0          0   __dczerorl2.o
        28          0          0          0          0         68   _chval.o
       158          0          0          0          0         92   _strtoul.o
        26          0          0          0          0         80   atoi.o
         8          4        133          0          0         68   ctype_o.o
         0          0          0          0          0          0   entry.o
         0          0          0          0          0          0   entry10a.o
         0          0          0          0          0          0   entry11a.o
         8          4          0          0          0          0   entry2.o
         4          0          0          0          0          0   entry5.o
         0          0          0          0          0          0   entry7b.o
         0          0          0          0          0          0   entry8b.o
         8          4          0          0          0          0   entry9a.o
         8          4          0          4          0         68   errno.o
        30          0          0          0          0          0   handlers.o
        36          8          0          0          0         68   init.o
        32          0          0          0          0         68   llushr.o
        36          0          0          0          0         68   memcpya.o
       472         14          0          0          0        180   printf3.o
        36         10          0          4          0        136   rand.o
         0          0          0          4          0          0   stdout.o
        28          0          0          0          0         76   strcmp.o
       112          0          0          0          0         88   strtol.o
        44          0          0          0          0         80   uidiv.o

    ----------------------------------------------------------------------
      1172         48        136         12          0       1140   Library Totals
         6          0          3          0          0          0   (incl. Padding)

    ----------------------------------------------------------------------

      Code (inc. data)   RO Data    RW Data    ZI Data      Debug   Library Name

      1166         48        133         12          0       1140   mc_w.l

    ----------------------------------------------------------------------
      1172         48        136         12          0       1140   Library Totals

    ----------------------------------------------------------------------

==============================================================================


      Code (inc. data)   RO Data    RW Data    ZI Data      Debug   

     19024       2254       8036       1128       3712     100300   Grand Totals
     19024       2254       8036        316       3712     100300   ELF Image Totals (compressed)
     19024       2254       8036        316          0          0   ROM Totals

==============================================================================

    Total RO  Size (Code + RO Data)                27060 (  26.43kB)
    Total RW  Size (RW Data + ZI Data)              4840 (   4.73kB)
    Total ROM Size (Code + RO Data + RW Data)      27376 (  26.73kB)

==============================================================================

