ARM Linker, 5.03 [Build 76] [MDK-ARM Lite]

==============================================================================

Section Cross References

    startup.o(RESET) refers to startup.o(STACK) for StackMem
    startup.o(RESET) refers to buttonmanager.o(i.GPIOPortD_Handler) for GPIOPortD_Handler
    startup.o(RESET) refers to buttonmanager.o(i.GPIOPortE_Handler) for GPIOPortE_Handler
    startup.o(RESET) refers to frequencytimer.o(i.Timer0A_Handler) for Timer0A_Handler
    startup.o(RESET) refers to heartbeat.o(i.Timer1A_Handler) for Timer1A_Handler
    startup.o(RESET) refers to diskio.o(i.Timer5A_Handler) for Timer5A_Handler
    startup.o(RESET) refers to entry.o(.ARM.Collect$$$$00000000) for __main
    sdctestmain.o(i.FileSystemTest) refers to ff.o(i.f_open) for f_open
    sdctestmain.o(i.FileSystemTest) refers to st7735.o(i.ST7735_Color565) for ST7735_Color565
    sdctestmain.o(i.FileSystemTest) refers to st7735.o(i.ST7735_DrawString) for ST7735_DrawString
    sdctestmain.o(i.FileSystemTest) refers to printf1.o(i.__0printf$1) for __2printf
    sdctestmain.o(i.FileSystemTest) refers to ff.o(i.f_write) for f_write
    sdctestmain.o(i.FileSystemTest) refers to ff.o(i.f_close) for f_close
    sdctestmain.o(i.FileSystemTest) refers to ff.o(i.f_read) for f_read
    sdctestmain.o(i.FileSystemTest) refers to st7735.o(i.ST7735_DrawChar) for ST7735_DrawChar
    sdctestmain.o(i.FileSystemTest) refers to st7735.o(i.ST7735_SetCursor) for ST7735_SetCursor
    sdctestmain.o(i.FileSystemTest) refers to st7735.o(i.ST7735_SetTextColor) for ST7735_SetTextColor
    sdctestmain.o(i.FileSystemTest) refers to st7735.o(i.ST7735_OutUDec) for ST7735_OutUDec
    sdctestmain.o(i.FileSystemTest) refers to sdctestmain.o(.bss) for Handle2
    sdctestmain.o(i.FileSystemTest) refers to sdctestmain.o(.data) for Fresult
    sdctestmain.o(i.diskError) refers to st7735.o(i.ST7735_Color565) for ST7735_Color565
    sdctestmain.o(i.diskError) refers to st7735.o(i.ST7735_DrawString) for ST7735_DrawString
    sdctestmain.o(i.diskError) refers to st7735.o(i.ST7735_SetCursor) for ST7735_SetCursor
    sdctestmain.o(i.diskError) refers to st7735.o(i.ST7735_SetTextColor) for ST7735_SetTextColor
    sdctestmain.o(i.diskError) refers to st7735.o(i.ST7735_OutUDec) for ST7735_OutUDec
    sdctestmain.o(i.main) refers to pll.o(i.PLL_Init) for PLL_Init
    sdctestmain.o(i.main) refers to heartbeat.o(i.Heartbeat_Init) for Heartbeat_Init
    sdctestmain.o(i.main) refers to buttonmanager.o(i.ButtonManager_Init) for ButtonManager_Init
    sdctestmain.o(i.main) refers to st7735.o(i.Output_Init) for Output_Init
    sdctestmain.o(i.main) refers to printf1.o(i.__0printf$1) for __2printf
    sdctestmain.o(i.main) refers to max5353.o(i.DAC_Init) for DAC_Init
    sdctestmain.o(i.main) refers to frequencytimer.o(i.FrequencyTimer_Init) for FrequencyTimer_Init
    sdctestmain.o(i.main) refers to frequencytimer.o(i.FrequencyTimer_arm) for FrequencyTimer_arm
    sdctestmain.o(i.main) refers to startup.o(.text) for EnableInterrupts
    sdctestmain.o(i.main) refers to gameengine.o(i.GameEngine_Init) for GameEngine_Init
    sdctestmain.o(i.main) refers to activestate.o(i.ActiveState_get) for ActiveState_get
    sdctestmain.o(i.main) refers to heartbeat.o(.data) for updateStateSemaphore
    heartbeat.o(i.Heartbeat_Init) refers to heartbeat.o(i.TIMER1_Init) for TIMER1_Init
    heartbeat.o(i.TIMER1_Init) refers to startup.o(.text) for StartCritical
    heartbeat.o(i.Timer1A_Handler) refers to heartbeat.o(i.Heartbeat_blink) for Heartbeat_blink
    heartbeat.o(i.Timer1A_Handler) refers to heartbeat.o(.data) for updateStateSemaphore
    buttonmanager.o(i.ButtonManager_Init) refers to buttonmanager.o(i.PortD_Init) for PortD_Init
    buttonmanager.o(i.ButtonManager_Init) refers to buttonmanager.o(i.PortE_Init) for PortE_Init
    buttonmanager.o(i.CheckDebounce) refers to systick.o(i.SysTick_Wait10ms) for SysTick_Wait10ms
    buttonmanager.o(i.GPIOPortD_Handler) refers to printf1.o(i.__0printf$1) for __2printf
    buttonmanager.o(i.GPIOPortD_Handler) refers to buttonmanager.o(i.CheckDebounce) for CheckDebounce
    buttonmanager.o(i.GPIOPortD_Handler) refers to buttonmanager.o(.constdata) for .constdata
    buttonmanager.o(i.GPIOPortE_Handler) refers to printf1.o(i.__0printf$1) for __2printf
    buttonmanager.o(i.downPressed) refers to activestate.o(i.ActiveState_get) for ActiveState_get
    buttonmanager.o(i.leftPressed) refers to activestate.o(i.ActiveState_get) for ActiveState_get
    buttonmanager.o(i.rightPressed) refers to activestate.o(i.ActiveState_get) for ActiveState_get
    buttonmanager.o(i.startPressed) refers to activestate.o(i.ActiveState_get) for ActiveState_get
    buttonmanager.o(i.upPressed) refers to activestate.o(i.ActiveState_get) for ActiveState_get
    buttonmanager.o(.constdata) refers to buttonmanager.o(i.upPressed) for upPressed
    systick.o(i.SysTick_Wait10ms) refers to systick.o(i.SysTick_Wait) for SysTick_Wait
[...]
    ff.o(i.dir_next) refers to ff.o(i.sync_window) for sync_window
    ff.o(i.dir_next) refers to ff.o(i.mem_set) for mem_set
    ff.o(i.dir_next) refers to ff.o(i.clust2sect) for clust2sect
    ff.o(i.dir_read) refers to ff.o(i.move_window) for move_window
    ff.o(i.dir_read) refers to ff.o(i.dir_next) for dir_next
    ff.o(i.dir_register) refers to ff.o(i.dir_alloc) for dir_alloc
    ff.o(i.dir_register) refers to ff.o(i.move_window) for move_window
    ff.o(i.dir_register) refers to ff.o(i.mem_set) for mem_set
    ff.o(i.dir_register) refers to ff.o(i.mem_cpy) for mem_cpy
    ff.o(i.dir_remove) refers to ff.o(i.dir_sdi) for dir_sdi
    ff.o(i.dir_remove) refers to ff.o(i.move_window) for move_window
    ff.o(i.dir_remove) refers to ff.o(i.mem_set) for mem_set
    ff.o(i.dir_sdi) refers to ff.o(i.get_fat) for get_fat
    ff.o(i.dir_sdi) refers to ff.o(i.clust2sect) for clust2sect
    ff.o(i.f_chdir) refers to ff.o(i.find_volume) for find_volume
    ff.o(i.f_chdir) refers to ff.o(i.follow_path) for follow_path
    ff.o(i.f_chdir) refers to ff.o(i.ld_clust) for ld_clust
    ff.o(i.f_chmod) refers to ff.o(i.find_volume) for find_volume
    ff.o(i.f_chmod) refers to ff.o(i.follow_path) for follow_path
    ff.o(i.f_chmod) refers to ff.o(i.sync_fs) for sync_fs
    ff.o(i.f_close) refers to ff.o(i.f_sync) for f_sync
    ff.o(i.f_close) refers to ff.o(i.validate) for validate
    ff.o(i.f_closedir) refers to ff.o(i.validate) for validate
    ff.o(i.f_getcwd) refers to ff.o(i.find_volume) for find_volume
    ff.o(i.f_getcwd) refers to ff.o(i.dir_sdi) for dir_sdi
    ff.o(i.f_getcwd) refers to ff.o(i.dir_read) for dir_read
    ff.o(i.f_getcwd) refers to ff.o(i.ld_clust) for ld_clust
    ff.o(i.f_getcwd) refers to ff.o(i.dir_next) for dir_next
    ff.o(i.f_getcwd) refers to ff.o(i.get_fileinfo) for get_fileinfo
    ff.o(i.f_getfree) refers to ff.o(i.find_volume) for find_volume
    ff.o(i.f_getfree) refers to ff.o(i.get_fat) for get_fat
    ff.o(i.f_getfree) refers to ff.o(i.move_window) for move_window
    ff.o(i.f_getlabel) refers to ff.o(i.find_volume) for find_volume
    ff.o(i.f_getlabel) refers to ff.o(i.dir_sdi) for dir_sdi
    ff.o(i.f_getlabel) refers to ff.o(i.dir_read) for dir_read
    ff.o(i.f_getlabel) refers to ff.o(i.mem_cpy) for mem_cpy
    ff.o(i.f_getlabel) refers to ff.o(i.move_window) for move_window
    ff.o(i.f_lseek) refers to ff.o(i.validate) for validate
    ff.o(i.f_lseek) refers to ff.o(i.create_chain) for create_chain
    ff.o(i.f_lseek) refers to ff.o(i.get_fat) for get_fat
    ff.o(i.f_lseek) refers to ff.o(i.clust2sect) for clust2sect
    ff.o(i.f_lseek) refers to diskio.o(i.disk_write) for disk_write
    ff.o(i.f_lseek) refers to diskio.o(i.disk_read) for disk_read
    ff.o(i.f_mkdir) refers to ff.o(i.find_volume) for find_volume
    ff.o(i.f_mkdir) refers to ff.o(i.follow_path) for follow_path
    ff.o(i.f_mkdir) refers to ff.o(i.create_chain) for create_chain
    ff.o(i.f_mkdir) refers to ff.o(i.sync_window) for sync_window
    ff.o(i.f_mkdir) refers to ff.o(i.clust2sect) for clust2sect
    ff.o(i.f_mkdir) refers to ff.o(i.mem_set) for mem_set
    ff.o(i.f_mkdir) refers to ff.o(i.st_clust) for st_clust
    ff.o(i.f_mkdir) refers to ff.o(i.mem_cpy) for mem_cpy
    ff.o(i.f_mkdir) refers to ff.o(i.dir_register) for dir_register
    ff.o(i.f_mkdir) refers to ff.o(i.remove_chain) for remove_chain
    ff.o(i.f_mkdir) refers to ff.o(i.sync_fs) for sync_fs
    ff.o(i.f_mkfs) refers to ff.o(i.get_ldnumber) for get_ldnumber
    ff.o(i.f_mkfs) refers to diskio.o(i.disk_initialize) for disk_initialize
    ff.o(i.f_mkfs) refers to diskio.o(i.disk_ioctl) for disk_ioctl
    ff.o(i.f_mkfs) refers to ff.o(i.mem_set) for mem_set
    ff.o(i.f_mkfs) refers to diskio.o(i.disk_write) for disk_write
    ff.o(i.f_mkfs) refers to ff.o(i.mem_cpy) for mem_cpy
    ff.o(i.f_mkfs) refers to ff.o(.data) for FatFs
    ff.o(i.f_mkfs) refers to ff.o(.constdata) for vst
    ff.o(i.f_mount) refers to ff.o(i.get_ldnumber) for get_ldnumber
    ff.o(i.f_mount) refers to ff.o(i.find_volume) for find_volume
    ff.o(i.f_mount) refers to ff.o(.data) for FatFs
    ff.o(i.f_open) refers to ff.o(i.find_volume) for find_volume
    ff.o(i.f_open) refers to ff.o(i.follow_path) for follow_path
    ff.o(i.f_open) refers to ff.o(i.dir_register) for dir_register
    ff.o(i.f_open) refers to ff.o(i.ld_clust) for ld_clust
    ff.o(i.f_open) refers to ff.o(i.st_clust) for st_clust
    ff.o(i.f_open) refers to ff.o(i.remove_chain) for remove_chain
    ff.o(i.f_open) refers to ff.o(i.move_window) for move_window
    ff.o(i.f_opendir) refers to ff.o(i.find_volume) for find_volume
    ff.o(i.f_opendir) refers to ff.o(i.follow_path) for follow_path
    ff.o(i.f_opendir) refers to ff.o(i.ld_clust) for ld_clust
    ff.o(i.f_opendir) refers to ff.o(i.dir_sdi) for dir_sdi
    ff.o(i.f_read) refers to ff.o(i.validate) for validate
    ff.o(i.f_read) refers to ff.o(i.get_fat) for get_fat
    ff.o(i.f_read) refers to ff.o(i.clust2sect) for clust2sect
    ff.o(i.f_read) refers to diskio.o(i.disk_read) for disk_read
    ff.o(i.f_read) refers to ff.o(i.mem_cpy) for mem_cpy
    ff.o(i.f_read) refers to diskio.o(i.disk_write) for disk_write
    ff.o(i.f_readdir) refers to ff.o(i.validate) for validate
    ff.o(i.f_readdir) refers to ff.o(i.dir_sdi) for dir_sdi
    ff.o(i.f_readdir) refers to ff.o(i.dir_read) for dir_read
    ff.o(i.f_readdir) refers to ff.o(i.get_fileinfo) for get_fileinfo
    ff.o(i.f_readdir) refers to ff.o(i.dir_next) for dir_next
    ff.o(i.f_rename) refers to ff.o(i.find_volume) for find_volume
    ff.o(i.f_rename) refers to ff.o(i.follow_path) for follow_path
    ff.o(i.f_rename) refers to ff.o(i.mem_cpy) for mem_cpy
    ff.o(i.f_rename) refers to ff.o(i.get_ldnumber) for get_ldnumber
    ff.o(i.f_rename) refers to ff.o(i.dir_register) for dir_register
    ff.o(i.f_rename) refers to ff.o(i.ld_clust) for ld_clust
    ff.o(i.f_rename) refers to ff.o(i.clust2sect) for clust2sect
    ff.o(i.f_rename) refers to ff.o(i.move_window) for move_window
    ff.o(i.f_rename) refers to ff.o(i.st_clust) for st_clust
    ff.o(i.f_rename) refers to ff.o(i.dir_remove) for dir_remove
    ff.o(i.f_rename) refers to ff.o(i.sync_fs) for sync_fs
    ff.o(i.f_setlabel) refers to ff.o(i.find_volume) for find_volume
    ff.o(i.f_setlabel) refers to ff.o(i.chk_chr) for chk_chr
    ff.o(i.f_setlabel) refers to ff.o(i.dir_sdi) for dir_sdi
    ff.o(i.f_setlabel) refers to ff.o(i.dir_read) for dir_read
    ff.o(i.f_setlabel) refers to ff.o(i.mem_cpy) for mem_cpy
    ff.o(i.f_setlabel) refers to ff.o(i.sync_fs) for sync_fs
    ff.o(i.f_setlabel) refers to ff.o(i.dir_alloc) for dir_alloc
    ff.o(i.f_setlabel) refers to ff.o(i.mem_set) for mem_set
    ff.o(i.f_stat) refers to ff.o(i.find_volume) for find_volume
    ff.o(i.f_stat) refers to ff.o(i.follow_path) for follow_path
    ff.o(i.f_stat) refers to ff.o(i.get_fileinfo) for get_fileinfo
    ff.o(i.f_sync) refers to ff.o(i.validate) for validate
    ff.o(i.f_sync) refers to diskio.o(i.disk_write) for disk_write
    ff.o(i.f_sync) refers to ff.o(i.move_window) for move_window
    ff.o(i.f_sync) refers to ff.o(i.st_clust) for st_clust
    ff.o(i.f_sync) refers to ff.o(i.sync_fs) for sync_fs
    ff.o(i.f_truncate) refers to ff.o(i.validate) for validate
    ff.o(i.f_truncate) refers to ff.o(i.remove_chain) for remove_chain
    ff.o(i.f_truncate) refers to ff.o(i.get_fat) for get_fat
    ff.o(i.f_truncate) refers to ff.o(i.put_fat) for put_fat
    ff.o(i.f_truncate) refers to diskio.o(i.disk_write) for disk_write
    ff.o(i.f_unlink) refers to ff.o(i.find_volume) for find_volume
    ff.o(i.f_unlink) refers to ff.o(i.follow_path) for follow_path
    ff.o(i.f_unlink) refers to ff.o(i.ld_clust) for ld_clust
    ff.o(i.f_unlink) refers to ff.o(i.mem_cpy) for mem_cpy
    ff.o(i.f_unlink) refers to ff.o(i.dir_sdi) for dir_sdi
    ff.o(i.f_unlink) refers to ff.o(i.dir_read) for dir_read
    ff.o(i.f_unlink) refers to ff.o(i.dir_remove) for dir_remove
    ff.o(i.f_unlink) refers to ff.o(i.remove_chain) for remove_chain
    ff.o(i.f_unlink) refers to ff.o(i.sync_fs) for sync_fs
    ff.o(i.f_utime) refers to ff.o(i.find_volume) for find_volume
    ff.o(i.f_utime) refers to ff.o(i.follow_path) for follow_path
    ff.o(i.f_utime) refers to ff.o(i.sync_fs) for sync_fs
    ff.o(i.f_write) refers to ff.o(i.validate) for validate
    ff.o(i.f_write) refers to ff.o(i.create_chain) for create_chain
    ff.o(i.f_write) refers to diskio.o(i.disk_write) for disk_write
    ff.o(i.f_write) refers to ff.o(i.clust2sect) for clust2sect
    ff.o(i.f_write) refers to ff.o(i.mem_cpy) for mem_cpy
    ff.o(i.f_write) refers to diskio.o(i.disk_read) for disk_read
    ff.o(i.find_volume) refers to ff.o(i.get_ldnumber) for get_ldnumber
    ff.o(i.find_volume) refers to diskio.o(i.disk_status) for disk_status
    ff.o(i.find_volume) refers to diskio.o(i.disk_initialize) for disk_initialize
    ff.o(i.find_volume) refers to ff.o(i.check_fs) for check_fs
    ff.o(i.find_volume) refers to ff.o(i.move_window) for move_window
    ff.o(i.find_volume) refers to ff.o(.data) for FatFs
    ff.o(i.follow_path) refers to ff.o(i.dir_sdi) for dir_sdi
    ff.o(i.follow_path) refers to ff.o(i.create_name) for create_name
    ff.o(i.follow_path) refers to ff.o(i.dir_find) for dir_find
    ff.o(i.follow_path) refers to ff.o(i.ld_clust) for ld_clust
    ff.o(i.get_fat) refers to ff.o(i.move_window) for move_window
    ff.o(i.move_window) refers to ff.o(i.sync_window) for sync_window
    ff.o(i.move_window) refers to diskio.o(i.disk_read) for disk_read
    ff.o(i.put_fat) refers to ff.o(i.move_window) for move_window
    ff.o(i.remove_chain) refers to ff.o(i.get_fat) for get_fat
    ff.o(i.remove_chain) refers to ff.o(i.put_fat) for put_fat
    ff.o(i.sync_fs) refers to ff.o(i.sync_window) for sync_window
    ff.o(i.sync_fs) refers to ff.o(i.mem_set) for mem_set
    ff.o(i.sync_fs) refers to diskio.o(i.disk_write) for disk_write
    ff.o(i.sync_fs) refers to diskio.o(i.disk_ioctl) for disk_ioctl
    ff.o(i.sync_window) refers to diskio.o(i.disk_write) for disk_write
    ff.o(i.validate) refers to diskio.o(i.disk_status) for disk_status
    activestate.o(i.ActiveState_get) refers to activestate.o(.data) for activeState
    activestate.o(i.ActiveState_set) refers to startup.o(.text) for StartCritical
    activestate.o(i.ActiveState_set) refers to activestate.o(.data) for activeState
    pausestate.o(i.PauseState_startPressed) refers to activestate.o(i.ActiveState_set) for ActiveState_set
    pausestate.o(i.PauseState_startPressed) refers to activestate.o(i.ActiveState_get) for ActiveState_get
    pausestate.o(i.PauseState_startPressed) refers to gameengine.o(.data) for InGame
    pausestate.o(.data) refers to pausestate.o(i.PauseState_startPressed) for PauseState_startPressed
    pausestate.o(.data) refers to pausestate.o(i.PauseState_drawInitial) for PauseState_drawInitial
    entry.o(.ARM.Collect$$$$00000000) refers (Special) to entry10a.o(.ARM.Collect$$$$0000000D) for __rt_final_cpp
    entry.o(.ARM.Collect$$$$00000000) refers (Special) to entry11a.o(.ARM.Collect$$$$0000000F) for __rt_final_exit
    entry.o(.ARM.Collect$$$$00000000) refers (Special) to entry7b.o(.ARM.Collect$$$$00000008) for _main_clock
    entry.o(.ARM.Collect$$$$00000000) refers (Special) to entry8b.o(.ARM.Collect$$$$0000000A) for _main_cpp_init
    entry.o(.ARM.Collect$$$$00000000) refers (Special) to entry9a.o(.ARM.Collect$$$$0000000B) for _main_init
    entry.o(.ARM.Collect$$$$00000000) refers (Special) to entry5.o(.ARM.Collect$$$$00000004) for _main_scatterload
    entry.o(.ARM.Collect$$$$00000000) refers (Special) to entry2.o(.ARM.Collect$$$$00000001) for _main_stk
    printfb.o(i.__0fprintf$bare) refers to printfb.o(i._printf_core) for _printf_core
    printfb.o(i.__0fprintf$bare) refers to st7735.o(i.fputc) for fputc
    printfb.o(i.__0printf$bare) refers to printfb.o(i._printf_core) for _printf_core
    printfb.o(i.__0printf$bare) refers to st7735.o(i.fputc) for fputc
    printfb.o(i.__0printf$bare) refers to stdout.o(.data) for __stdout
    printfb.o(i.__0snprintf$bare) refers to printfb.o(i._printf_core) for _printf_core
    printfb.o(i.__0snprintf$bare) refers to printfb.o(i._snputc) for _snputc
    printfb.o(i.__0sprintf$bare) refers to printfb.o(i._printf_core) for _printf_core
    printfb.o(i.__0sprintf$bare) refers to printfb.o(i._sputc) for _sputc
    printfb.o(i.__0vfprintf$bare) refers to printfb.o(i._printf_core) for _printf_core
    printfb.o(i.__0vfprintf$bare) refers to st7735.o(i.fputc) for fputc
    printfb.o(i.__0vprintf$bare) refers to printfb.o(i._printf_core) for _printf_core
    printfb.o(i.__0vprintf$bare) refers to st7735.o(i.fputc) for fputc
    printfb.o(i.__0vprintf$bare) refers to stdout.o(.data) for __stdout
    printfb.o(i.__0vsnprintf$bare) refers to printfb.o(i._printf_core) for _printf_core
    printfb.o(i.__0vsnprintf$bare) refers to printfb.o(i._snputc) for _snputc
    printfb.o(i.__0vsprintf$bare) refers to printfb.o(i._printf_core) for _printf_core
    printfb.o(i.__0vsprintf$bare) refers to printfb.o(i._sputc) for _sputc
    printf0.o(i.__0fprintf$0) refers to printf0.o(i._printf_core) for _printf_core
    printf0.o(i.__0fprintf$0) refers to st7735.o(i.fputc) for fputc
    printf0.o(i.__0printf$0) refers to printf0.o(i._printf_core) for _printf_core
    printf0.o(i.__0printf$0) refers to st7735.o(i.fputc) for fputc
    printf0.o(i.__0printf$0) refers to stdout.o(.data) for __stdout
    printf0.o(i.__0snprintf$0) refers to printf0.o(i._printf_core) for _printf_core
    printf0.o(i.__0snprintf$0) refers to printf0.o(i._snputc) for _snputc
    printf0.o(i.__0sprintf$0) refers to printf0.o(i._printf_core) for _printf_core
    printf0.o(i.__0sprintf$0) refers to printf0.o(i._sputc) for _sputc
    printf0.o(i.__0vfprintf$0) refers to printf0.o(i._printf_core) for _printf_core
    printf0.o(i.__0vfprintf$0) refers to st7735.o(i.fputc) for fputc
    printf0.o(i.__0vprintf$0) refers to printf0.o(i._printf_core) for _printf_core
    printf0.o(i.__0vprintf$0) refers to st7735.o(i.fputc) for fputc
    printf0.o(i.__0vprintf$0) refers to stdout.o(.data) for __stdout
    printf0.o(i.__0vsnprintf$0) refers to printf0.o(i._printf_core) for _printf_core
    printf0.o(i.__0vsnprintf$0) refers to printf0.o(i._snputc) for _snputc
    printf0.o(i.__0vsprintf$0) refers to printf0.o(i._printf_core) for _printf_core
    printf0.o(i.__0vsprintf$0) refers to printf0.o(i._sputc) for _sputc
    printf1.o(i.__0fprintf$1) refers to printf1.o(i._printf_core) for _printf_core
    printf1.o(i.__0fprintf$1) refers to st7735.o(i.fputc) for fputc
    printf1.o(i.__0printf$1) refers to printf1.o(i._printf_core) for _printf_core
    printf1.o(i.__0printf$1) refers to st7735.o(i.fputc) for fputc
    printf1.o(i.__0printf$1) refers to stdout.o(.data) for __stdout
    printf1.o(i.__0snprintf$1) refers to printf1.o(i._printf_core) for _printf_core
    printf1.o(i.__0snprintf$1) refers to printf1.o(i._snputc) for _snputc
    printf1.o(i.__0sprintf$1) refers to printf1.o(i._printf_core) for _printf_core
    printf1.o(i.__0sprintf$1) refers to printf1.o(i._sputc) for _sputc
    printf1.o(i.__0vfprintf$1) refers to printf1.o(i._printf_core) for _printf_core
    printf1.o(i.__0vfprintf$1) refers to st7735.o(i.fputc) for fputc
    printf1.o(i.__0vprintf$1) refers to printf1.o(i._printf_core) for _printf_core
    printf1.o(i.__0vprintf$1) refers to st7735.o(i.fputc) for fputc
    printf1.o(i.__0vprintf$1) refers to stdout.o(.data) for __stdout
    printf1.o(i.__0vsnprintf$1) refers to printf1.o(i._printf_core) for _printf_core
    printf1.o(i.__0vsnprintf$1) refers to printf1.o(i._snputc) for _snputc
    printf1.o(i.__0vsprintf$1) refers to printf1.o(i._printf_core) for _printf_core
    printf1.o(i.__0vsprintf$1) refers to printf1.o(i._sputc) for _sputc
    printf1.o(i._printf_core) refers to uidiv.o(.text) for __aeabi_uidivmod
    printf2.o(i.__0fprintf$2) refers to printf2.o(i._printf_core) for _printf_core
    printf2.o(i.__0fprintf$2) refers to st7735.o(i.fputc) for fputc
    printf2.o(i.__0printf$2) refers to printf2.o(i._printf_core) for _printf_core
    printf2.o(i.__0printf$2) refers to st7735.o(i.fputc) for fputc
    printf2.o(i.__0printf$2) refers to stdout.o(.data) for __stdout
    printf2.o(i.__0snprintf$2) refers to printf2.o(i._printf_core) for _printf_core
    printf2.o(i.__0snprintf$2) refers to printf2.o(i._snputc) for _snputc
    printf2.o(i.__0sprintf$2) refers to printf2.o(i._printf_core) for _printf_core
    printf2.o(i.__0sprintf$2) refers to printf2.o(i._sputc) for _sputc
    printf2.o(i.__0vfprintf$2) refers to printf2.o(i._printf_core) for _printf_core
    printf2.o(i.__0vfprintf$2) refers to st7735.o(i.fputc) for fputc
    printf2.o(i.__0vprintf$2) refers to printf2.o(i._printf_core) for _printf_core
    printf2.o(i.__0vprintf$2) refers to st7735.o(i.fputc) for fputc
    printf2.o(i.__0vprintf$2) refers to stdout.o(.data) for __stdout
    printf2.o(i.__0vsnprintf$2) refers to printf2.o(i._printf_core) for _printf_core
    printf2.o(i.__0vsnprintf$2) refers to printf2.o(i._snputc) for _snputc
    printf2.o(i.__0vsprintf$2) refers to printf2.o(i._printf_core) for _printf_core
    printf2.o(i.__0vsprintf$2) refers to printf2.o(i._sputc) for _sputc
    printf3.o(i.__0fprintf$3) refers to printf3.o(i._printf_core) for _printf_core
    printf3.o(i.__0fprintf$3) refers to st7735.o(i.fputc) for fputc
    printf3.o(i.__0printf$3) refers to printf3.o(i._printf_core) for _printf_core
    printf3.o(i.__0printf$3) refers to st7735.o(i.fputc) for fputc
    printf3.o(i.__0printf$3) refers to stdout.o(.data) for __stdout
    printf3.o(i.__0snprintf$3) refers to printf3.o(i._printf_core) for _printf_core
    printf3.o(i.__0snprintf$3) refers to printf3.o(i._snputc) for _snputc
    printf3.o(i.__0sprintf$3) refers to printf3.o(i._printf_core) for _printf_core
    printf3.o(i.__0sprintf$3) refers to printf3.o(i._sputc) for _sputc
    printf3.o(i.__0vfprintf$3) refers to printf3.o(i._printf_core) for _printf_core
    printf3.o(i.__0vfprintf$3) refers to st7735.o(i.fputc) for fputc
    printf3.o(i.__0vprintf$3) refers to printf3.o(i._printf_core) for _printf_core
    printf3.o(i.__0vprintf$3) refers to st7735.o(i.fputc) for fputc
    printf3.o(i.__0vprintf$3) refers to stdout.o(.data) for __stdout
    printf3.o(i.__0vsnprintf$3) refers to printf3.o(i._printf_core) for _printf_core
    printf3.o(i.__0vsnprintf$3) refers to printf3.o(i._snputc) for _snputc
    printf3.o(i.__0vsprintf$3) refers to printf3.o(i._printf_core) for _printf_core
    printf3.o(i.__0vsprintf$3) refers to printf3.o(i._sputc) for _sputc
    printf3.o(i._printf_core) refers to uidiv.o(.text) for __aeabi_uidivmod
    printf4.o(i.__0fprintf$4) refers to printf4.o(i._printf_core) for _printf_core
    printf4.o(i.__0fprintf$4) refers to st7735.o(i.fputc) for fputc
    printf4.o(i.__0printf$4) refers to printf4.o(i._printf_core) for _printf_core
    printf4.o(i.__0printf$4) refers to st7735.o(i.fputc) for fputc
    printf4.o(i.__0printf$4) refers to stdout.o(.data) for __stdout
    printf4.o(i.__0snprintf$4) refers to printf4.o(i._printf_core) for _printf_core
    printf4.o(i.__0snprintf$4) refers to printf4.o(i._snputc) for _snputc
    printf4.o(i.__0sprintf$4) refers to printf4.o(i._printf_core) for _printf_core
    printf4.o(i.__0sprintf$4) refers to printf4.o(i._sputc) for _sputc
    printf4.o(i.__0vfprintf$4) refers to printf4.o(i._printf_core) for _printf_core
    printf4.o(i.__0vfprintf$4) refers to st7735.o(i.fputc) for fputc
    printf4.o(i.__0vprintf$4) refers to printf4.o(i._printf_core) for _printf_core
    printf4.o(i.__0vprintf$4) refers to st7735.o(i.fputc) for fputc
    printf4.o(i.__0vprintf$4) refers to stdout.o(.data) for __stdout
    printf4.o(i.__0vsnprintf$4) refers to printf4.o(i._printf_core) for _printf_core
    printf4.o(i.__0vsnprintf$4) refers to printf4.o(i._snputc) for _snputc
    printf4.o(i.__0vsprintf$4) refers to printf4.o(i._printf_core) for _printf_core
    printf4.o(i.__0vsprintf$4) refers to printf4.o(i._sputc) for _sputc
    printf4.o(i._printf_core) refers to uldiv.o(.text) for __aeabi_uldivmod
    printf5.o(i.__0fprintf$5) refers to printf5.o(i._printf_core) for _printf_core
    printf5.o(i.__0fprintf$5) refers to st7735.o(i.fputc) for fputc
    printf5.o(i.__0printf$5) refers to printf5.o(i._printf_core) for _printf_core
    printf5.o(i.__0printf$5) refers to st7735.o(i.fputc) for fputc
    printf5.o(i.__0printf$5) refers to stdout.o(.data) for __stdout
    printf5.o(i.__0snprintf$5) refers to printf5.o(i._printf_core) for _printf_core
    printf5.o(i.__0snprintf$5) refers to printf5.o(i._snputc) for _snputc
    printf5.o(i.__0sprintf$5) refers to printf5.o(i._printf_core) for _printf_core
    printf5.o(i.__0sprintf$5) refers to printf5.o(i._sputc) for _sputc
    printf5.o(i.__0vfprintf$5) refers to printf5.o(i._printf_core) for _printf_core
    printf5.o(i.__0vfprintf$5) refers to st7735.o(i.fputc) for fputc
    printf5.o(i.__0vprintf$5) refers to printf5.o(i._printf_core) for _printf_core
    printf5.o(i.__0vprintf$5) refers to st7735.o(i.fputc) for fputc
    printf5.o(i.__0vprintf$5) refers to stdout.o(.data) for __stdout
    printf5.o(i.__0vsnprintf$5) refers to printf5.o(i._printf_core) for _printf_core
    printf5.o(i.__0vsnprintf$5) refers to printf5.o(i._snputc) for _snputc
    printf5.o(i.__0vsprintf$5) refers to printf5.o(i._printf_core) for _printf_core
    printf5.o(i.__0vsprintf$5) refers to printf5.o(i._sputc) for _sputc
    printf5.o(i._printf_core) refers to uldiv.o(.text) for __aeabi_uldivmod
    printf6.o(i.__0fprintf$6) refers to printf6.o(i._printf_core) for _printf_core
    printf6.o(i.__0fprintf$6) refers to st7735.o(i.fputc) for fputc
    printf6.o(i.__0printf$6) refers to printf6.o(i._printf_core) for _printf_core
    printf6.o(i.__0printf$6) refers to st7735.o(i.fputc) for fputc
    printf6.o(i.__0printf$6) refers to stdout.o(.data) for __stdout
    printf6.o(i.__0snprintf$6) refers to printf6.o(i._printf_core) for _printf_core
    printf6.o(i.__0snprintf$6) refers to printf6.o(i._snputc) for _snputc
    printf6.o(i.__0sprintf$6) refers to printf6.o(i._printf_core) for _printf_core
    printf6.o(i.__0sprintf$6) refers to printf6.o(i._sputc) for _sputc
    printf6.o(i.__0vfprintf$6) refers to printf6.o(i._printf_core) for _printf_core
    printf6.o(i.__0vfprintf$6) refers to st7735.o(i.fputc) for fputc
    printf6.o(i.__0vprintf$6) refers to printf6.o(i._printf_core) for _printf_core
    printf6.o(i.__0vprintf$6) refers to st7735.o(i.fputc) for fputc
    printf6.o(i.__0vprintf$6) refers to stdout.o(.data) for __stdout
    printf6.o(i.__0vsnprintf$6) refers to printf6.o(i._printf_core) for _printf_core
    printf6.o(i.__0vsnprintf$6) refers to printf6.o(i._snputc) for _snputc
    printf6.o(i.__0vsprintf$6) refers to printf6.o(i._printf_core) for _printf_core
    printf6.o(i.__0vsprintf$6) refers to printf6.o(i._sputc) for _sputc
    printf6.o(i._printf_core) refers to printf6.o(i._printf_pre_padding) for _printf_pre_padding
    printf6.o(i._printf_core) refers to uidiv.o(.text) for __aeabi_uidivmod
    printf6.o(i._printf_core) refers to printf6.o(i._printf_post_padding) for _printf_post_padding
    printf7.o(i.__0fprintf$7) refers to printf7.o(i._printf_core) for _printf_core
    printf7.o(i.__0fprintf$7) refers to st7735.o(i.fputc) for fputc
    printf7.o(i.__0printf$7) refers to printf7.o(i._printf_core) for _printf_core
    printf7.o(i.__0printf$7) refers to st7735.o(i.fputc) for fputc
    printf7.o(i.__0printf$7) refers to stdout.o(.data) for __stdout
    printf7.o(i.__0snprintf$7) refers to printf7.o(i._printf_core) for _printf_core
    printf7.o(i.__0snprintf$7) refers to printf7.o(i._snputc) for _snputc
    printf7.o(i.__0sprintf$7) refers to printf7.o(i._printf_core) for _printf_core
    printf7.o(i.__0sprintf$7) refers to printf7.o(i._sputc) for _sputc
    printf7.o(i.__0vfprintf$7) refers to printf7.o(i._printf_core) for _printf_core
    printf7.o(i.__0vfprintf$7) refers to st7735.o(i.fputc) for fputc
    printf7.o(i.__0vprintf$7) refers to printf7.o(i._printf_core) for _printf_core
    printf7.o(i.__0vprintf$7) refers to st7735.o(i.fputc) for fputc
    printf7.o(i.__0vprintf$7) refers to stdout.o(.data) for __stdout
    printf7.o(i.__0vsnprintf$7) refers to printf7.o(i._printf_core) for _printf_core
    printf7.o(i.__0vsnprintf$7) refers to printf7.o(i._snputc) for _snputc
    printf7.o(i.__0vsprintf$7) refers to printf7.o(i._printf_core) for _printf_core
    printf7.o(i.__0vsprintf$7) refers to printf7.o(i._sputc) for _sputc
    printf7.o(i._printf_core) refers to printf7.o(i._printf_pre_padding) for _printf_pre_padding
    printf7.o(i._printf_core) refers to uldiv.o(.text) for __aeabi_uldivmod
    printf7.o(i._printf_core) refers to printf7.o(i._printf_post_padding) for _printf_post_padding
    printf8.o(i.__0fprintf$8) refers to printf8.o(i._printf_core) for _printf_core
    printf8.o(i.__0fprintf$8) refers to st7735.o(i.fputc) for fputc
    printf8.o(i.__0printf$8) refers to printf8.o(i._printf_core) for _printf_core
    printf8.o(i.__0printf$8) refers to st7735.o(i.fputc) for fputc
    printf8.o(i.__0printf$8) refers to stdout.o(.data) for __stdout
    printf8.o(i.__0snprintf$8) refers to printf8.o(i._printf_core) for _printf_core
    printf8.o(i.__0snprintf$8) refers to printf8.o(i._snputc) for _snputc
    printf8.o(i.__0sprintf$8) refers to printf8.o(i._printf_core) for _printf_core
    printf8.o(i.__0sprintf$8) refers to printf8.o(i._sputc) for _sputc
    printf8.o(i.__0vfprintf$8) refers to printf8.o(i._printf_core) for _printf_core
    printf8.o(i.__0vfprintf$8) refers to st7735.o(i.fputc) for fputc
    printf8.o(i.__0vprintf$8) refers to printf8.o(i._printf_core) for _printf_core
    printf8.o(i.__0vprintf$8) refers to st7735.o(i.fputc) for fputc
    printf8.o(i.__0vprintf$8) refers to stdout.o(.data) for __stdout
    printf8.o(i.__0vsnprintf$8) refers to printf8.o(i._printf_core) for _printf_core
    printf8.o(i.__0vsnprintf$8) refers to printf8.o(i._snputc) for _snputc
    printf8.o(i.__0vsprintf$8) refers to printf8.o(i._printf_core) for _printf_core
    printf8.o(i.__0vsprintf$8) refers to printf8.o(i._sputc) for _sputc
    printf8.o(i._printf_core) refers to printf8.o(i._printf_pre_padding) for _printf_pre_padding
    printf8.o(i._printf_core) refers to uldiv.o(.text) for __aeabi_uldivmod
    printf8.o(i._printf_core) refers to printf8.o(i._printf_post_padding) for _printf_post_padding
    printfa.o(i.__0fprintf) refers (Special) to iusefp.o(.text) for __I$use$fp
    printfa.o(i.__0fprintf) refers to printfa.o(i._printf_core) for _printf_core
    printfa.o(i.__0fprintf) refers to st7735.o(i.fputc) for fputc
    printfa.o(i.__0printf) refers (Special) to iusefp.o(.text) for __I$use$fp
    printfa.o(i.__0printf) refers to printfa.o(i._printf_core) for _printf_core
    printfa.o(i.__0printf) refers to st7735.o(i.fputc) for fputc
    printfa.o(i.__0printf) refers to stdout.o(.data) for __stdout
    printfa.o(i.__0snprintf) refers (Special) to iusefp.o(.text) for __I$use$fp
    printfa.o(i.__0snprintf) refers to printfa.o(i._printf_core) for _printf_core
    printfa.o(i.__0snprintf) refers to printfa.o(i._snputc) for _snputc
    printfa.o(i.__0sprintf) refers (Special) to iusefp.o(.text) for __I$use$fp
    printfa.o(i.__0sprintf) refers to printfa.o(i._printf_core) for _printf_core
    printfa.o(i.__0sprintf) refers to printfa.o(i._sputc) for _sputc
    printfa.o(i.__0vfprintf) refers (Special) to iusefp.o(.text) for __I$use$fp
    printfa.o(i.__0vfprintf) refers to printfa.o(i._printf_core) for _printf_core
    printfa.o(i.__0vfprintf) refers to st7735.o(i.fputc) for fputc
    printfa.o(i.__0vprintf) refers (Special) to iusefp.o(.text) for __I$use$fp
    printfa.o(i.__0vprintf) refers to printfa.o(i._printf_core) for _printf_core
    printfa.o(i.__0vprintf) refers to st7735.o(i.fputc) for fputc
    printfa.o(i.__0vprintf) refers to stdout.o(.data) for __stdout
    printfa.o(i.__0vsnprintf) refers (Special) to iusefp.o(.text) for __I$use$fp
    printfa.o(i.__0vsnprintf) refers to printfa.o(i._printf_core) for _printf_core
    printfa.o(i.__0vsnprintf) refers to printfa.o(i._snputc) for _snputc
    printfa.o(i.__0vsprintf) refers (Special) to iusefp.o(.text) for __I$use$fp
    printfa.o(i.__0vsprintf) refers to printfa.o(i._printf_core) for _printf_core
    printfa.o(i.__0vsprintf) refers to printfa.o(i._sputc) for _sputc
    printfa.o(i._fp_digits) refers (Special) to iusefp.o(.text) for __I$use$fp
    printfa.o(i._fp_digits) refers to dmul.o(.text) for __aeabi_dmul
    printfa.o(i._fp_digits) refers to ddiv.o(.text) for __aeabi_ddiv
    printfa.o(i._fp_digits) refers to cdrcmple.o(.text) for __aeabi_cdrcmple
    printfa.o(i._fp_digits) refers to dadd.o(.text) for __aeabi_dadd
    printfa.o(i._fp_digits) refers to dfixul.o(.text) for __aeabi_d2ulz
    printfa.o(i._fp_digits) refers to uldiv.o(.text) for __aeabi_uldivmod
    printfa.o(i._printf_core) refers (Special) to iusefp.o(.text) for __I$use$fp
    printfa.o(i._printf_core) refers to printfa.o(i._printf_pre_padding) for _printf_pre_padding
    printfa.o(i._printf_core) refers to uldiv.o(.text) for __aeabi_uldivmod
    printfa.o(i._printf_core) refers to printfa.o(i._printf_post_padding) for _printf_post_padding
    printfa.o(i._printf_core) refers to printfa.o(i._fp_digits) for _fp_digits
    printfa.o(i._printf_core) refers to uidiv.o(.text) for __aeabi_uidivmod
    printfa.o(i._printf_post_padding) refers (Special) to iusefp.o(.text) for __I$use$fp
    printfa.o(i._printf_pre_padding) refers (Special) to iusefp.o(.text) for __I$use$fp
    printfa.o(i._snputc) refers (Special) to iusefp.o(.text) for __I$use$fp
    printfa.o(i._sputc) refers (Special) to iusefp.o(.text) for __I$use$fp
    entry2.o(.ARM.Collect$$$$00000001) refers to entry2.o(.ARM.Collect$$$$00002712) for __lit__00000000
    entry2.o(.ARM.Collect$$$$00002712) refers to startup.o(STACK) for __initial_sp
    entry2.o(__vectab_stack_and_reset_area) refers to startup.o(STACK) for __initial_sp
    entry2.o(__vectab_stack_and_reset_area) refers to entry.o(.ARM.Collect$$$$00000000) for __main
    entry5.o(.ARM.Collect$$$$00000004) refers to init.o(.text) for __scatterload
    entry9a.o(.ARM.Collect$$$$0000000B) refers to sdctestmain.o(i.main) for main
    entry9b.o(.ARM.Collect$$$$0000000C) refers to sdctestmain.o(i.main) for main
    uldiv.o(.text) refers to llushr.o(.text) for __aeabi_llsr
    uldiv.o(.text) refers to llshl.o(.text) for __aeabi_llsl
    dadd.o(.text) refers to llshl.o(.text) for __aeabi_llsl
    dadd.o(.text) refers to llsshr.o(.text) for __aeabi_lasr
    dadd.o(.text) refers to depilogue.o(.text) for _double_epilogue
    dmul.o(.text) refers to depilogue.o(.text) for _double_epilogue
    ddiv.o(.text) refers to depilogue.o(.text) for _double_round
    dfixul.o(.text) refers to llushr.o(.text) for __aeabi_llsr
    dfixul.o(.text) refers to llshl.o(.text) for __aeabi_llsl
    init.o(.text) refers to entry5.o(.ARM.Collect$$$$00000004) for __main_after_scatterload
    depilogue.o(.text) refers to llshl.o(.text) for __aeabi_llsl
    depilogue.o(.text) refers to llushr.o(.text) for __aeabi_llsr


==============================================================================

Removing Unused input sections from the image.

    Removing startup.o(HEAP), (0 bytes).
    Removing sdctestmain.o(i.FileSystemTest), (736 bytes).
    Removing sdctestmain.o(i.diskError), (176 bytes).
    Removing sdctestmain.o(.bss), (2172 bytes).
    Removing sdctestmain.o(.constdata), (17 bytes).
    Removing sdctestmain.o(.data), (2 bytes).
    Removing buttonmanager.o(i.downPressed), (12 bytes).
    Removing buttonmanager.o(i.leftPressed), (12 bytes).
    Removing buttonmanager.o(i.rightPressed), (12 bytes).
    Removing buttonmanager.o(i.startPressed), (12 bytes).
    Removing systick.o(i.SysTick_Init), (24 bytes).
    Removing st7735.o(i.Output_Clear), (10 bytes).
    Removing st7735.o(i.Output_Color), (12 bytes).
    Removing st7735.o(i.Output_Off), (8 bytes).
    Removing st7735.o(i.Output_On), (8 bytes).
    Removing st7735.o(i.ST7735_Color565), (24 bytes).
    Removing st7735.o(i.ST7735_DrawChar), (268 bytes).
    Removing st7735.o(i.ST7735_DrawFastHLine), (124 bytes).
    Removing st7735.o(i.ST7735_DrawFastVLine), (124 bytes).
    Removing st7735.o(i.ST7735_InitB), (40 bytes).
    Removing st7735.o(i.ST7735_InvertDisplay), (22 bytes).
    Removing st7735.o(i.ST7735_OutString), (24 bytes).
    Removing st7735.o(i.ST7735_OutUDec), (140 bytes).
    Removing st7735.o(i.ST7735_PlotBar), (88 bytes).
    Removing st7735.o(i.ST7735_PlotClear), (92 bytes).
    Removing st7735.o(i.ST7735_PlotLine), (264 bytes).
    Removing st7735.o(i.ST7735_PlotNext), (32 bytes).
    Removing st7735.o(i.ST7735_PlotNextErase), (64 bytes).
    Removing st7735.o(i.ST7735_PlotPoint), (152 bytes).
    Removing st7735.o(i.ST7735_PlotPoints), (172 bytes).
    Removing st7735.o(i.ST7735_PlotdBfs), (60 bytes).
    Removing st7735.o(i.ST7735_SetRotation), (212 bytes).
    Removing st7735.o(i.ST7735_SetTextColor), (12 bytes).
    Removing st7735.o(i.ST7735_SwapColor), (18 bytes).
    Removing st7735.o(i.ferror), (8 bytes).
    Removing st7735.o(i.fgetc), (6 bytes).
    Removing st7735.o(i.fillmessage), (72 bytes).
    Removing st7735.o(.bss), (12 bytes).
    Removing gameengine.o(i.GameEngine_redraw), (2 bytes).
    Removing gameengine.o(i.GameEngine_update), (2 bytes).
    Removing max5353.o(i.DAC_Out2), (44 bytes).
    Removing frequencytimer.o(i.FrequencyTimer_disarm), (52 bytes).
    Removing diskio.o(i.CS_Init), (172 bytes).
    Removing diskio.o(i.SSI2_Init), (332 bytes).
    Removing diskio.o(i.Timer5_Init), (108 bytes).
    Removing diskio.o(i.deselect), (24 bytes).
    Removing diskio.o(i.disk_initialize), (348 bytes).
    Removing diskio.o(i.disk_ioctl), (552 bytes).
    Removing diskio.o(i.disk_read), (144 bytes).
    Removing diskio.o(i.disk_status), (20 bytes).
    Removing diskio.o(i.disk_write), (180 bytes).
    Removing diskio.o(i.init_spi), (44 bytes).
    Removing diskio.o(i.rcvr_datablock), (72 bytes).
    Removing diskio.o(i.rcvr_spi), (44 bytes).
    Removing diskio.o(i.rcvr_spi_multi), (24 bytes).
    Removing diskio.o(i.select), (56 bytes).
    Removing diskio.o(i.send_cmd), (150 bytes).
    Removing diskio.o(i.wait_ready), (48 bytes).
    Removing diskio.o(i.xchg_spi), (52 bytes).
    Removing diskio.o(i.xmit_datablock), (76 bytes).
    Removing diskio.o(i.xmit_spi_multi), (44 bytes).
    Removing ff.o(i.check_fs), (144 bytes).
    Removing ff.o(i.chk_chr), (24 bytes).
    Removing ff.o(i.clust2sect), (26 bytes).
    Removing ff.o(i.create_chain), (214 bytes).
    Removing ff.o(i.create_name), (436 bytes).
    Removing ff.o(i.dir_alloc), (92 bytes).
    Removing ff.o(i.dir_find), (92 bytes).
    Removing ff.o(i.dir_next), (270 bytes).
    Removing ff.o(i.dir_read), (112 bytes).
    Removing ff.o(i.dir_register), (58 bytes).
    Removing ff.o(i.dir_remove), (54 bytes).
    Removing ff.o(i.dir_sdi), (158 bytes).
    Removing ff.o(i.f_chdir), (84 bytes).
    Removing ff.o(i.f_chmod), (96 bytes).
    Removing ff.o(i.f_close), (32 bytes).
    Removing ff.o(i.f_closedir), (22 bytes).
    Removing ff.o(i.f_getcwd), (274 bytes).
    Removing ff.o(i.f_getfree), (258 bytes).
    Removing ff.o(i.f_getlabel), (190 bytes).
    Removing ff.o(i.f_lseek), (382 bytes).
    Removing ff.o(i.f_mkdir), (364 bytes).
    Removing ff.o(i.f_mkfs), (1608 bytes).
    Removing ff.o(i.f_mount), (92 bytes).
    Removing ff.o(i.f_open), (352 bytes).
    Removing ff.o(i.f_opendir), (110 bytes).
    Removing ff.o(i.f_read), (414 bytes).
    Removing ff.o(i.f_readdir), (88 bytes).
    Removing ff.o(i.f_rename), (270 bytes).
    Removing ff.o(i.f_setlabel), (488 bytes).
    Removing ff.o(i.f_stat), (60 bytes).
    Removing ff.o(i.f_sync), (176 bytes).
    Removing ff.o(i.f_truncate), (184 bytes).
    Removing ff.o(i.f_unlink), (190 bytes).
    Removing ff.o(i.f_utime), (98 bytes).
    Removing ff.o(i.f_write), (470 bytes).
    Removing ff.o(i.find_volume), (908 bytes).
    Removing ff.o(i.follow_path), (176 bytes).
    Removing ff.o(i.get_fat), (242 bytes).
    Removing ff.o(i.get_fileinfo), (116 bytes).
    Removing ff.o(i.get_ldnumber), (74 bytes).
    Removing ff.o(i.ld_clust), (32 bytes).
    Removing ff.o(i.mem_cmp), (38 bytes).
    Removing ff.o(i.mem_cpy), (26 bytes).
    Removing ff.o(i.mem_set), (20 bytes).
    Removing ff.o(i.move_window), (52 bytes).
    Removing ff.o(i.put_fat), (326 bytes).
    Removing ff.o(i.remove_chain), (108 bytes).
    Removing ff.o(i.st_clust), (16 bytes).
    Removing ff.o(i.sync_fs), (200 bytes).
    Removing ff.o(i.sync_window), (82 bytes).
    Removing ff.o(i.validate), (54 bytes).
    Removing ff.o(.constdata), (44 bytes).
    Removing ff.o(.data), (6 bytes).
    Removing dadd.o(.text), (334 bytes).
    Removing dmul.o(.text), (228 bytes).
    Removing ddiv.o(.text), (222 bytes).
    Removing dfixul.o(.text), (48 bytes).
    Removing cdrcmple.o(.text), (40 bytes).
    Removing depilogue.o(.text), (190 bytes).

120 unused section(s) (total 19397 bytes) removed from the image.

==============================================================================

Image Symbol Table

    Local Symbols

    Symbol Name                              Value     Ov Type        Size  Object(Section)

    RESET                                    0x00000000   Section      644  startup.o(RESET)
    ../clib/../cmprslib/zerorunl2.c          0x00000000   Number         0  __dczerorl2.o ABSOLUTE
    ../clib/microlib/division.c              0x00000000   Number         0  uldiv.o ABSOLUTE
    ../clib/microlib/division.c              0x00000000   Number         0  uidiv.o ABSOLUTE
    ../clib/microlib/init/entry.s            0x00000000   Number         0  entry11b.o ABSOLUTE
    ../clib/microlib/init/entry.s            0x00000000   Number         0  entry7a.o ABSOLUTE
    ../clib/microlib/init/entry.s            0x00000000   Number         0  entry7b.o ABSOLUTE
    ../clib/microlib/init/entry.s            0x00000000   Number         0  entry8a.o ABSOLUTE
    ../clib/microlib/init/entry.s            0x00000000   Number         0  entry8b.o ABSOLUTE
    ../clib/microlib/init/entry.s            0x00000000   Number         0  entry9a.o ABSOLUTE
    ../clib/microlib/init/entry.s            0x00000000   Number         0  entry9b.o ABSOLUTE
    ../clib/microlib/init/entry.s            0x00000000   Number         0  entry10a.o ABSOLUTE
    ../clib/microlib/init/entry.s            0x00000000   Number         0  entry11a.o ABSOLUTE
    ../clib/microlib/init/entry.s            0x00000000   Number         0  entry.o ABSOLUTE
    ../clib/microlib/init/entry.s            0x00000000   Number         0  entry10b.o ABSOLUTE
    ../clib/microlib/init/entry.s            0x00000000   Number         0  entry5.o ABSOLUTE
    ../clib/microlib/init/entry.s            0x00000000   Number         0  entry2.o ABSOLUTE
    ../clib/microlib/longlong.c              0x00000000   Number         0  llshl.o ABSOLUTE
    ../clib/microlib/longlong.c              0x00000000   Number         0  llushr.o ABSOLUTE
    ../clib/microlib/longlong.c              0x00000000   Number         0  llsshr.o ABSOLUTE
    ../clib/microlib/printf/printf.c         0x00000000   Number         0  printf0.o ABSOLUTE
    ../clib/microlib/printf/printf.c         0x00000000   Number         0  printf3.o ABSOLUTE
    ../clib/microlib/printf/printf.c         0x00000000   Number         0  printf6.o ABSOLUTE
    ../clib/microlib/printf/printf.c         0x00000000   Number         0  printf4.o ABSOLUTE
    ../clib/microlib/printf/printf.c         0x00000000   Number         0  printf5.o ABSOLUTE
    ../clib/microlib/printf/printf.c         0x00000000   Number         0  printf2.o ABSOLUTE
    ../clib/microlib/printf/printf.c         0x00000000   Number         0  printfb.o ABSOLUTE
    ../clib/microlib/printf/printf.c         0x00000000   Number         0  printf1.o ABSOLUTE
    ../clib/microlib/printf/printf.c         0x00000000   Number         0  printf7.o ABSOLUTE
    ../clib/microlib/printf/printf.c         0x00000000   Number         0  printf8.o ABSOLUTE
    ../clib/microlib/printf/printf.c         0x00000000   Number         0  printfa.o ABSOLUTE
    ../clib/microlib/printf/stubs.s          0x00000000   Number         0  stubs.o ABSOLUTE
    ../clib/microlib/stdio/streams.c         0x00000000   Number         0  stdout.o ABSOLUTE
    ../clib/microlib/stubs.s                 0x00000000   Number         0  iusefp.o ABSOLUTE
    ../fplib/microlib/fpadd.c                0x00000000   Number         0  dadd.o ABSOLUTE
    ../fplib/microlib/fpdiv.c                0x00000000   Number         0  ddiv.o ABSOLUTE
    ../fplib/microlib/fpepilogue.c           0x00000000   Number         0  depilogue.o ABSOLUTE
    ../fplib/microlib/fpfix.c                0x00000000   Number         0  dfixul.o ABSOLUTE
    ../fplib/microlib/fpmul.c                0x00000000   Number         0  dmul.o ABSOLUTE
    ActiveState.c                            0x00000000   Number         0  activestate.o ABSOLUTE
    ButtonManager.c                          0x00000000   Number         0  buttonmanager.o ABSOLUTE
    FrequencyTimer.c                         0x00000000   Number         0  frequencytimer.o ABSOLUTE
    GameEngine.c                             0x00000000   Number         0  gameengine.o ABSOLUTE
    Heartbeat.c                              0x00000000   Number         0  heartbeat.o ABSOLUTE
    MAX5353.c                                0x00000000   Number         0  max5353.o ABSOLUTE
    PLL.c                                    0x00000000   Number         0  pll.o ABSOLUTE
    PauseState.c                             0x00000000   Number         0  pausestate.o ABSOLUTE
    SDCTestMain.c                            0x00000000   Number         0  sdctestmain.o ABSOLUTE
    ST7735.c                                 0x00000000   Number         0  st7735.o ABSOLUTE
    ST7735.c                                 0x00000000   Number         0  st7735.o ABSOLUTE
    SysTick.c                                0x00000000   Number         0  systick.o ABSOLUTE
    cdrcmple.s                               0x00000000   Number         0  cdrcmple.o ABSOLUTE
    dc.s                                     0x00000000   Number         0  dc.o ABSOLUTE
    diskio.c                                 0x00000000   Number         0  diskio.o ABSOLUTE
    ff.c                                     0x00000000   Number         0  ff.o ABSOLUTE
    handlers.s                               0x00000000   Number         0  handlers.o ABSOLUTE
    init.s                                   0x00000000   Number         0  init.o ABSOLUTE
    startup.s                                0x00000000   Number         0  startup.o ABSOLUTE
    .ARM.Collect$$$$00000000                 0x00000284   Section        0  entry.o(.ARM.Collect$$$$00000000)
    .ARM.Collect$$$$00000001                 0x00000284   Section        4  entry2.o(.ARM.Collect$$$$00000001)
    .ARM.Collect$$$$00000004                 0x00000288   Section        4  entry5.o(.ARM.Collect$$$$00000004)
    .ARM.Collect$$$$00000008                 0x0000028c   Section        0  entry7b.o(.ARM.Collect$$$$00000008)
    .ARM.Collect$$$$0000000A                 0x0000028c   Section        0  entry8b.o(.ARM.Collect$$$$0000000A)
    .ARM.Collect$$$$0000000B                 0x0000028c   Section        8  entry9a.o(.ARM.Collect$$$$0000000B)
    .ARM.Collect$$$$0000000D                 0x00000294   Section        0  entry10a.o(.ARM.Collect$$$$0000000D)
    .ARM.Collect$$$$0000000F                 0x00000294   Section        0  entry11a.o(.ARM.Collect$$$$0000000F)
    .ARM.Collect$$$$00002712                 0x00000294   Section        4  entry2.o(.ARM.Collect$$$$00002712)
    __lit__00000000                          0x00000294   Data           4  entry2.o(.ARM.Collect$$$$00002712)
    .emb_text                                0x00000298   Section        6  st7735.o(.emb_text)
    .text                                    0x000002a0   Section       28  startup.o(.text)
    .text                                    0x000002bc   Section        0  uidiv.o(.text)
    .text                                    0x000002e8   Section       36  init.o(.text)
    .text                                    0x0000030c   Section        0  __dczerorl2.o(.text)
    i.ActiveState_get                        0x00000368   Section        0  activestate.o(i.ActiveState_get)
    i.ActiveState_set                        0x00000374   Section        0  activestate.o(i.ActiveState_set)
    i.ButtonManager_Init                     0x00000398   Section        0  buttonmanager.o(i.ButtonManager_Init)
    i.CheckDebounce                          0x000003a4   Section        0  buttonmanager.o(i.CheckDebounce)
    i.DAC_Init                               0x000003e0   Section        0  max5353.o(i.DAC_Init)
    i.DAC_Out                                0x00000484   Section        0  max5353.o(i.DAC_Out)
    i.DC_Init                                0x0000049c   Section        0  st7735.o(i.DC_Init)
    i.Delay1ms                               0x0000052c   Section        0  st7735.o(i.Delay1ms)
    i.FrequencyTimer_Init                    0x00000544   Section        0  frequencytimer.o(i.FrequencyTimer_Init)
    i.FrequencyTimer_arm                     0x000005bc   Section        0  frequencytimer.o(i.FrequencyTimer_arm)
    i.GPIOPortD_Handler                      0x00000600   Section        0  buttonmanager.o(i.GPIOPortD_Handler)
    i.GPIOPortE_Handler                      0x00000664   Section        0  buttonmanager.o(i.GPIOPortE_Handler)
    i.GameEngine_Init                        0x00000688   Section        0  gameengine.o(i.GameEngine_Init)
    i.GameEngine_downPressed                 0x00000744   Section        0  gameengine.o(i.GameEngine_downPressed)
    i.GameEngine_drawInitial                 0x00000750   Section        0  gameengine.o(i.GameEngine_drawInitial)
    i.GameEngine_leftPressed                 0x00000754   Section        0  gameengine.o(i.GameEngine_leftPressed)
    i.GameEngine_playSound                   0x00000760   Section        0  gameengine.o(i.GameEngine_playSound)
    i.GameEngine_rightPressed                0x00000764   Section        0  gameengine.o(i.GameEngine_rightPressed)
    i.GameEngine_startPressed                0x00000770   Section        0  gameengine.o(i.GameEngine_startPressed)
    i.GameEngine_upPressed                   0x00000780   Section        0  gameengine.o(i.GameEngine_upPressed)
    i.GameEngine_updateState                 0x0000078c   Section        0  gameengine.o(i.GameEngine_updateState)
    i.Heartbeat_Init                         0x00000790   Section        0  heartbeat.o(i.Heartbeat_Init)
    i.Heartbeat_blink                        0x0000083c   Section        0  heartbeat.o(i.Heartbeat_blink)
    i.Output_Init                            0x00000850   Section        0  st7735.o(i.Output_Init)
    i.PLL_Init                               0x00000860   Section        0  pll.o(i.PLL_Init)
    i.PauseState_drawInitial                 0x000008dc   Section        0  pausestate.o(i.PauseState_drawInitial)
    i.PauseState_startPressed                0x000008e0   Section        0  pausestate.o(i.PauseState_startPressed)
    i.PortD_Init                             0x000008f8   Section        0  buttonmanager.o(i.PortD_Init)
    i.PortE_Init                             0x000009f8   Section        0  buttonmanager.o(i.PortE_Init)
    i.ST7735_DrawBitmap                      0x00000af4   Section        0  st7735.o(i.ST7735_DrawBitmap)
    i.ST7735_DrawCharS                       0x00000c14   Section        0  st7735.o(i.ST7735_DrawCharS)
    i.ST7735_DrawPixel                       0x00000d08   Section        0  st7735.o(i.ST7735_DrawPixel)
    i.ST7735_DrawString                      0x00000d50   Section        0  st7735.o(i.ST7735_DrawString)
    i.ST7735_FillRect                        0x00000da8   Section        0  st7735.o(i.ST7735_FillRect)
    i.ST7735_FillScreen                      0x00000e54   Section        0  st7735.o(i.ST7735_FillScreen)
    i.ST7735_InitR                           0x00000e78   Section        0  st7735.o(i.ST7735_InitR)
    i.ST7735_OutChar                         0x00000ef4   Section        0  st7735.o(i.ST7735_OutChar)
    i.ST7735_SetCursor                       0x00000fc8   Section        0  st7735.o(i.ST7735_SetCursor)
    i.SysTick_Wait                           0x00000fe8   Section        0  systick.o(i.SysTick_Wait)
    i.SysTick_Wait10ms                       0x00001008   Section        0  systick.o(i.SysTick_Wait10ms)
    i.TIMER1_Init                            0x00001024   Section        0  heartbeat.o(i.TIMER1_Init)
    i.Timer0A_Handler                        0x000010b8   Section        0  frequencytimer.o(i.Timer0A_Handler)
    i.Timer1A_Handler                        0x00001104   Section        0  heartbeat.o(i.Timer1A_Handler)
    i.Timer5A_Handler                        0x00001128   Section        0  diskio.o(i.Timer5A_Handler)
    i.__0printf$1                            0x0000113c   Section        0  printf1.o(i.__0printf$1)
    i.__scatterload_copy                     0x0000115c   Section       14  handlers.o(i.__scatterload_copy)
    i.__scatterload_null                     0x0000116a   Section        2  handlers.o(i.__scatterload_null)
    i.__scatterload_zeroinit                 0x0000116c   Section       14  handlers.o(i.__scatterload_zeroinit)
    i._printf_core                           0x0000117c   Section        0  printf1.o(i._printf_core)
    _printf_core                             0x0000117d   Thumb Code   334  printf1.o(i._printf_core)
    i.commandList                            0x000012d0   Section        0  st7735.o(i.commandList)
    commandList                              0x000012d1   Thumb Code    86  st7735.o(i.commandList)
    i.commonInit                             0x00001328   Section        0  st7735.o(i.commonInit)
    commonInit                               0x00001329   Thumb Code   514  st7735.o(i.commonInit)
    i.disk_timerproc                         0x00001570   Section        0  diskio.o(i.disk_timerproc)
    i.drawCommon                             0x000015b0   Section        0  gameengine.o(i.drawCommon)
    i.drawSprite                             0x000015c8   Section        0  gameengine.o(i.drawSprite)
    i.fputc                                  0x000015f8   Section        0  st7735.o(i.fputc)
    i.ind_to_pix                             0x00001608   Section        0  gameengine.o(i.ind_to_pix)
    i.main                                   0x00001620   Section        0  sdctestmain.o(i.main)
    i.pushColor                              0x00001684   Section        0  st7735.o(i.pushColor)
    pushColor                                0x00001685   Thumb Code    18  st7735.o(i.pushColor)
    i.setAddrWindow                          0x00001698   Section        0  st7735.o(i.setAddrWindow)
    setAddrWindow                            0x00001699   Thumb Code   106  st7735.o(i.setAddrWindow)
    i.upPressed                              0x0000170c   Section        0  buttonmanager.o(i.upPressed)
    i.writecommand                           0x00001718   Section        0  st7735.o(i.writecommand)
    writecommand                             0x00001719   Thumb Code    66  st7735.o(i.writecommand)
    i.writedata                              0x00001770   Section        0  st7735.o(i.writedata)
    writedata                                0x00001771   Thumb Code    70  st7735.o(i.writedata)
    .constdata                               0x000017cc   Section       12  buttonmanager.o(.constdata)
    .constdata                               0x000017d8   Section     2018  st7735.o(.constdata)
    Font                                     0x000017d8   Data        1275  st7735.o(.constdata)
    Bcmd                                     0x00001cd3   Data         103  st7735.o(.constdata)
    Rcmd1                                    0x00001d3a   Data          59  st7735.o(.constdata)
    Rcmd2green                               0x00001d75   Data          13  st7735.o(.constdata)
    Rcmd2red                                 0x00001d82   Data          13  st7735.o(.constdata)
    Rcmd3                                    0x00001d8f   Data          43  st7735.o(.constdata)
    .constdata                               0x00001fba   Section       90  gameengine.o(.constdata)
    .data                                    0x20000000   Section        1  heartbeat.o(.data)
    .data                                    0x20000004   Section       44  st7735.o(.data)
    _width                                   0x2000000e   Data           2  st7735.o(.data)
    _height                                  0x20000010   Data           2  st7735.o(.data)
    ColStart                                 0x20000018   Data           1  st7735.o(.data)
    RowStart                                 0x20000019   Data           1  st7735.o(.data)
    Rotation                                 0x2000001a   Data           1  st7735.o(.data)
    TabColor                                 0x2000001b   Data           1  st7735.o(.data)
    .data                                    0x20000030   Section      508  gameengine.o(.data)
    .data                                    0x2000022c   Section       74  frequencytimer.o(.data)
    ind                                      0x2000026c   Data           1  frequencytimer.o(.data)
    .data                                    0x20000278   Section       13  diskio.o(.data)
    Stat                                     0x20000278   Data           1  diskio.o(.data)
    Timer1                                   0x2000027c   Data           4  diskio.o(.data)
    Timer2                                   0x20000280   Data           4  diskio.o(.data)
    CardType                                 0x20000284   Data           1  diskio.o(.data)
    .data                                    0x20000288   Section        4  activestate.o(.data)
    .data                                    0x2000028c   Section       32  pausestate.o(.data)
    .data                                    0x200002ac   Section        4  stdout.o(.data)
    STACK                                    0x200002b0   Section     1024  startup.o(STACK)
    StackMem                                 0x200002b0   Data           0  startup.o(STACK)

    Global Symbols

    Symbol Name                              Value     Ov Type        Size  Object(Section)

    BuildAttributes$$THM_ISAv4$E$P$D$K$B$S$7EM$PE$A:L22UL41UL21$X:L11$S22US41US21$IEEE1$IW$USESV6$~STKCKD$USESV7$~SHL$OSPACE$ROPI$EBA8$MICROLIB$REQ8$PRES8$EABIv2 0x00000000   Number         0  anon$$obj.o ABSOLUTE
    __ARM_use_no_argv                        0x00000000   Number         0  sdctestmain.o ABSOLUTE
    __Vectors                                0x00000000   Data           0  startup.o(RESET)
    _printf_a                                0x00000000   Number         0  stubs.o ABSOLUTE
    _printf_c                                0x00000000   Number         0  stubs.o ABSOLUTE
    _printf_charcount                        0x00000000   Number         0  stubs.o ABSOLUTE
    _printf_d                                0x00000000   Number         0  stubs.o ABSOLUTE
    _printf_e                                0x00000000   Number         0  stubs.o ABSOLUTE
    _printf_f                                0x00000000   Number         0  stubs.o ABSOLUTE
    _printf_flags                            0x00000000   Number         0  stubs.o ABSOLUTE
    _printf_fp_dec                           0x00000000   Number         0  stubs.o ABSOLUTE
    _printf_fp_hex                           0x00000000   Number         0  stubs.o ABSOLUTE
    _printf_g                                0x00000000   Number         0  stubs.o ABSOLUTE
    _printf_i                                0x00000000   Number         0  stubs.o ABSOLUTE
    _printf_int_dec                          0x00000000   Number         0  stubs.o ABSOLUTE
    _printf_l                                0x00000000   Number         0  stubs.o ABSOLUTE
    _printf_lc                               0x00000000   Number         0  stubs.o ABSOLUTE
    _printf_ll                               0x00000000   Number         0  stubs.o ABSOLUTE
    _printf_lld                              0x00000000   Number         0  stubs.o ABSOLUTE
    _printf_lli                              0x00000000   Number         0  stubs.o ABSOLUTE
    _printf_llo                              0x00000000   Number         0  stubs.o ABSOLUTE
    _printf_llu                              0x00000000   Number         0  stubs.o ABSOLUTE
    _printf_llx                              0x00000000   Number         0  stubs.o ABSOLUTE
    _printf_longlong_dec                     0x00000000   Number         0  stubs.o ABSOLUTE
    _printf_longlong_hex                     0x00000000   Number         0  stubs.o ABSOLUTE
    _printf_longlong_oct                     0x00000000   Number         0  stubs.o ABSOLUTE
    _printf_ls                               0x00000000   Number         0  stubs.o ABSOLUTE
    _printf_mbtowc                           0x00000000   Number         0  stubs.o ABSOLUTE
    _printf_n                                0x00000000   Number         0  stubs.o ABSOLUTE
    _printf_o                                0x00000000   Number         0  stubs.o ABSOLUTE
    _printf_p                                0x00000000   Number         0  stubs.o ABSOLUTE
    _printf_percent                          0x00000000   Number         0  stubs.o ABSOLUTE
    _printf_pre_padding                      0x00000000   Number         0  stubs.o ABSOLUTE
    _printf_return_value                     0x00000000   Number         0  stubs.o ABSOLUTE
    _printf_s                                0x00000000   Number         0  stubs.o ABSOLUTE
    _printf_sizespec                         0x00000000   Number         0  stubs.o ABSOLUTE
    _printf_str                              0x00000000   Number         0  stubs.o ABSOLUTE
    _printf_truncate_signed                  0x00000000   Number         0  stubs.o ABSOLUTE
    _printf_truncate_unsigned                0x00000000   Number         0  stubs.o ABSOLUTE
    _printf_u                                0x00000000   Number         0  stubs.o ABSOLUTE
    _printf_wc                               0x00000000   Number         0  stubs.o ABSOLUTE
    _printf_wctomb                           0x00000000   Number         0  stubs.o ABSOLUTE
    _printf_widthprec                        0x00000000   Number         0  stubs.o ABSOLUTE
    _printf_x                                0x00000000   Number         0  stubs.o ABSOLUTE
    __cpp_initialize__aeabi_                  - Undefined Weak Reference
    __cxa_finalize                            - Undefined Weak Reference
    _clock_init                               - Undefined Weak Reference
    _microlib_exit                            - Undefined Weak Reference
    Reset_Handler                            0x0000026d   Thumb Code     0  startup.o(RESET)
    NMI_Handler                              0x00000271   Thumb Code     2  startup.o(RESET)
    HardFault_Handler                        0x00000273   Thumb Code     2  startup.o(RESET)
    MemManage_Handler                        0x00000275   Thumb Code     2  startup.o(RESET)
    BusFault_Handler                         0x00000277   Thumb Code     2  startup.o(RESET)
    UsageFault_Handler                       0x00000279   Thumb Code     2  startup.o(RESET)
    SVC_Handler                              0x0000027b   Thumb Code     2  startup.o(RESET)
    DebugMon_Handler                         0x0000027d   Thumb Code     2  startup.o(RESET)
    PendSV_Handler                           0x0000027f   Thumb Code     2  startup.o(RESET)
    SysTick_Handler                          0x00000281   Thumb Code     2  startup.o(RESET)
    ADC0Seq0_Handler                         0x00000283   Thumb Code     0  startup.o(RESET)
    ADC0Seq1_Handler                         0x00000283   Thumb Code     0  startup.o(RESET)
    ADC0Seq2_Handler                         0x00000283   Thumb Code     0  startup.o(RESET)
    ADC0Seq3_Handler                         0x00000283   Thumb Code     0  startup.o(RESET)
    ADC1Seq0_Handler                         0x00000283   Thumb Code     0  startup.o(RESET)
    ADC1Seq1_Handler                         0x00000283   Thumb Code     0  startup.o(RESET)
    ADC1Seq2_Handler                         0x00000283   Thumb Code     0  startup.o(RESET)
    ADC1Seq3_Handler                         0x00000283   Thumb Code     0  startup.o(RESET)
    CAN0_Handler                             0x00000283   Thumb Code     0  startup.o(RESET)
    CAN1_Handler                             0x00000283   Thumb Code     0  startup.o(RESET)
    CAN2_Handler                             0x00000283   Thumb Code     0  startup.o(RESET)
    Comp0_Handler                            0x00000283   Thumb Code     0  startup.o(RESET)
    Comp1_Handler                            0x00000283   Thumb Code     0  startup.o(RESET)
    Comp2_Handler                            0x00000283   Thumb Code     0  startup.o(RESET)
    Ethernet_Handler                         0x00000283   Thumb Code     0  startup.o(RESET)
    ExtBus_Handler                           0x00000283   Thumb Code     0  startup.o(RESET)
    FPU_Handler                              0x00000283   Thumb Code     0  startup.o(RESET)
    Fan0_Handler                             0x00000283   Thumb Code     0  startup.o(RESET)
    FlashCtl_Handler                         0x00000283   Thumb Code     0  startup.o(RESET)
    GPIOPortA_Handler                        0x00000283   Thumb Code     0  startup.o(RESET)
    GPIOPortB_Handler                        0x00000283   Thumb Code     0  startup.o(RESET)
    GPIOPortC_Handler                        0x00000283   Thumb Code     0  startup.o(RESET)
    GPIOPortF_Handler                        0x00000283   Thumb Code     0  startup.o(RESET)
    GPIOPortG_Handler                        0x00000283   Thumb Code     0  startup.o(RESET)
    GPIOPortH_Handler                        0x00000283   Thumb Code     0  startup.o(RESET)
    GPIOPortJ_Handler                        0x00000283   Thumb Code     0  startup.o(RESET)
    GPIOPortK_Handler                        0x00000283   Thumb Code     0  startup.o(RESET)
    GPIOPortL_Handler                        0x00000283   Thumb Code     0  startup.o(RESET)
    GPIOPortM_Handler                        0x00000283   Thumb Code     0  startup.o(RESET)
    GPIOPortN_Handler                        0x00000283   Thumb Code     0  startup.o(RESET)
    GPIOPortP1_Handler                       0x00000283   Thumb Code     0  startup.o(RESET)
    GPIOPortP2_Handler                       0x00000283   Thumb Code     0  startup.o(RESET)
    GPIOPortP3_Handler                       0x00000283   Thumb Code     0  startup.o(RESET)
    GPIOPortP4_Handler                       0x00000283   Thumb Code     0  startup.o(RESET)
    GPIOPortP5_Handler                       0x00000283   Thumb Code     0  startup.o(RESET)
    GPIOPortP6_Handler                       0x00000283   Thumb Code     0  startup.o(RESET)
    GPIOPortP7_Handler                       0x00000283   Thumb Code     0  startup.o(RESET)
    GPIOPortP_Handler                        0x00000283   Thumb Code     0  startup.o(RESET)
    GPIOPortQ1_Handler                       0x00000283   Thumb Code     0  startup.o(RESET)
    GPIOPortQ2_Handler                       0x00000283   Thumb Code     0  startup.o(RESET)
    GPIOPortQ3_Handler                       0x00000283   Thumb Code     0  startup.o(RESET)
    GPIOPortQ4_Handler                       0x00000283   Thumb Code     0  startup.o(RESET)
    GPIOPortQ5_Handler                       0x00000283   Thumb Code     0  startup.o(RESET)
    GPIOPortQ6_Handler                       0x00000283   Thumb Code     0  startup.o(RESET)
    GPIOPortQ7_Handler                       0x00000283   Thumb Code     0  startup.o(RESET)
    GPIOPortQ_Handler                        0x00000283   Thumb Code     0  startup.o(RESET)
    GPIOPortR_Handler                        0x00000283   Thumb Code     0  startup.o(RESET)
    GPIOPortS_Handler                        0x00000283   Thumb Code     0  startup.o(RESET)
    Hibernate_Handler                        0x00000283   Thumb Code     0  startup.o(RESET)
    I2C0_Handler                             0x00000283   Thumb Code     0  startup.o(RESET)
    I2C1_Handler                             0x00000283   Thumb Code     0  startup.o(RESET)
    I2C2_Handler                             0x00000283   Thumb Code     0  startup.o(RESET)
    I2C3_Handler                             0x00000283   Thumb Code     0  startup.o(RESET)
    I2C4_Handler                             0x00000283   Thumb Code     0  startup.o(RESET)
    I2C5_Handler                             0x00000283   Thumb Code     0  startup.o(RESET)
    I2S0_Handler                             0x00000283   Thumb Code     0  startup.o(RESET)
    LPC0_Handler                             0x00000283   Thumb Code     0  startup.o(RESET)
    PECI0_Handler                            0x00000283   Thumb Code     0  startup.o(RESET)
    PWM0Fault_Handler                        0x00000283   Thumb Code     0  startup.o(RESET)
    PWM0Generator0_Handler                   0x00000283   Thumb Code     0  startup.o(RESET)
    PWM0Generator1_Handler                   0x00000283   Thumb Code     0  startup.o(RESET)
    PWM0Generator2_Handler                   0x00000283   Thumb Code     0  startup.o(RESET)
    PWM0Generator3_Handler                   0x00000283   Thumb Code     0  startup.o(RESET)
    PWM1Fault_Handler                        0x00000283   Thumb Code     0  startup.o(RESET)
    PWM1Generator0_Handler                   0x00000283   Thumb Code     0  startup.o(RESET)
    PWM1Generator1_Handler                   0x00000283   Thumb Code     0  startup.o(RESET)
    PWM1Generator2_Handler                   0x00000283   Thumb Code     0  startup.o(RESET)
    PWM1Generator3_Handler                   0x00000283   Thumb Code     0  startup.o(RESET)
    Quadrature0_Handler                      0x00000283   Thumb Code     0  startup.o(RESET)
    Quadrature1_Handler                      0x00000283   Thumb Code     0  startup.o(RESET)
    Quadrature2_Handler                      0x00000283   Thumb Code     0  startup.o(RESET)
    SSI0_Handler                             0x00000283   Thumb Code     0  startup.o(RESET)
    SSI1_Handler                             0x00000283   Thumb Code     0  startup.o(RESET)
    SSI2_Handler                             0x00000283   Thumb Code     0  startup.o(RESET)
    SSI3_Handler                             0x00000283   Thumb Code     0  startup.o(RESET)
    SysCtl_Handler                           0x00000283   Thumb Code     0  startup.o(RESET)
    Timer0B_Handler                          0x00000283   Thumb Code     0  startup.o(RESET)
    Timer1B_Handler                          0x00000283   Thumb Code     0  startup.o(RESET)
    Timer2A_Handler                          0x00000283   Thumb Code     0  startup.o(RESET)
    Timer2B_Handler                          0x00000283   Thumb Code     0  startup.o(RESET)
    Timer3A_Handler                          0x00000283   Thumb Code     0  startup.o(RESET)
    Timer3B_Handler                          0x00000283   Thumb Code     0  startup.o(RESET)
    Timer4A_Handler                          0x00000283   Thumb Code     0  startup.o(RESET)
    Timer4B_Handler                          0x00000283   Thumb Code     0  startup.o(RESET)
    Timer5B_Handler                          0x00000283   Thumb Code     0  startup.o(RESET)
    UART0_Handler                            0x00000283   Thumb Code     0  startup.o(RESET)
    UART1_Handler                            0x00000283   Thumb Code     0  startup.o(RESET)
    UART2_Handler                            0x00000283   Thumb Code     0  startup.o(RESET)
    UART3_Handler                            0x00000283   Thumb Code     0  startup.o(RESET)
    UART4_Handler                            0x00000283   Thumb Code     0  startup.o(RESET)
    UART5_Handler                            0x00000283   Thumb Code     0  startup.o(RESET)
    UART6_Handler                            0x00000283   Thumb Code     0  startup.o(RESET)
    UART7_Handler                            0x00000283   Thumb Code     0  startup.o(RESET)
    USB0_Handler                             0x00000283   Thumb Code     0  startup.o(RESET)
    WDT_Handler                              0x00000283   Thumb Code     0  startup.o(RESET)
    WideTimer0A_Handler                      0x00000283   Thumb Code     0  startup.o(RESET)
    WideTimer0B_Handler                      0x00000283   Thumb Code     0  startup.o(RESET)
    WideTimer1A_Handler                      0x00000283   Thumb Code     0  startup.o(RESET)
    WideTimer1B_Handler                      0x00000283   Thumb Code     0  startup.o(RESET)
    WideTimer2A_Handler                      0x00000283   Thumb Code     0  startup.o(RESET)
    WideTimer2B_Handler                      0x00000283   Thumb Code     0  startup.o(RESET)
    WideTimer3A_Handler                      0x00000283   Thumb Code     0  startup.o(RESET)
    WideTimer3B_Handler                      0x00000283   Thumb Code     0  startup.o(RESET)
    WideTimer4A_Handler                      0x00000283   Thumb Code     0  startup.o(RESET)
    WideTimer4B_Handler                      0x00000283   Thumb Code     0  startup.o(RESET)
    WideTimer5A_Handler                      0x00000283   Thumb Code     0  startup.o(RESET)
    WideTimer5B_Handler                      0x00000283   Thumb Code     0  startup.o(RESET)
    uDMA_Error                               0x00000283   Thumb Code     0  startup.o(RESET)
    uDMA_Handler                             0x00000283   Thumb Code     0  startup.o(RESET)
    __main                                   0x00000285   Thumb Code     0  entry.o(.ARM.Collect$$$$00000000)
    _main_stk                                0x00000285   Thumb Code     0  entry2.o(.ARM.Collect$$$$00000001)
    _main_scatterload                        0x00000289   Thumb Code     0  entry5.o(.ARM.Collect$$$$00000004)
    __main_after_scatterload                 0x0000028d   Thumb Code     0  entry5.o(.ARM.Collect$$$$00000004)
    _main_clock                              0x0000028d   Thumb Code     0  entry7b.o(.ARM.Collect$$$$00000008)
    _main_cpp_init                           0x0000028d   Thumb Code     0  entry8b.o(.ARM.Collect$$$$0000000A)
    _main_init                               0x0000028d   Thumb Code     0  entry9a.o(.ARM.Collect$$$$0000000B)
    __rt_final_cpp                           0x00000295   Thumb Code     0  entry10a.o(.ARM.Collect$$$$0000000D)
    __rt_final_exit                          0x00000295   Thumb Code     0  entry11a.o(.ARM.Collect$$$$0000000F)
    Delay                                    0x00000299   Thumb Code     6  st7735.o(.emb_text)
    DisableInterrupts                        0x000002a1   Thumb Code     0  startup.o(.text)
    EnableInterrupts                         0x000002a5   Thumb Code     0  startup.o(.text)
    StartCritical                            0x000002a9   Thumb Code     0  startup.o(.text)
    EndCritical                              0x000002b1   Thumb Code     0  startup.o(.text)
    WaitForInterrupt                         0x000002b7   Thumb Code     0  startup.o(.text)
    __aeabi_uidiv                            0x000002bd   Thumb Code     0  uidiv.o(.text)
    __aeabi_uidivmod                         0x000002bd   Thumb Code    44  uidiv.o(.text)
    __scatterload                            0x000002e9   Thumb Code    28  init.o(.text)
    __scatterload_rt2                        0x000002e9   Thumb Code     0  init.o(.text)
    __decompress                             0x0000030d   Thumb Code     0  __dczerorl2.o(.text)
    __decompress1                            0x0000030d   Thumb Code    92  __dczerorl2.o(.text)
    ActiveState_get                          0x00000369   Thumb Code     6  activestate.o(i.ActiveState_get)
    ActiveState_set                          0x00000375   Thumb Code    30  activestate.o(i.ActiveState_set)
    ButtonManager_Init                       0x00000399   Thumb Code    12  buttonmanager.o(i.ButtonManager_Init)
    CheckDebounce                            0x000003a5   Thumb Code    60  buttonmanager.o(i.CheckDebounce)
    DAC_Init                                 0x000003e1   Thumb Code   136  max5353.o(i.DAC_Init)
    DAC_Out                                  0x00000485   Thumb Code    18  max5353.o(i.DAC_Out)
    DC_Init                                  0x0000049d   Thumb Code   126  st7735.o(i.DC_Init)
    Delay1ms                                 0x0000052d   Thumb Code    22  st7735.o(i.Delay1ms)
    FrequencyTimer_Init                      0x00000545   Thumb Code   104  frequencytimer.o(i.FrequencyTimer_Init)
    FrequencyTimer_arm                       0x000005bd   Thumb Code    62  frequencytimer.o(i.FrequencyTimer_arm)
    GPIOPortD_Handler                        0x00000601   Thumb Code    82  buttonmanager.o(i.GPIOPortD_Handler)
    GPIOPortE_Handler                        0x00000665   Thumb Code    22  buttonmanager.o(i.GPIOPortE_Handler)
    GameEngine_Init                          0x00000689   Thumb Code   176  gameengine.o(i.GameEngine_Init)
    GameEngine_downPressed                   0x00000745   Thumb Code     8  gameengine.o(i.GameEngine_downPressed)
    GameEngine_drawInitial                   0x00000751   Thumb Code     2  gameengine.o(i.GameEngine_drawInitial)
    GameEngine_leftPressed                   0x00000755   Thumb Code     8  gameengine.o(i.GameEngine_leftPressed)
    GameEngine_playSound                     0x00000761   Thumb Code     2  gameengine.o(i.GameEngine_playSound)
    GameEngine_rightPressed                  0x00000765   Thumb Code     8  gameengine.o(i.GameEngine_rightPressed)
    GameEngine_startPressed                  0x00000771   Thumb Code    10  gameengine.o(i.GameEngine_startPressed)
    GameEngine_upPressed                     0x00000781   Thumb Code     8  gameengine.o(i.GameEngine_upPressed)
    GameEngine_updateState                   0x0000078d   Thumb Code     2  gameengine.o(i.GameEngine_updateState)
    Heartbeat_Init                           0x00000791   Thumb Code   150  heartbeat.o(i.Heartbeat_Init)
    Heartbeat_blink                          0x0000083d   Thumb Code    14  heartbeat.o(i.Heartbeat_blink)
    Output_Init                              0x00000851   Thumb Code    16  st7735.o(i.Output_Init)
    PLL_Init                                 0x00000861   Thumb Code   118  pll.o(i.PLL_Init)
    PauseState_drawInitial                   0x000008dd   Thumb Code     2  pausestate.o(i.PauseState_drawInitial)
    PauseState_startPressed                  0x000008e1   Thumb Code    18  pausestate.o(i.PauseState_startPressed)
    PortD_Init                               0x000008f9   Thumb Code   234  buttonmanager.o(i.PortD_Init)
    PortE_Init                               0x000009f9   Thumb Code   230  buttonmanager.o(i.PortE_Init)
    ST7735_DrawBitmap                        0x00000af5   Thumb Code   280  st7735.o(i.ST7735_DrawBitmap)
    ST7735_DrawCharS                         0x00000c15   Thumb Code   232  st7735.o(i.ST7735_DrawCharS)
    ST7735_DrawPixel                         0x00000d09   Thumb Code    64  st7735.o(i.ST7735_DrawPixel)
    ST7735_DrawString                        0x00000d51   Thumb Code    86  st7735.o(i.ST7735_DrawString)
    ST7735_FillRect                          0x00000da9   Thumb Code   164  st7735.o(i.ST7735_FillRect)
    ST7735_FillScreen                        0x00000e55   Thumb Code    28  st7735.o(i.ST7735_FillScreen)
    ST7735_InitR                             0x00000e79   Thumb Code    90  st7735.o(i.ST7735_InitR)
    ST7735_OutChar                           0x00000ef5   Thumb Code   176  st7735.o(i.ST7735_OutChar)
    ST7735_SetCursor                         0x00000fc9   Thumb Code    22  st7735.o(i.ST7735_SetCursor)
    SysTick_Wait                             0x00000fe9   Thumb Code    32  systick.o(i.SysTick_Wait)
    SysTick_Wait10ms                         0x00001009   Thumb Code    22  systick.o(i.SysTick_Wait10ms)
    TIMER1_Init                              0x00001025   Thumb Code   126  heartbeat.o(i.TIMER1_Init)
    Timer0A_Handler                          0x000010b9   Thumb Code    58  frequencytimer.o(i.Timer0A_Handler)
    Timer1A_Handler                          0x00001105   Thumb Code    26  heartbeat.o(i.Timer1A_Handler)
    Timer5A_Handler                          0x00001129   Thumb Code    14  diskio.o(i.Timer5A_Handler)
    __0printf$1                              0x0000113d   Thumb Code    22  printf1.o(i.__0printf$1)
    __1printf$1                              0x0000113d   Thumb Code     0  printf1.o(i.__0printf$1)
    __2printf                                0x0000113d   Thumb Code     0  printf1.o(i.__0printf$1)
    __scatterload_copy                       0x0000115d   Thumb Code    14  handlers.o(i.__scatterload_copy)
    __scatterload_null                       0x0000116b   Thumb Code     2  handlers.o(i.__scatterload_null)
    __scatterload_zeroinit                   0x0000116d   Thumb Code    14  handlers.o(i.__scatterload_zeroinit)
    disk_timerproc                           0x00001571   Thumb Code    52  diskio.o(i.disk_timerproc)
    drawCommon                               0x000015b1   Thumb Code    24  gameengine.o(i.drawCommon)
    drawSprite                               0x000015c9   Thumb Code    48  gameengine.o(i.drawSprite)
    fputc                                    0x000015f9   Thumb Code    16  st7735.o(i.fputc)
    ind_to_pix                               0x00001609   Thumb Code    24  gameengine.o(i.ind_to_pix)
    main                                     0x00001621   Thumb Code    74  sdctestmain.o(i.main)
    upPressed                                0x0000170d   Thumb Code    12  buttonmanager.o(i.upPressed)
    dBfs                                     0x00001dba   Data         512  st7735.o(.constdata)
    pacman                                   0x00001fba   Data          50  gameengine.o(.constdata)
    r_ghost                                  0x00001fec   Data          40  gameengine.o(.constdata)
    Region$$Table$$Base                      0x00002014   Number         0  anon$$obj.o(Region$$Table)
    Region$$Table$$Limit                     0x00002034   Number         0  anon$$obj.o(Region$$Table)
    updateStateSemaphore                     0x20000000   Data           1  heartbeat.o(.data)
    StX                                      0x20000004   Data           4  st7735.o(.data)
    StY                                      0x20000008   Data           4  st7735.o(.data)
    StTextColor                              0x2000000c   Data           2  st7735.o(.data)
    lastj                                    0x20000014   Data           4  st7735.o(.data)
    Messageindex                             0x2000001c   Data           4  st7735.o(.data)
    Ymax                                     0x20000020   Data           4  st7735.o(.data)
    Ymin                                     0x20000024   Data           4  st7735.o(.data)
    X                                        0x20000028   Data           4  st7735.o(.data)
    Yrange                                   0x2000002c   Data           4  st7735.o(.data)
    InGame                                   0x20000030   Data          32  gameengine.o(.data)
    directions                               0x20000050   Data           8  gameengine.o(.data)
    board                                    0x20000058   Data         418  gameengine.o(.data)
    p                                        0x200001fc   Data          24  gameengine.o(.data)
    rg                                       0x20000214   Data          24  gameengine.o(.data)
    waveForm                                 0x2000022c   Data          64  frequencytimer.o(.data)
    PeriodicTask                             0x20000270   Data           4  frequencytimer.o(.data)
    myNum                                    0x20000274   Data           1  frequencytimer.o(.data)
    wavePos                                  0x20000275   Data           1  frequencytimer.o(.data)
    activeState                              0x20000288   Data           4  activestate.o(.data)
    Paused                                   0x2000028c   Data          32  pausestate.o(.data)
    __stdout                                 0x200002ac   Data           4  stdout.o(.data)
    __initial_sp                             0x200006b0   Data           0  startup.o(STACK)



==============================================================================

Memory Map of the image

  Image Entry point : 0x0000026d

  Load Region LR_1 (Base: 0x00000000, Size: 0x000022e4, Max: 0xffffffff, ABSOLUTE, COMPRESSED[0x00002114])

    Execution Region ER_RO (Base: 0x00000000, Size: 0x00002034, Max: 0xffffffff, ABSOLUTE)

    Base Addr    Size         Type   Attr      Idx    E Section Name        Object

    0x00000000   0x00000284   Code   RO            3  * RESET               startup.o
    0x00000284   0x00000000   Code   RO         1139  * .ARM.Collect$$$$00000000  mc_w.l(entry.o)
    0x00000284   0x00000004   Code   RO         1403    .ARM.Collect$$$$00000001  mc_w.l(entry2.o)
    0x00000288   0x00000004   Code   RO         1406    .ARM.Collect$$$$00000004  mc_w.l(entry5.o)
    0x0000028c   0x00000000   Code   RO         1408    .ARM.Collect$$$$00000008  mc_w.l(entry7b.o)
    0x0000028c   0x00000000   Code   RO         1410    .ARM.Collect$$$$0000000A  mc_w.l(entry8b.o)
    0x0000028c   0x00000008   Code   RO         1411    .ARM.Collect$$$$0000000B  mc_w.l(entry9a.o)
    0x00000294   0x00000000   Code   RO         1413    .ARM.Collect$$$$0000000D  mc_w.l(entry10a.o)
    0x00000294   0x00000000   Code   RO         1415    .ARM.Collect$$$$0000000F  mc_w.l(entry11a.o)
    0x00000294   0x00000004   Code   RO         1404    .ARM.Collect$$$$00002712  mc_w.l(entry2.o)
    0x00000298   0x00000006   Code   RO          234    .emb_text           st7735.o
    0x0000029e   0x00000002   PAD
    0x000002a0   0x0000001c   Code   RO            4    .text               startup.o
    0x000002bc   0x0000002c   Code   RO         1418    .text               mc_w.l(uidiv.o)
    0x000002e8   0x00000024   Code   RO         1433    .text               mc_w.l(init.o)
    0x0000030c   0x0000005c   Code   RO         1451    .text               mc_w.l(__dczerorl2.o)
    0x00000368   0x0000000c   Code   RO         1094    i.ActiveState_get   activestate.o
    0x00000374   0x00000024   Code   RO         1095    i.ActiveState_set   activestate.o
    0x00000398   0x0000000c   Code   RO          137    i.ButtonManager_Init  buttonmanager.o
    0x000003a4   0x0000003c   Code   RO          138    i.CheckDebounce     buttonmanager.o
    0x000003e0   0x000000a4   Code   RO          618    i.DAC_Init          max5353.o
    0x00000484   0x00000018   Code   RO          619    i.DAC_Out           max5353.o
    0x0000049c   0x00000090   Code   RO          235    i.DC_Init           st7735.o
    0x0000052c   0x00000016   Code   RO          236    i.Delay1ms          st7735.o
    0x00000542   0x00000002   PAD
    0x00000544   0x00000078   Code   RO          642    i.FrequencyTimer_Init  frequencytimer.o
    0x000005bc   0x00000044   Code   RO          643    i.FrequencyTimer_arm  frequencytimer.o
    0x00000600   0x00000064   Code   RO          139    i.GPIOPortD_Handler  buttonmanager.o
    0x00000664   0x00000024   Code   RO          140    i.GPIOPortE_Handler  buttonmanager.o
    0x00000688   0x000000bc   Code   RO          517    i.GameEngine_Init   gameengine.o
    0x00000744   0x0000000c   Code   RO          518    i.GameEngine_downPressed  gameengine.o
    0x00000750   0x00000002   Code   RO          519    i.GameEngine_drawInitial  gameengine.o
    0x00000752   0x00000002   PAD
    0x00000754   0x0000000c   Code   RO          520    i.GameEngine_leftPressed  gameengine.o
    0x00000760   0x00000002   Code   RO          521    i.GameEngine_playSound  gameengine.o
    0x00000762   0x00000002   PAD
    0x00000764   0x0000000c   Code   RO          523    i.GameEngine_rightPressed  gameengine.o
    0x00000770   0x00000010   Code   RO          524    i.GameEngine_startPressed  gameengine.o
    0x00000780   0x0000000c   Code   RO          525    i.GameEngine_upPressed  gameengine.o
    0x0000078c   0x00000002   Code   RO          527    i.GameEngine_updateState  gameengine.o
    0x0000078e   0x00000002   PAD
    0x00000790   0x000000ac   Code   RO           98    i.Heartbeat_Init    heartbeat.o
    0x0000083c   0x00000014   Code   RO           99    i.Heartbeat_blink   heartbeat.o
    0x00000850   0x00000010   Code   RO          239    i.Output_Init       st7735.o
    0x00000860   0x0000007c   Code   RO           86    i.PLL_Init          pll.o
    0x000008dc   0x00000002   Code   RO         1115    i.PauseState_drawInitial  pausestate.o
    0x000008de   0x00000002   PAD
    0x000008e0   0x00000018   Code   RO         1116    i.PauseState_startPressed  pausestate.o
    0x000008f8   0x00000100   Code   RO          141    i.PortD_Init        buttonmanager.o
    0x000009f8   0x000000fc   Code   RO          142    i.PortE_Init        buttonmanager.o
    0x00000af4   0x00000120   Code   RO          243    i.ST7735_DrawBitmap  st7735.o
    0x00000c14   0x000000f4   Code   RO          245    i.ST7735_DrawCharS  st7735.o
    0x00000d08   0x00000048   Code   RO          248    i.ST7735_DrawPixel  st7735.o
    0x00000d50   0x00000056   Code   RO          249    i.ST7735_DrawString  st7735.o
    0x00000da6   0x00000002   PAD
    0x00000da8   0x000000ac   Code   RO          250    i.ST7735_FillRect   st7735.o
    0x00000e54   0x00000024   Code   RO          251    i.ST7735_FillScreen  st7735.o
    0x00000e78   0x0000007c   Code   RO          253    i.ST7735_InitR      st7735.o
    0x00000ef4   0x000000d4   Code   RO          255    i.ST7735_OutChar    st7735.o
    0x00000fc8   0x00000020   Code   RO          266    i.ST7735_SetCursor  st7735.o
    0x00000fe8   0x00000020   Code   RO          211    i.SysTick_Wait      systick.o
    0x00001008   0x0000001c   Code   RO          212    i.SysTick_Wait10ms  systick.o
    0x00001024   0x00000094   Code   RO          100    i.TIMER1_Init       heartbeat.o
    0x000010b8   0x0000004c   Code   RO          645    i.Timer0A_Handler   frequencytimer.o
    0x00001104   0x00000024   Code   RO          101    i.Timer1A_Handler   heartbeat.o
    0x00001128   0x00000014   Code   RO          680    i.Timer5A_Handler   diskio.o
    0x0000113c   0x00000020   Code   RO         1187    i.__0printf$1       mc_w.l(printf1.o)
    0x0000115c   0x0000000e   Code   RO         1445    i.__scatterload_copy  mc_w.l(handlers.o)
    0x0000116a   0x00000002   Code   RO         1446    i.__scatterload_null  mc_w.l(handlers.o)
    0x0000116c   0x0000000e   Code   RO         1447    i.__scatterload_zeroinit  mc_w.l(handlers.o)
    0x0000117a   0x00000002   PAD
    0x0000117c   0x00000154   Code   RO         1194    i._printf_core      mc_w.l(printf1.o)
    0x000012d0   0x00000056   Code   RO          270    i.commandList       st7735.o
    0x00001326   0x00000002   PAD
    0x00001328   0x00000248   Code   RO          271    i.commonInit        st7735.o
    0x00001570   0x00000040   Code   RO          687    i.disk_timerproc    diskio.o
    0x000015b0   0x00000018   Code   RO          528    i.drawCommon        gameengine.o
    0x000015c8   0x00000030   Code   RO          529    i.drawSprite        gameengine.o
    0x000015f8   0x00000010   Code   RO          275    i.fputc             st7735.o
    0x00001608   0x00000018   Code   RO          530    i.ind_to_pix        gameengine.o
    0x00001620   0x00000064   Code   RO           14    i.main              sdctestmain.o
    0x00001684   0x00000012   Code   RO          276    i.pushColor         st7735.o
    0x00001696   0x00000002   PAD
    0x00001698   0x00000074   Code   RO          277    i.setAddrWindow     st7735.o
    0x0000170c   0x0000000c   Code   RO          147    i.upPressed         buttonmanager.o
    0x00001718   0x00000058   Code   RO          278    i.writecommand      st7735.o
    0x00001770   0x0000005c   Code   RO          279    i.writedata         st7735.o
    0x000017cc   0x0000000c   Data   RO          148    .constdata          buttonmanager.o
    0x000017d8   0x000007e2   Data   RO          281    .constdata          st7735.o
    0x00001fba   0x0000005a   Data   RO          531    .constdata          gameengine.o
    0x00002014   0x00000020   Data   RO         1443    Region$$Table       anon$$obj.o


    Execution Region ER_RW (Base: 0x20000000, Size: 0x000002b0, Max: 0xffffffff, ABSOLUTE, COMPRESSED[0x000000e0])

    Base Addr    Size         Type   Attr      Idx    E Section Name        Object

    0x20000000   0x00000001   Data   RW          102    .data               heartbeat.o
    0x20000001   0x00000003   PAD
    0x20000004   0x0000002c   Data   RW          282    .data               st7735.o
    0x20000030   0x000001fc   Data   RW          532    .data               gameengine.o
    0x2000022c   0x0000004a   Data   RW          646    .data               frequencytimer.o
    0x20000276   0x00000002   PAD
    0x20000278   0x0000000d   Data   RW          699    .data               diskio.o
    0x20000285   0x00000003   PAD
    0x20000288   0x00000004   Data   RW         1096    .data               activestate.o
    0x2000028c   0x00000020   Data   RW         1117    .data               pausestate.o
    0x200002ac   0x00000004   Data   RW         1417    .data               mc_w.l(stdout.o)


    Execution Region ER_ZI (Base: 0x200002b0, Size: 0x00000400, Max: 0xffffffff, ABSOLUTE)

    Base Addr    Size         Type   Attr      Idx    E Section Name        Object

    0x200002b0   0x00000400   Zero   RW            1    STACK               startup.o


==============================================================================

Image component sizes


      Code (inc. data)   RO Data    RW Data    ZI Data      Debug   Object Name

        48         12          0          4          0       1206   activestate.o
       728         76         12          0          0       3731   buttonmanager.o
        84         18          0         13          0       2003   diskio.o
       264         40          0         74          0       2031   frequencytimer.o
       354         34         90        508          0       6457   gameengine.o
       376         60          0          1          0       2190   heartbeat.o
       188         34          0          0          0        793   max5353.o
        26          6          0         32          0        908   pausestate.o
       124          6          0          0          0        367   pll.o
       100         26          0          0          0       6715   sdctestmain.o
      2454        266       2018         44          0      14267   st7735.o
       672        622          0          0       1024        868   startup.o
        60          6          0          0          0       1306   systick.o

    ----------------------------------------------------------------------
      5496       1206       2152        684       1024      42842   Object Totals
         0          0         32          0          0          0   (incl. Generated)
        18          0          0          8          0          0   (incl. Padding)

    ----------------------------------------------------------------------

      Code (inc. data)   RO Data    RW Data    ZI Data      Debug   Library Member Name

        92          0          0          0          0          0   __dczerorl2.o
         0          0          0          0          0          0   entry.o
         0          0          0          0          0          0   entry10a.o
         0          0          0          0          0          0   entry11a.o
         8          4          0          0          0          0   entry2.o
         4          0          0          0          0          0   entry5.o
         0          0          0          0          0          0   entry7b.o
         0          0          0          0          0          0   entry8b.o
         8          4          0          0          0          0   entry9a.o
        30          0          0          0          0          0   handlers.o
        36          8          0          0          0         68   init.o
       372         16          0          0          0        180   printf1.o
         0          0          0          4          0          0   stdout.o
        44          0          0          0          0         80   uidiv.o

    ----------------------------------------------------------------------
       596         32          0          4          0        328   Library Totals
         2          0          0          0          0          0   (incl. Padding)

    ----------------------------------------------------------------------

      Code (inc. data)   RO Data    RW Data    ZI Data      Debug   Library Name

       594         32          0          4          0        328   mc_w.l

    ----------------------------------------------------------------------
       596         32          0          4          0        328   Library Totals

    ----------------------------------------------------------------------

==============================================================================


      Code (inc. data)   RO Data    RW Data    ZI Data      Debug   

      6092       1238       2152        688       1024      40310   Grand Totals
      6092       1238       2152        224       1024      40310   ELF Image Totals (compressed)
      6092       1238       2152        224          0          0   ROM Totals

==============================================================================

    Total RO  Size (Code + RO Data)                 8244 (   8.05kB)
    Total RW  Size (RW Data + ZI Data)              1712 (   1.67kB)
    Total ROM Size (Code + RO Data + RW Data)       8468 (   8.27kB)

==============================================================================

