ARM Linker, 5.03 [Build 76] [MDK-ARM Lite]

==============================================================================

Section Cross References

    startup.o(RESET) refers to startup.o(STACK) for StackMem
    startup.o(RESET) refers to buttonmanager.o(i.GPIOPortD_Handler) for GPIOPortD_Handler
    startup.o(RESET) refers to buttonmanager.o(i.GPIOPortE_Handler) for GPIOPortE_Handler
    startup.o(RESET) refers to frequencytimer.o(i.Timer0A_Handler) for Timer0A_Handler
    startup.o(RESET) refers to heartbeat.o(i.Timer1A_Handler) for Timer1A_Handler
    startup.o(RESET) refers to diskio.o(i.Timer5A_Handler) for Timer5A_Handler
    startup.o(RESET) refers to entry.o(.ARM.Collect$$$$00000000) for __main
    sdctestmain.o(i.FileSystemTest) refers to ff.o(i.f_open) for f_open
    sdctestmain.o(i.FileSystemTest) refers to st7735.o(i.ST7735_Color565) for ST7735_Color565
    sdctestmain.o(i.FileSystemTest) refers to st7735.o(i.ST7735_DrawString) for ST7735_DrawString
    sdctestmain.o(i.FileSystemTest) refers to printf1.o(i.__0printf$1) for __2printf
    sdctestmain.o(i.FileSystemTest) refers to ff.o(i.f_write) for f_write
    sdctestmain.o(i.FileSystemTest) refers to ff.o(i.f_close) for f_close
    sdctestmain.o(i.FileSystemTest) refers to ff.o(i.f_read) for f_read
    sdctestmain.o(i.FileSystemTest) refers to st7735.o(i.ST7735_DrawChar) for ST7735_DrawChar
    sdctestmain.o(i.FileSystemTest) refers to st7735.o(i.ST7735_SetCursor) for ST7735_SetCursor
    sdctestmain.o(i.FileSystemTest) refers to st7735.o(i.ST7735_SetTextColor) for ST7735_SetTextColor
    sdctestmain.o(i.FileSystemTest) refers to st7735.o(i.ST7735_OutUDec) for ST7735_OutUDec
    sdctestmain.o(i.FileSystemTest) refers to sdctestmain.o(.bss) for Handle2
    sdctestmain.o(i.FileSystemTest) refers to sdctestmain.o(.data) for Fresult
    sdctestmain.o(i.diskError) refers to st7735.o(i.ST7735_Color565) for ST7735_Color565
    sdctestmain.o(i.diskError) refers to st7735.o(i.ST7735_DrawString) for ST7735_DrawString
    sdctestmain.o(i.diskError) refers to st7735.o(i.ST7735_SetCursor) for ST7735_SetCursor
    sdctestmain.o(i.diskError) refers to st7735.o(i.ST7735_SetTextColor) for ST7735_SetTextColor
    sdctestmain.o(i.diskError) refers to st7735.o(i.ST7735_OutUDec) for ST7735_OutUDec
    sdctestmain.o(i.main) refers to pll.o(i.PLL_Init) for PLL_Init
    sdctestmain.o(i.main) refers to heartbeat.o(i.Heartbeat_Init) for Heartbeat_Init
    sdctestmain.o(i.main) refers to buttonmanager.o(i.ButtonManager_Init) for ButtonManager_Init
    sdctestmain.o(i.main) refers to st7735.o(i.Output_Init) for Output_Init
    sdctestmain.o(i.main) refers to printf1.o(i.__0printf$1) for __2printf
    sdctestmain.o(i.main) refers to max5353.o(i.DAC_Init) for DAC_Init
    sdctestmain.o(i.main) refers to frequencytimer.o(i.FrequencyTimer_Init) for FrequencyTimer_Init
    sdctestmain.o(i.main) refers to frequencytimer.o(i.FrequencyTimer_arm) for FrequencyTimer_arm
    sdctestmain.o(i.main) refers to startup.o(.text) for EnableInterrupts
    sdctestmain.o(i.main) refers to ff.o(i.f_mount) for f_mount
    sdctestmain.o(i.main) refers to st7735.o(i.ST7735_Color565) for ST7735_Color565
    sdctestmain.o(i.main) refers to st7735.o(i.ST7735_DrawString) for ST7735_DrawString
    sdctestmain.o(i.main) refers to ff.o(i.f_open) for f_open
    sdctestmain.o(i.main) refers to ff.o(i.f_read) for f_read
    sdctestmain.o(i.main) refers to st7735.o(i.ST7735_DrawChar) for ST7735_DrawChar
    sdctestmain.o(i.main) refers to ff.o(i.f_close) for f_close
    sdctestmain.o(i.main) refers to st7735.o(i.ST7735_SetCursor) for ST7735_SetCursor
    sdctestmain.o(i.main) refers to st7735.o(i.ST7735_SetTextColor) for ST7735_SetTextColor
    sdctestmain.o(i.main) refers to st7735.o(i.ST7735_OutUDec) for ST7735_OutUDec
    sdctestmain.o(i.main) refers to ff.o(i.f_lseek) for f_lseek
    sdctestmain.o(i.main) refers to ff.o(i.f_write) for f_write
    sdctestmain.o(i.main) refers to sdctestmain.o(.bss) for g_sFatFs
    sdctestmain.o(i.main) refers to sdctestmain.o(.data) for MountFresult
    sdctestmain.o(i.main) refers to sdctestmain.o(.constdata) for inFilename
    heartbeat.o(i.Heartbeat_Init) refers to heartbeat.o(i.TIMER1_Init) for TIMER1_Init
    heartbeat.o(i.TIMER1_Init) refers to startup.o(.text) for StartCritical
    heartbeat.o(i.Timer1A_Handler) refers to heartbeat.o(i.Heartbeat_blink) for Heartbeat_blink
    buttonmanager.o(i.ButtonManager_Init) refers to buttonmanager.o(i.PortD_Init) for PortD_Init
    buttonmanager.o(i.ButtonManager_Init) refers to buttonmanager.o(i.PortE_Init) for PortE_Init
    buttonmanager.o(i.CheckDebounce) refers to systick.o(i.SysTick_Wait10ms) for SysTick_Wait10ms
    buttonmanager.o(i.GPIOPortD_Handler) refers to printf1.o(i.__0printf$1) for __2printf
    buttonmanager.o(i.GPIOPortE_Handler) refers to printf1.o(i.__0printf$1) for __2printf
    systick.o(i.SysTick_Wait10ms) refers to systick.o(i.SysTick_Wait) for SysTick_Wait
[...]
    ff.o(i.f_open) refers to ff.o(i.move_window) for move_window
    ff.o(i.f_opendir) refers to ff.o(i.find_volume) for find_volume
    ff.o(i.f_opendir) refers to ff.o(i.follow_path) for follow_path
    ff.o(i.f_opendir) refers to ff.o(i.ld_clust) for ld_clust
    ff.o(i.f_opendir) refers to ff.o(i.dir_sdi) for dir_sdi
    ff.o(i.f_read) refers to ff.o(i.validate) for validate
    ff.o(i.f_read) refers to ff.o(i.get_fat) for get_fat
    ff.o(i.f_read) refers to ff.o(i.clust2sect) for clust2sect
    ff.o(i.f_read) refers to diskio.o(i.disk_read) for disk_read
    ff.o(i.f_read) refers to ff.o(i.mem_cpy) for mem_cpy
    ff.o(i.f_read) refers to diskio.o(i.disk_write) for disk_write
    ff.o(i.f_readdir) refers to ff.o(i.validate) for validate
    ff.o(i.f_readdir) refers to ff.o(i.dir_sdi) for dir_sdi
    ff.o(i.f_readdir) refers to ff.o(i.dir_read) for dir_read
    ff.o(i.f_readdir) refers to ff.o(i.get_fileinfo) for get_fileinfo
    ff.o(i.f_readdir) refers to ff.o(i.dir_next) for dir_next
    ff.o(i.f_rename) refers to ff.o(i.find_volume) for find_volume
    ff.o(i.f_rename) refers to ff.o(i.follow_path) for follow_path
    ff.o(i.f_rename) refers to ff.o(i.mem_cpy) for mem_cpy
    ff.o(i.f_rename) refers to ff.o(i.get_ldnumber) for get_ldnumber
    ff.o(i.f_rename) refers to ff.o(i.dir_register) for dir_register
    ff.o(i.f_rename) refers to ff.o(i.ld_clust) for ld_clust
    ff.o(i.f_rename) refers to ff.o(i.clust2sect) for clust2sect
    ff.o(i.f_rename) refers to ff.o(i.move_window) for move_window
    ff.o(i.f_rename) refers to ff.o(i.st_clust) for st_clust
    ff.o(i.f_rename) refers to ff.o(i.dir_remove) for dir_remove
    ff.o(i.f_rename) refers to ff.o(i.sync_fs) for sync_fs
    ff.o(i.f_setlabel) refers to ff.o(i.find_volume) for find_volume
    ff.o(i.f_setlabel) refers to ff.o(i.chk_chr) for chk_chr
    ff.o(i.f_setlabel) refers to ff.o(i.dir_sdi) for dir_sdi
    ff.o(i.f_setlabel) refers to ff.o(i.dir_read) for dir_read
    ff.o(i.f_setlabel) refers to ff.o(i.mem_cpy) for mem_cpy
    ff.o(i.f_setlabel) refers to ff.o(i.sync_fs) for sync_fs
    ff.o(i.f_setlabel) refers to ff.o(i.dir_alloc) for dir_alloc
    ff.o(i.f_setlabel) refers to ff.o(i.mem_set) for mem_set
    ff.o(i.f_stat) refers to ff.o(i.find_volume) for find_volume
    ff.o(i.f_stat) refers to ff.o(i.follow_path) for follow_path
    ff.o(i.f_stat) refers to ff.o(i.get_fileinfo) for get_fileinfo
    ff.o(i.f_sync) refers to ff.o(i.validate) for validate
    ff.o(i.f_sync) refers to diskio.o(i.disk_write) for disk_write
    ff.o(i.f_sync) refers to ff.o(i.move_window) for move_window
    ff.o(i.f_sync) refers to ff.o(i.st_clust) for st_clust
    ff.o(i.f_sync) refers to ff.o(i.sync_fs) for sync_fs
    ff.o(i.f_truncate) refers to ff.o(i.validate) for validate
    ff.o(i.f_truncate) refers to ff.o(i.remove_chain) for remove_chain
    ff.o(i.f_truncate) refers to ff.o(i.get_fat) for get_fat
    ff.o(i.f_truncate) refers to ff.o(i.put_fat) for put_fat
    ff.o(i.f_truncate) refers to diskio.o(i.disk_write) for disk_write
    ff.o(i.f_unlink) refers to ff.o(i.find_volume) for find_volume
    ff.o(i.f_unlink) refers to ff.o(i.follow_path) for follow_path
    ff.o(i.f_unlink) refers to ff.o(i.ld_clust) for ld_clust
    ff.o(i.f_unlink) refers to ff.o(i.mem_cpy) for mem_cpy
    ff.o(i.f_unlink) refers to ff.o(i.dir_sdi) for dir_sdi
    ff.o(i.f_unlink) refers to ff.o(i.dir_read) for dir_read
    ff.o(i.f_unlink) refers to ff.o(i.dir_remove) for dir_remove
    ff.o(i.f_unlink) refers to ff.o(i.remove_chain) for remove_chain
    ff.o(i.f_unlink) refers to ff.o(i.sync_fs) for sync_fs
    ff.o(i.f_utime) refers to ff.o(i.find_volume) for find_volume
    ff.o(i.f_utime) refers to ff.o(i.follow_path) for follow_path
    ff.o(i.f_utime) refers to ff.o(i.sync_fs) for sync_fs
    ff.o(i.f_write) refers to ff.o(i.validate) for validate
    ff.o(i.f_write) refers to ff.o(i.create_chain) for create_chain
    ff.o(i.f_write) refers to diskio.o(i.disk_write) for disk_write
    ff.o(i.f_write) refers to ff.o(i.clust2sect) for clust2sect
    ff.o(i.f_write) refers to ff.o(i.mem_cpy) for mem_cpy
    ff.o(i.f_write) refers to diskio.o(i.disk_read) for disk_read
    ff.o(i.find_volume) refers to ff.o(i.get_ldnumber) for get_ldnumber
    ff.o(i.find_volume) refers to diskio.o(i.disk_status) for disk_status
    ff.o(i.find_volume) refers to diskio.o(i.disk_initialize) for disk_initialize
    ff.o(i.find_volume) refers to ff.o(i.check_fs) for check_fs
    ff.o(i.find_volume) refers to ff.o(i.move_window) for move_window
    ff.o(i.find_volume) refers to ff.o(.data) for FatFs
    ff.o(i.follow_path) refers to ff.o(i.dir_sdi) for dir_sdi
    ff.o(i.follow_path) refers to ff.o(i.create_name) for create_name
    ff.o(i.follow_path) refers to ff.o(i.dir_find) for dir_find
    ff.o(i.follow_path) refers to ff.o(i.ld_clust) for ld_clust
    ff.o(i.get_fat) refers to ff.o(i.move_window) for move_window
    ff.o(i.move_window) refers to ff.o(i.sync_window) for sync_window
    ff.o(i.move_window) refers to diskio.o(i.disk_read) for disk_read
    ff.o(i.put_fat) refers to ff.o(i.move_window) for move_window
    ff.o(i.remove_chain) refers to ff.o(i.get_fat) for get_fat
    ff.o(i.remove_chain) refers to ff.o(i.put_fat) for put_fat
    ff.o(i.sync_fs) refers to ff.o(i.sync_window) for sync_window
    ff.o(i.sync_fs) refers to ff.o(i.mem_set) for mem_set
    ff.o(i.sync_fs) refers to diskio.o(i.disk_write) for disk_write
    ff.o(i.sync_fs) refers to diskio.o(i.disk_ioctl) for disk_ioctl
    ff.o(i.sync_window) refers to diskio.o(i.disk_write) for disk_write
    ff.o(i.validate) refers to diskio.o(i.disk_status) for disk_status
    entry.o(.ARM.Collect$$$$00000000) refers (Special) to entry10a.o(.ARM.Collect$$$$0000000D) for __rt_final_cpp
    entry.o(.ARM.Collect$$$$00000000) refers (Special) to entry11a.o(.ARM.Collect$$$$0000000F) for __rt_final_exit
    entry.o(.ARM.Collect$$$$00000000) refers (Special) to entry7b.o(.ARM.Collect$$$$00000008) for _main_clock
    entry.o(.ARM.Collect$$$$00000000) refers (Special) to entry8b.o(.ARM.Collect$$$$0000000A) for _main_cpp_init
    entry.o(.ARM.Collect$$$$00000000) refers (Special) to entry9a.o(.ARM.Collect$$$$0000000B) for _main_init
    entry.o(.ARM.Collect$$$$00000000) refers (Special) to entry5.o(.ARM.Collect$$$$00000004) for _main_scatterload
    entry.o(.ARM.Collect$$$$00000000) refers (Special) to entry2.o(.ARM.Collect$$$$00000001) for _main_stk
    printfb.o(i.__0fprintf$bare) refers to printfb.o(i._printf_core) for _printf_core
    printfb.o(i.__0fprintf$bare) refers to st7735.o(i.fputc) for fputc
    printfb.o(i.__0printf$bare) refers to printfb.o(i._printf_core) for _printf_core
    printfb.o(i.__0printf$bare) refers to st7735.o(i.fputc) for fputc
    printfb.o(i.__0printf$bare) refers to stdout.o(.data) for __stdout
    printfb.o(i.__0snprintf$bare) refers to printfb.o(i._printf_core) for _printf_core
    printfb.o(i.__0snprintf$bare) refers to printfb.o(i._snputc) for _snputc
    printfb.o(i.__0sprintf$bare) refers to printfb.o(i._printf_core) for _printf_core
    printfb.o(i.__0sprintf$bare) refers to printfb.o(i._sputc) for _sputc
    printfb.o(i.__0vfprintf$bare) refers to printfb.o(i._printf_core) for _printf_core
    printfb.o(i.__0vfprintf$bare) refers to st7735.o(i.fputc) for fputc
    printfb.o(i.__0vprintf$bare) refers to printfb.o(i._printf_core) for _printf_core
    printfb.o(i.__0vprintf$bare) refers to st7735.o(i.fputc) for fputc
    printfb.o(i.__0vprintf$bare) refers to stdout.o(.data) for __stdout
    printfb.o(i.__0vsnprintf$bare) refers to printfb.o(i._printf_core) for _printf_core
    printfb.o(i.__0vsnprintf$bare) refers to printfb.o(i._snputc) for _snputc
    printfb.o(i.__0vsprintf$bare) refers to printfb.o(i._printf_core) for _printf_core
    printfb.o(i.__0vsprintf$bare) refers to printfb.o(i._sputc) for _sputc
    printf0.o(i.__0fprintf$0) refers to printf0.o(i._printf_core) for _printf_core
    printf0.o(i.__0fprintf$0) refers to st7735.o(i.fputc) for fputc
    printf0.o(i.__0printf$0) refers to printf0.o(i._printf_core) for _printf_core
    printf0.o(i.__0printf$0) refers to st7735.o(i.fputc) for fputc
    printf0.o(i.__0printf$0) refers to stdout.o(.data) for __stdout
    printf0.o(i.__0snprintf$0) refers to printf0.o(i._printf_core) for _printf_core
    printf0.o(i.__0snprintf$0) refers to printf0.o(i._snputc) for _snputc
    printf0.o(i.__0sprintf$0) refers to printf0.o(i._printf_core) for _printf_core
    printf0.o(i.__0sprintf$0) refers to printf0.o(i._sputc) for _sputc
    printf0.o(i.__0vfprintf$0) refers to printf0.o(i._printf_core) for _printf_core
    printf0.o(i.__0vfprintf$0) refers to st7735.o(i.fputc) for fputc
    printf0.o(i.__0vprintf$0) refers to printf0.o(i._printf_core) for _printf_core
    printf0.o(i.__0vprintf$0) refers to st7735.o(i.fputc) for fputc
    printf0.o(i.__0vprintf$0) refers to stdout.o(.data) for __stdout
    printf0.o(i.__0vsnprintf$0) refers to printf0.o(i._printf_core) for _printf_core
    printf0.o(i.__0vsnprintf$0) refers to printf0.o(i._snputc) for _snputc
    printf0.o(i.__0vsprintf$0) refers to printf0.o(i._printf_core) for _printf_core
    printf0.o(i.__0vsprintf$0) refers to printf0.o(i._sputc) for _sputc
    printf1.o(i.__0fprintf$1) refers to printf1.o(i._printf_core) for _printf_core
    printf1.o(i.__0fprintf$1) refers to st7735.o(i.fputc) for fputc
    printf1.o(i.__0printf$1) refers to printf1.o(i._printf_core) for _printf_core
    printf1.o(i.__0printf$1) refers to st7735.o(i.fputc) for fputc
    printf1.o(i.__0printf$1) refers to stdout.o(.data) for __stdout
    printf1.o(i.__0snprintf$1) refers to printf1.o(i._printf_core) for _printf_core
    printf1.o(i.__0snprintf$1) refers to printf1.o(i._snputc) for _snputc
    printf1.o(i.__0sprintf$1) refers to printf1.o(i._printf_core) for _printf_core
    printf1.o(i.__0sprintf$1) refers to printf1.o(i._sputc) for _sputc
    printf1.o(i.__0vfprintf$1) refers to printf1.o(i._printf_core) for _printf_core
    printf1.o(i.__0vfprintf$1) refers to st7735.o(i.fputc) for fputc
    printf1.o(i.__0vprintf$1) refers to printf1.o(i._printf_core) for _printf_core
    printf1.o(i.__0vprintf$1) refers to st7735.o(i.fputc) for fputc
    printf1.o(i.__0vprintf$1) refers to stdout.o(.data) for __stdout
    printf1.o(i.__0vsnprintf$1) refers to printf1.o(i._printf_core) for _printf_core
    printf1.o(i.__0vsnprintf$1) refers to printf1.o(i._snputc) for _snputc
    printf1.o(i.__0vsprintf$1) refers to printf1.o(i._printf_core) for _printf_core
    printf1.o(i.__0vsprintf$1) refers to printf1.o(i._sputc) for _sputc
    printf1.o(i._printf_core) refers to uidiv.o(.text) for __aeabi_uidivmod
    printf2.o(i.__0fprintf$2) refers to printf2.o(i._printf_core) for _printf_core
    printf2.o(i.__0fprintf$2) refers to st7735.o(i.fputc) for fputc
    printf2.o(i.__0printf$2) refers to printf2.o(i._printf_core) for _printf_core
    printf2.o(i.__0printf$2) refers to st7735.o(i.fputc) for fputc
    printf2.o(i.__0printf$2) refers to stdout.o(.data) for __stdout
    printf2.o(i.__0snprintf$2) refers to printf2.o(i._printf_core) for _printf_core
    printf2.o(i.__0snprintf$2) refers to printf2.o(i._snputc) for _snputc
    printf2.o(i.__0sprintf$2) refers to printf2.o(i._printf_core) for _printf_core
    printf2.o(i.__0sprintf$2) refers to printf2.o(i._sputc) for _sputc
    printf2.o(i.__0vfprintf$2) refers to printf2.o(i._printf_core) for _printf_core
    printf2.o(i.__0vfprintf$2) refers to st7735.o(i.fputc) for fputc
    printf2.o(i.__0vprintf$2) refers to printf2.o(i._printf_core) for _printf_core
    printf2.o(i.__0vprintf$2) refers to st7735.o(i.fputc) for fputc
    printf2.o(i.__0vprintf$2) refers to stdout.o(.data) for __stdout
    printf2.o(i.__0vsnprintf$2) refers to printf2.o(i._printf_core) for _printf_core
    printf2.o(i.__0vsnprintf$2) refers to printf2.o(i._snputc) for _snputc
    printf2.o(i.__0vsprintf$2) refers to printf2.o(i._printf_core) for _printf_core
    printf2.o(i.__0vsprintf$2) refers to printf2.o(i._sputc) for _sputc
    printf3.o(i.__0fprintf$3) refers to printf3.o(i._printf_core) for _printf_core
    printf3.o(i.__0fprintf$3) refers to st7735.o(i.fputc) for fputc
    printf3.o(i.__0printf$3) refers to printf3.o(i._printf_core) for _printf_core
    printf3.o(i.__0printf$3) refers to st7735.o(i.fputc) for fputc
    printf3.o(i.__0printf$3) refers to stdout.o(.data) for __stdout
    printf3.o(i.__0snprintf$3) refers to printf3.o(i._printf_core) for _printf_core
    printf3.o(i.__0snprintf$3) refers to printf3.o(i._snputc) for _snputc
    printf3.o(i.__0sprintf$3) refers to printf3.o(i._printf_core) for _printf_core
    printf3.o(i.__0sprintf$3) refers to printf3.o(i._sputc) for _sputc
    printf3.o(i.__0vfprintf$3) refers to printf3.o(i._printf_core) for _printf_core
    printf3.o(i.__0vfprintf$3) refers to st7735.o(i.fputc) for fputc
    printf3.o(i.__0vprintf$3) refers to printf3.o(i._printf_core) for _printf_core
    printf3.o(i.__0vprintf$3) refers to st7735.o(i.fputc) for fputc
    printf3.o(i.__0vprintf$3) refers to stdout.o(.data) for __stdout
    printf3.o(i.__0vsnprintf$3) refers to printf3.o(i._printf_core) for _printf_core
    printf3.o(i.__0vsnprintf$3) refers to printf3.o(i._snputc) for _snputc
    printf3.o(i.__0vsprintf$3) refers to printf3.o(i._printf_core) for _printf_core
    printf3.o(i.__0vsprintf$3) refers to printf3.o(i._sputc) for _sputc
    printf3.o(i._printf_core) refers to uidiv.o(.text) for __aeabi_uidivmod
    printf4.o(i.__0fprintf$4) refers to printf4.o(i._printf_core) for _printf_core
    printf4.o(i.__0fprintf$4) refers to st7735.o(i.fputc) for fputc
    printf4.o(i.__0printf$4) refers to printf4.o(i._printf_core) for _printf_core
    printf4.o(i.__0printf$4) refers to st7735.o(i.fputc) for fputc
    printf4.o(i.__0printf$4) refers to stdout.o(.data) for __stdout
    printf4.o(i.__0snprintf$4) refers to printf4.o(i._printf_core) for _printf_core
    printf4.o(i.__0snprintf$4) refers to printf4.o(i._snputc) for _snputc
    printf4.o(i.__0sprintf$4) refers to printf4.o(i._printf_core) for _printf_core
    printf4.o(i.__0sprintf$4) refers to printf4.o(i._sputc) for _sputc
    printf4.o(i.__0vfprintf$4) refers to printf4.o(i._printf_core) for _printf_core
    printf4.o(i.__0vfprintf$4) refers to st7735.o(i.fputc) for fputc
    printf4.o(i.__0vprintf$4) refers to printf4.o(i._printf_core) for _printf_core
    printf4.o(i.__0vprintf$4) refers to st7735.o(i.fputc) for fputc
    printf4.o(i.__0vprintf$4) refers to stdout.o(.data) for __stdout
    printf4.o(i.__0vsnprintf$4) refers to printf4.o(i._printf_core) for _printf_core
    printf4.o(i.__0vsnprintf$4) refers to printf4.o(i._snputc) for _snputc
    printf4.o(i.__0vsprintf$4) refers to printf4.o(i._printf_core) for _printf_core
    printf4.o(i.__0vsprintf$4) refers to printf4.o(i._sputc) for _sputc
    printf4.o(i._printf_core) refers to uldiv.o(.text) for __aeabi_uldivmod
    printf5.o(i.__0fprintf$5) refers to printf5.o(i._printf_core) for _printf_core
    printf5.o(i.__0fprintf$5) refers to st7735.o(i.fputc) for fputc
    printf5.o(i.__0printf$5) refers to printf5.o(i._printf_core) for _printf_core
    printf5.o(i.__0printf$5) refers to st7735.o(i.fputc) for fputc
    printf5.o(i.__0printf$5) refers to stdout.o(.data) for __stdout
    printf5.o(i.__0snprintf$5) refers to printf5.o(i._printf_core) for _printf_core
    printf5.o(i.__0snprintf$5) refers to printf5.o(i._snputc) for _snputc
    printf5.o(i.__0sprintf$5) refers to printf5.o(i._printf_core) for _printf_core
    printf5.o(i.__0sprintf$5) refers to printf5.o(i._sputc) for _sputc
    printf5.o(i.__0vfprintf$5) refers to printf5.o(i._printf_core) for _printf_core
    printf5.o(i.__0vfprintf$5) refers to st7735.o(i.fputc) for fputc
    printf5.o(i.__0vprintf$5) refers to printf5.o(i._printf_core) for _printf_core
    printf5.o(i.__0vprintf$5) refers to st7735.o(i.fputc) for fputc
    printf5.o(i.__0vprintf$5) refers to stdout.o(.data) for __stdout
    printf5.o(i.__0vsnprintf$5) refers to printf5.o(i._printf_core) for _printf_core
    printf5.o(i.__0vsnprintf$5) refers to printf5.o(i._snputc) for _snputc
    printf5.o(i.__0vsprintf$5) refers to printf5.o(i._printf_core) for _printf_core
    printf5.o(i.__0vsprintf$5) refers to printf5.o(i._sputc) for _sputc
    printf5.o(i._printf_core) refers to uldiv.o(.text) for __aeabi_uldivmod
    printf6.o(i.__0fprintf$6) refers to printf6.o(i._printf_core) for _printf_core
    printf6.o(i.__0fprintf$6) refers to st7735.o(i.fputc) for fputc
    printf6.o(i.__0printf$6) refers to printf6.o(i._printf_core) for _printf_core
    printf6.o(i.__0printf$6) refers to st7735.o(i.fputc) for fputc
    printf6.o(i.__0printf$6) refers to stdout.o(.data) for __stdout
    printf6.o(i.__0snprintf$6) refers to printf6.o(i._printf_core) for _printf_core
    printf6.o(i.__0snprintf$6) refers to printf6.o(i._snputc) for _snputc
    printf6.o(i.__0sprintf$6) refers to printf6.o(i._printf_core) for _printf_core
    printf6.o(i.__0sprintf$6) refers to printf6.o(i._sputc) for _sputc
    printf6.o(i.__0vfprintf$6) refers to printf6.o(i._printf_core) for _printf_core
    printf6.o(i.__0vfprintf$6) refers to st7735.o(i.fputc) for fputc
    printf6.o(i.__0vprintf$6) refers to printf6.o(i._printf_core) for _printf_core
    printf6.o(i.__0vprintf$6) refers to st7735.o(i.fputc) for fputc
    printf6.o(i.__0vprintf$6) refers to stdout.o(.data) for __stdout
    printf6.o(i.__0vsnprintf$6) refers to printf6.o(i._printf_core) for _printf_core
    printf6.o(i.__0vsnprintf$6) refers to printf6.o(i._snputc) for _snputc
    printf6.o(i.__0vsprintf$6) refers to printf6.o(i._printf_core) for _printf_core
    printf6.o(i.__0vsprintf$6) refers to printf6.o(i._sputc) for _sputc
    printf6.o(i._printf_core) refers to printf6.o(i._printf_pre_padding) for _printf_pre_padding
    printf6.o(i._printf_core) refers to uidiv.o(.text) for __aeabi_uidivmod
    printf6.o(i._printf_core) refers to printf6.o(i._printf_post_padding) for _printf_post_padding
    printf7.o(i.__0fprintf$7) refers to printf7.o(i._printf_core) for _printf_core
    printf7.o(i.__0fprintf$7) refers to st7735.o(i.fputc) for fputc
    printf7.o(i.__0printf$7) refers to printf7.o(i._printf_core) for _printf_core
    printf7.o(i.__0printf$7) refers to st7735.o(i.fputc) for fputc
    printf7.o(i.__0printf$7) refers to stdout.o(.data) for __stdout
    printf7.o(i.__0snprintf$7) refers to printf7.o(i._printf_core) for _printf_core
    printf7.o(i.__0snprintf$7) refers to printf7.o(i._snputc) for _snputc
    printf7.o(i.__0sprintf$7) refers to printf7.o(i._printf_core) for _printf_core
    printf7.o(i.__0sprintf$7) refers to printf7.o(i._sputc) for _sputc
    printf7.o(i.__0vfprintf$7) refers to printf7.o(i._printf_core) for _printf_core
    printf7.o(i.__0vfprintf$7) refers to st7735.o(i.fputc) for fputc
    printf7.o(i.__0vprintf$7) refers to printf7.o(i._printf_core) for _printf_core
    printf7.o(i.__0vprintf$7) refers to st7735.o(i.fputc) for fputc
    printf7.o(i.__0vprintf$7) refers to stdout.o(.data) for __stdout
    printf7.o(i.__0vsnprintf$7) refers to printf7.o(i._printf_core) for _printf_core
    printf7.o(i.__0vsnprintf$7) refers to printf7.o(i._snputc) for _snputc
    printf7.o(i.__0vsprintf$7) refers to printf7.o(i._printf_core) for _printf_core
    printf7.o(i.__0vsprintf$7) refers to printf7.o(i._sputc) for _sputc
    printf7.o(i._printf_core) refers to printf7.o(i._printf_pre_padding) for _printf_pre_padding
    printf7.o(i._printf_core) refers to uldiv.o(.text) for __aeabi_uldivmod
    printf7.o(i._printf_core) refers to printf7.o(i._printf_post_padding) for _printf_post_padding
    printf8.o(i.__0fprintf$8) refers to printf8.o(i._printf_core) for _printf_core
    printf8.o(i.__0fprintf$8) refers to st7735.o(i.fputc) for fputc
    printf8.o(i.__0printf$8) refers to printf8.o(i._printf_core) for _printf_core
    printf8.o(i.__0printf$8) refers to st7735.o(i.fputc) for fputc
    printf8.o(i.__0printf$8) refers to stdout.o(.data) for __stdout
    printf8.o(i.__0snprintf$8) refers to printf8.o(i._printf_core) for _printf_core
    printf8.o(i.__0snprintf$8) refers to printf8.o(i._snputc) for _snputc
    printf8.o(i.__0sprintf$8) refers to printf8.o(i._printf_core) for _printf_core
    printf8.o(i.__0sprintf$8) refers to printf8.o(i._sputc) for _sputc
    printf8.o(i.__0vfprintf$8) refers to printf8.o(i._printf_core) for _printf_core
    printf8.o(i.__0vfprintf$8) refers to st7735.o(i.fputc) for fputc
    printf8.o(i.__0vprintf$8) refers to printf8.o(i._printf_core) for _printf_core
    printf8.o(i.__0vprintf$8) refers to st7735.o(i.fputc) for fputc
    printf8.o(i.__0vprintf$8) refers to stdout.o(.data) for __stdout
    printf8.o(i.__0vsnprintf$8) refers to printf8.o(i._printf_core) for _printf_core
    printf8.o(i.__0vsnprintf$8) refers to printf8.o(i._snputc) for _snputc
    printf8.o(i.__0vsprintf$8) refers to printf8.o(i._printf_core) for _printf_core
    printf8.o(i.__0vsprintf$8) refers to printf8.o(i._sputc) for _sputc
    printf8.o(i._printf_core) refers to printf8.o(i._printf_pre_padding) for _printf_pre_padding
    printf8.o(i._printf_core) refers to uldiv.o(.text) for __aeabi_uldivmod
    printf8.o(i._printf_core) refers to printf8.o(i._printf_post_padding) for _printf_post_padding
    printfa.o(i.__0fprintf) refers (Special) to iusefp.o(.text) for __I$use$fp
    printfa.o(i.__0fprintf) refers to printfa.o(i._printf_core) for _printf_core
    printfa.o(i.__0fprintf) refers to st7735.o(i.fputc) for fputc
    printfa.o(i.__0printf) refers (Special) to iusefp.o(.text) for __I$use$fp
    printfa.o(i.__0printf) refers to printfa.o(i._printf_core) for _printf_core
    printfa.o(i.__0printf) refers to st7735.o(i.fputc) for fputc
    printfa.o(i.__0printf) refers to stdout.o(.data) for __stdout
    printfa.o(i.__0snprintf) refers (Special) to iusefp.o(.text) for __I$use$fp
    printfa.o(i.__0snprintf) refers to printfa.o(i._printf_core) for _printf_core
    printfa.o(i.__0snprintf) refers to printfa.o(i._snputc) for _snputc
    printfa.o(i.__0sprintf) refers (Special) to iusefp.o(.text) for __I$use$fp
    printfa.o(i.__0sprintf) refers to printfa.o(i._printf_core) for _printf_core
    printfa.o(i.__0sprintf) refers to printfa.o(i._sputc) for _sputc
    printfa.o(i.__0vfprintf) refers (Special) to iusefp.o(.text) for __I$use$fp
    printfa.o(i.__0vfprintf) refers to printfa.o(i._printf_core) for _printf_core
    printfa.o(i.__0vfprintf) refers to st7735.o(i.fputc) for fputc
    printfa.o(i.__0vprintf) refers (Special) to iusefp.o(.text) for __I$use$fp
    printfa.o(i.__0vprintf) refers to printfa.o(i._printf_core) for _printf_core
    printfa.o(i.__0vprintf) refers to st7735.o(i.fputc) for fputc
    printfa.o(i.__0vprintf) refers to stdout.o(.data) for __stdout
    printfa.o(i.__0vsnprintf) refers (Special) to iusefp.o(.text) for __I$use$fp
    printfa.o(i.__0vsnprintf) refers to printfa.o(i._printf_core) for _printf_core
    printfa.o(i.__0vsnprintf) refers to printfa.o(i._snputc) for _snputc
    printfa.o(i.__0vsprintf) refers (Special) to iusefp.o(.text) for __I$use$fp
    printfa.o(i.__0vsprintf) refers to printfa.o(i._printf_core) for _printf_core
    printfa.o(i.__0vsprintf) refers to printfa.o(i._sputc) for _sputc
    printfa.o(i._fp_digits) refers (Special) to iusefp.o(.text) for __I$use$fp
    printfa.o(i._fp_digits) refers to dmul.o(.text) for __aeabi_dmul
    printfa.o(i._fp_digits) refers to ddiv.o(.text) for __aeabi_ddiv
    printfa.o(i._fp_digits) refers to cdrcmple.o(.text) for __aeabi_cdrcmple
    printfa.o(i._fp_digits) refers to dadd.o(.text) for __aeabi_dadd
    printfa.o(i._fp_digits) refers to dfixul.o(.text) for __aeabi_d2ulz
    printfa.o(i._fp_digits) refers to uldiv.o(.text) for __aeabi_uldivmod
    printfa.o(i._printf_core) refers (Special) to iusefp.o(.text) for __I$use$fp
    printfa.o(i._printf_core) refers to printfa.o(i._printf_pre_padding) for _printf_pre_padding
    printfa.o(i._printf_core) refers to uldiv.o(.text) for __aeabi_uldivmod
    printfa.o(i._printf_core) refers to printfa.o(i._printf_post_padding) for _printf_post_padding
    printfa.o(i._printf_core) refers to printfa.o(i._fp_digits) for _fp_digits
    printfa.o(i._printf_core) refers to uidiv.o(.text) for __aeabi_uidivmod
    printfa.o(i._printf_post_padding) refers (Special) to iusefp.o(.text) for __I$use$fp
    printfa.o(i._printf_pre_padding) refers (Special) to iusefp.o(.text) for __I$use$fp
    printfa.o(i._snputc) refers (Special) to iusefp.o(.text) for __I$use$fp
    printfa.o(i._sputc) refers (Special) to iusefp.o(.text) for __I$use$fp
    entry2.o(.ARM.Collect$$$$00000001) refers to entry2.o(.ARM.Collect$$$$00002712) for __lit__00000000
    entry2.o(.ARM.Collect$$$$00002712) refers to startup.o(STACK) for __initial_sp
    entry2.o(__vectab_stack_and_reset_area) refers to startup.o(STACK) for __initial_sp
    entry2.o(__vectab_stack_and_reset_area) refers to entry.o(.ARM.Collect$$$$00000000) for __main
    entry5.o(.ARM.Collect$$$$00000004) refers to init.o(.text) for __scatterload
    entry9a.o(.ARM.Collect$$$$0000000B) refers to sdctestmain.o(i.main) for main
    entry9b.o(.ARM.Collect$$$$0000000C) refers to sdctestmain.o(i.main) for main
    uldiv.o(.text) refers to llushr.o(.text) for __aeabi_llsr
    uldiv.o(.text) refers to llshl.o(.text) for __aeabi_llsl
    dadd.o(.text) refers to llshl.o(.text) for __aeabi_llsl
    dadd.o(.text) refers to llsshr.o(.text) for __aeabi_lasr
    dadd.o(.text) refers to depilogue.o(.text) for _double_epilogue
    dmul.o(.text) refers to depilogue.o(.text) for _double_epilogue
    ddiv.o(.text) refers to depilogue.o(.text) for _double_round
    dfixul.o(.text) refers to llushr.o(.text) for __aeabi_llsr
    dfixul.o(.text) refers to llshl.o(.text) for __aeabi_llsl
    init.o(.text) refers to entry5.o(.ARM.Collect$$$$00000004) for __main_after_scatterload
    depilogue.o(.text) refers to llshl.o(.text) for __aeabi_llsl
    depilogue.o(.text) refers to llushr.o(.text) for __aeabi_llsr


==============================================================================

Removing Unused input sections from the image.

    Removing startup.o(HEAP), (0 bytes).
    Removing sdctestmain.o(i.FileSystemTest), (736 bytes).
    Removing sdctestmain.o(i.diskError), (176 bytes).
    Removing buttonmanager.o(i.CheckDebounce), (60 bytes).
    Removing buttonmanager.o(i.downPressed), (2 bytes).
    Removing buttonmanager.o(i.leftPressed), (2 bytes).
    Removing buttonmanager.o(i.rightPressed), (2 bytes).
    Removing buttonmanager.o(i.upPressed), (2 bytes).
    Removing systick.o(i.SysTick_Init), (24 bytes).
    Removing systick.o(i.SysTick_Wait), (32 bytes).
    Removing systick.o(i.SysTick_Wait10ms), (28 bytes).
    Removing st7735.o(i.Output_Clear), (10 bytes).
    Removing st7735.o(i.Output_Color), (12 bytes).
    Removing st7735.o(i.Output_Off), (8 bytes).
    Removing st7735.o(i.Output_On), (8 bytes).
    Removing st7735.o(i.ST7735_DrawBitmap), (288 bytes).
    Removing st7735.o(i.ST7735_DrawFastHLine), (124 bytes).
    Removing st7735.o(i.ST7735_DrawFastVLine), (124 bytes).
    Removing st7735.o(i.ST7735_InitB), (40 bytes).
    Removing st7735.o(i.ST7735_InvertDisplay), (22 bytes).
    Removing st7735.o(i.ST7735_OutString), (24 bytes).
    Removing st7735.o(i.ST7735_PlotBar), (88 bytes).
    Removing st7735.o(i.ST7735_PlotClear), (92 bytes).
    Removing st7735.o(i.ST7735_PlotLine), (264 bytes).
    Removing st7735.o(i.ST7735_PlotNext), (32 bytes).
    Removing st7735.o(i.ST7735_PlotNextErase), (64 bytes).
    Removing st7735.o(i.ST7735_PlotPoint), (152 bytes).
    Removing st7735.o(i.ST7735_PlotPoints), (172 bytes).
    Removing st7735.o(i.ST7735_PlotdBfs), (60 bytes).
    Removing st7735.o(i.ST7735_SetRotation), (212 bytes).
    Removing st7735.o(i.ST7735_SwapColor), (18 bytes).
    Removing st7735.o(i.ferror), (8 bytes).
    Removing st7735.o(i.fgetc), (6 bytes).
    Removing gameengine.o(i.GameEngine_Init), (2 bytes).
    Removing gameengine.o(i.GameEngine_redraw), (2 bytes).
    Removing gameengine.o(i.GameEngine_update), (2 bytes).
    Removing max5353.o(i.DAC_Out2), (44 bytes).
    Removing frequencytimer.o(i.FrequencyTimer_disarm), (52 bytes).
    Removing ff.o(i.dir_read), (112 bytes).
    Removing ff.o(i.dir_remove), (54 bytes).
    Removing ff.o(i.f_chdir), (84 bytes).
    Removing ff.o(i.f_chmod), (96 bytes).
    Removing ff.o(i.f_closedir), (22 bytes).
    Removing ff.o(i.f_getcwd), (274 bytes).
    Removing ff.o(i.f_getfree), (258 bytes).
    Removing ff.o(i.f_getlabel), (190 bytes).
    Removing ff.o(i.f_mkdir), (364 bytes).
    Removing ff.o(i.f_mkfs), (1608 bytes).
    Removing ff.o(i.f_opendir), (110 bytes).
    Removing ff.o(i.f_readdir), (88 bytes).
    Removing ff.o(i.f_rename), (270 bytes).
    Removing ff.o(i.f_setlabel), (488 bytes).
    Removing ff.o(i.f_stat), (60 bytes).
    Removing ff.o(i.f_truncate), (184 bytes).
    Removing ff.o(i.f_unlink), (190 bytes).
    Removing ff.o(i.f_utime), (98 bytes).
    Removing ff.o(i.get_fileinfo), (116 bytes).
    Removing ff.o(.constdata), (44 bytes).
    Removing dadd.o(.text), (334 bytes).
    Removing dmul.o(.text), (228 bytes).
    Removing ddiv.o(.text), (222 bytes).
    Removing dfixul.o(.text), (48 bytes).
    Removing cdrcmple.o(.text), (40 bytes).
    Removing depilogue.o(.text), (190 bytes).

64 unused section(s) (total 8766 bytes) removed from the image.

==============================================================================

Image Symbol Table

    Local Symbols

    Symbol Name                              Value     Ov Type        Size  Object(Section)

    RESET                                    0x00000000   Section      644  startup.o(RESET)
    ../clib/microlib/division.c              0x00000000   Number         0  uidiv.o ABSOLUTE
    ../clib/microlib/division.c              0x00000000   Number         0  uldiv.o ABSOLUTE
    ../clib/microlib/init/entry.s            0x00000000   Number         0  entry9a.o ABSOLUTE
    ../clib/microlib/init/entry.s            0x00000000   Number         0  entry5.o ABSOLUTE
    ../clib/microlib/init/entry.s            0x00000000   Number         0  entry8a.o ABSOLUTE
    ../clib/microlib/init/entry.s            0x00000000   Number         0  entry11b.o ABSOLUTE
    ../clib/microlib/init/entry.s            0x00000000   Number         0  entry8b.o ABSOLUTE
    ../clib/microlib/init/entry.s            0x00000000   Number         0  entry2.o ABSOLUTE
    ../clib/microlib/init/entry.s            0x00000000   Number         0  entry11a.o ABSOLUTE
    ../clib/microlib/init/entry.s            0x00000000   Number         0  entry10b.o ABSOLUTE
    ../clib/microlib/init/entry.s            0x00000000   Number         0  entry10a.o ABSOLUTE
    ../clib/microlib/init/entry.s            0x00000000   Number         0  entry9b.o ABSOLUTE
    ../clib/microlib/init/entry.s            0x00000000   Number         0  entry7b.o ABSOLUTE
    ../clib/microlib/init/entry.s            0x00000000   Number         0  entry7a.o ABSOLUTE
    ../clib/microlib/init/entry.s            0x00000000   Number         0  entry.o ABSOLUTE
    ../clib/microlib/longlong.c              0x00000000   Number         0  llsshr.o ABSOLUTE
    ../clib/microlib/longlong.c              0x00000000   Number         0  llushr.o ABSOLUTE
    ../clib/microlib/longlong.c              0x00000000   Number         0  llshl.o ABSOLUTE
    ../clib/microlib/printf/printf.c         0x00000000   Number         0  printfb.o ABSOLUTE
    ../clib/microlib/printf/printf.c         0x00000000   Number         0  printf0.o ABSOLUTE
    ../clib/microlib/printf/printf.c         0x00000000   Number         0  printfa.o ABSOLUTE
    ../clib/microlib/printf/printf.c         0x00000000   Number         0  printf7.o ABSOLUTE
    ../clib/microlib/printf/printf.c         0x00000000   Number         0  printf8.o ABSOLUTE
    ../clib/microlib/printf/printf.c         0x00000000   Number         0  printf1.o ABSOLUTE
    ../clib/microlib/printf/printf.c         0x00000000   Number         0  printf2.o ABSOLUTE
    ../clib/microlib/printf/printf.c         0x00000000   Number         0  printf3.o ABSOLUTE
    ../clib/microlib/printf/printf.c         0x00000000   Number         0  printf4.o ABSOLUTE
    ../clib/microlib/printf/printf.c         0x00000000   Number         0  printf5.o ABSOLUTE
    ../clib/microlib/printf/printf.c         0x00000000   Number         0  printf6.o ABSOLUTE
    ../clib/microlib/printf/stubs.s          0x00000000   Number         0  stubs.o ABSOLUTE
    ../clib/microlib/stdio/streams.c         0x00000000   Number         0  stdout.o ABSOLUTE
    ../clib/microlib/stubs.s                 0x00000000   Number         0  iusefp.o ABSOLUTE
    ../fplib/microlib/fpadd.c                0x00000000   Number         0  dadd.o ABSOLUTE
    ../fplib/microlib/fpdiv.c                0x00000000   Number         0  ddiv.o ABSOLUTE
    ../fplib/microlib/fpepilogue.c           0x00000000   Number         0  depilogue.o ABSOLUTE
    ../fplib/microlib/fpfix.c                0x00000000   Number         0  dfixul.o ABSOLUTE
    ../fplib/microlib/fpmul.c                0x00000000   Number         0  dmul.o ABSOLUTE
    ButtonManager.c                          0x00000000   Number         0  buttonmanager.o ABSOLUTE
    FrequencyTimer.c                         0x00000000   Number         0  frequencytimer.o ABSOLUTE
    GameEngine.c                             0x00000000   Number         0  gameengine.o ABSOLUTE
    Heartbeat.c                              0x00000000   Number         0  heartbeat.o ABSOLUTE
    MAX5353.c                                0x00000000   Number         0  max5353.o ABSOLUTE
    PLL.c                                    0x00000000   Number         0  pll.o ABSOLUTE
    SDCTestMain.c                            0x00000000   Number         0  sdctestmain.o ABSOLUTE
    ST7735.c                                 0x00000000   Number         0  st7735.o ABSOLUTE
    ST7735.c                                 0x00000000   Number         0  st7735.o ABSOLUTE
    SysTick.c                                0x00000000   Number         0  systick.o ABSOLUTE
    cdrcmple.s                               0x00000000   Number         0  cdrcmple.o ABSOLUTE
    dc.s                                     0x00000000   Number         0  dc.o ABSOLUTE
    diskio.c                                 0x00000000   Number         0  diskio.o ABSOLUTE
    ff.c                                     0x00000000   Number         0  ff.o ABSOLUTE
    handlers.s                               0x00000000   Number         0  handlers.o ABSOLUTE
    init.s                                   0x00000000   Number         0  init.o ABSOLUTE
    startup.s                                0x00000000   Number         0  startup.o ABSOLUTE
    .ARM.Collect$$$$00000000                 0x00000284   Section        0  entry.o(.ARM.Collect$$$$00000000)
    .ARM.Collect$$$$00000001                 0x00000284   Section        4  entry2.o(.ARM.Collect$$$$00000001)
    .ARM.Collect$$$$00000004                 0x00000288   Section        4  entry5.o(.ARM.Collect$$$$00000004)
    .ARM.Collect$$$$00000008                 0x0000028c   Section        0  entry7b.o(.ARM.Collect$$$$00000008)
    .ARM.Collect$$$$0000000A                 0x0000028c   Section        0  entry8b.o(.ARM.Collect$$$$0000000A)
    .ARM.Collect$$$$0000000B                 0x0000028c   Section        8  entry9a.o(.ARM.Collect$$$$0000000B)
    .ARM.Collect$$$$0000000D                 0x00000294   Section        0  entry10a.o(.ARM.Collect$$$$0000000D)
    .ARM.Collect$$$$0000000F                 0x00000294   Section        0  entry11a.o(.ARM.Collect$$$$0000000F)
    .ARM.Collect$$$$00002712                 0x00000294   Section        4  entry2.o(.ARM.Collect$$$$00002712)
    __lit__00000000                          0x00000294   Data           4  entry2.o(.ARM.Collect$$$$00002712)
    .emb_text                                0x00000298   Section        6  st7735.o(.emb_text)
    .text                                    0x000002a0   Section       28  startup.o(.text)
    .text                                    0x000002bc   Section        0  uidiv.o(.text)
    .text                                    0x000002e8   Section       36  init.o(.text)
    i.ButtonManager_Init                     0x0000030c   Section        0  buttonmanager.o(i.ButtonManager_Init)
    i.CS_Init                                0x00000318   Section        0  diskio.o(i.CS_Init)
    i.DAC_Init                               0x000003c4   Section        0  max5353.o(i.DAC_Init)
    i.DAC_Out                                0x00000468   Section        0  max5353.o(i.DAC_Out)
    i.DC_Init                                0x00000480   Section        0  st7735.o(i.DC_Init)
    i.Delay1ms                               0x00000510   Section        0  st7735.o(i.Delay1ms)
    i.FrequencyTimer_Init                    0x00000528   Section        0  frequencytimer.o(i.FrequencyTimer_Init)
    i.FrequencyTimer_arm                     0x000005a0   Section        0  frequencytimer.o(i.FrequencyTimer_arm)
    i.GPIOPortD_Handler                      0x000005e4   Section        0  buttonmanager.o(i.GPIOPortD_Handler)
    i.GPIOPortE_Handler                      0x00000608   Section        0  buttonmanager.o(i.GPIOPortE_Handler)
    i.Heartbeat_Init                         0x0000062c   Section        0  heartbeat.o(i.Heartbeat_Init)
    i.Heartbeat_blink                        0x000006d8   Section        0  heartbeat.o(i.Heartbeat_blink)
    i.Output_Init                            0x000006ec   Section        0  st7735.o(i.Output_Init)
    i.PLL_Init                               0x000006fc   Section        0  pll.o(i.PLL_Init)
    i.PortD_Init                             0x00000778   Section        0  buttonmanager.o(i.PortD_Init)
    i.PortE_Init                             0x00000878   Section        0  buttonmanager.o(i.PortE_Init)
    i.SSI2_Init                              0x00000974   Section        0  diskio.o(i.SSI2_Init)
    i.ST7735_Color565                        0x00000ac0   Section        0  st7735.o(i.ST7735_Color565)
    i.ST7735_DrawChar                        0x00000ad8   Section        0  st7735.o(i.ST7735_DrawChar)
    i.ST7735_DrawCharS                       0x00000be4   Section        0  st7735.o(i.ST7735_DrawCharS)
    i.ST7735_DrawPixel                       0x00000cd8   Section        0  st7735.o(i.ST7735_DrawPixel)
    i.ST7735_DrawString                      0x00000d20   Section        0  st7735.o(i.ST7735_DrawString)
    i.ST7735_FillRect                        0x00000d78   Section        0  st7735.o(i.ST7735_FillRect)
    i.ST7735_FillScreen                      0x00000e24   Section        0  st7735.o(i.ST7735_FillScreen)
    i.ST7735_InitR                           0x00000e48   Section        0  st7735.o(i.ST7735_InitR)
    i.ST7735_OutChar                         0x00000ec4   Section        0  st7735.o(i.ST7735_OutChar)
    i.ST7735_OutUDec                         0x00000f98   Section        0  st7735.o(i.ST7735_OutUDec)
    i.ST7735_SetCursor                       0x00001024   Section        0  st7735.o(i.ST7735_SetCursor)
    i.ST7735_SetTextColor                    0x00001044   Section        0  st7735.o(i.ST7735_SetTextColor)
    i.TIMER1_Init                            0x00001050   Section        0  heartbeat.o(i.TIMER1_Init)
    i.Timer0A_Handler                        0x000010e4   Section        0  frequencytimer.o(i.Timer0A_Handler)
    i.Timer1A_Handler                        0x00001130   Section        0  heartbeat.o(i.Timer1A_Handler)
    i.Timer5A_Handler                        0x00001144   Section        0  diskio.o(i.Timer5A_Handler)
    i.Timer5_Init                            0x00001158   Section        0  diskio.o(i.Timer5_Init)
    i.__0printf$1                            0x000011c4   Section        0  printf1.o(i.__0printf$1)
    i.__scatterload_copy                     0x000011e4   Section       14  handlers.o(i.__scatterload_copy)
    i.__scatterload_null                     0x000011f2   Section        2  handlers.o(i.__scatterload_null)
    i.__scatterload_zeroinit                 0x000011f4   Section       14  handlers.o(i.__scatterload_zeroinit)
    i._printf_core                           0x00001204   Section        0  printf1.o(i._printf_core)
    _printf_core                             0x00001205   Thumb Code   334  printf1.o(i._printf_core)
    i.check_fs                               0x00001358   Section        0  ff.o(i.check_fs)
    check_fs                                 0x00001359   Thumb Code   140  ff.o(i.check_fs)
    i.chk_chr                                0x000013e8   Section        0  ff.o(i.chk_chr)
    chk_chr                                  0x000013e9   Thumb Code    24  ff.o(i.chk_chr)
    i.clust2sect                             0x00001400   Section        0  ff.o(i.clust2sect)
    i.commandList                            0x0000141a   Section        0  st7735.o(i.commandList)
    commandList                              0x0000141b   Thumb Code    86  st7735.o(i.commandList)
    i.commonInit                             0x00001470   Section        0  st7735.o(i.commonInit)
    commonInit                               0x00001471   Thumb Code   514  st7735.o(i.commonInit)
    i.create_chain                           0x000016b8   Section        0  ff.o(i.create_chain)
    create_chain                             0x000016b9   Thumb Code   214  ff.o(i.create_chain)
    i.create_name                            0x00001790   Section        0  ff.o(i.create_name)
    create_name                              0x00001791   Thumb Code   418  ff.o(i.create_name)
    i.deselect                               0x00001944   Section        0  diskio.o(i.deselect)
    deselect                                 0x00001945   Thumb Code    18  diskio.o(i.deselect)
    i.dir_alloc                              0x0000195c   Section        0  ff.o(i.dir_alloc)
    dir_alloc                                0x0000195d   Thumb Code    92  ff.o(i.dir_alloc)
    i.dir_find                               0x000019b8   Section        0  ff.o(i.dir_find)
    dir_find                                 0x000019b9   Thumb Code    92  ff.o(i.dir_find)
    i.dir_next                               0x00001a14   Section        0  ff.o(i.dir_next)
    dir_next                                 0x00001a15   Thumb Code   270  ff.o(i.dir_next)
    i.dir_register                           0x00001b22   Section        0  ff.o(i.dir_register)
    dir_register                             0x00001b23   Thumb Code    58  ff.o(i.dir_register)
    i.dir_sdi                                0x00001b5c   Section        0  ff.o(i.dir_sdi)
    dir_sdi                                  0x00001b5d   Thumb Code   158  ff.o(i.dir_sdi)
    i.disk_initialize                        0x00001bfc   Section        0  diskio.o(i.disk_initialize)
    i.disk_ioctl                             0x00001d58   Section        0  diskio.o(i.disk_ioctl)
    i.disk_read                              0x00001f80   Section        0  diskio.o(i.disk_read)
    i.disk_status                            0x00002010   Section        0  diskio.o(i.disk_status)
    i.disk_timerproc                         0x00002024   Section        0  diskio.o(i.disk_timerproc)
    i.disk_write                             0x00002064   Section        0  diskio.o(i.disk_write)
    i.f_close                                0x00002118   Section        0  ff.o(i.f_close)
    i.f_lseek                                0x00002138   Section        0  ff.o(i.f_lseek)
    i.f_mount                                0x000022b8   Section        0  ff.o(i.f_mount)
    i.f_open                                 0x00002314   Section        0  ff.o(i.f_open)
    i.f_read                                 0x00002474   Section        0  ff.o(i.f_read)
    i.f_sync                                 0x00002614   Section        0  ff.o(i.f_sync)
    i.f_write                                0x000026c4   Section        0  ff.o(i.f_write)
    i.fillmessage                            0x0000289c   Section        0  st7735.o(i.fillmessage)
    i.find_volume                            0x000028e4   Section        0  ff.o(i.find_volume)
    find_volume                              0x000028e5   Thumb Code   890  ff.o(i.find_volume)
    i.follow_path                            0x00002c70   Section        0  ff.o(i.follow_path)
    follow_path                              0x00002c71   Thumb Code   176  ff.o(i.follow_path)
    i.fputc                                  0x00002d20   Section        0  st7735.o(i.fputc)
    i.get_fat                                0x00002d30   Section        0  ff.o(i.get_fat)
    i.get_ldnumber                           0x00002e22   Section        0  ff.o(i.get_ldnumber)
    get_ldnumber                             0x00002e23   Thumb Code    74  ff.o(i.get_ldnumber)
    i.init_spi                               0x00002e6c   Section        0  diskio.o(i.init_spi)
    init_spi                                 0x00002e6d   Thumb Code    34  diskio.o(i.init_spi)
    i.ld_clust                               0x00002e98   Section        0  ff.o(i.ld_clust)
    ld_clust                                 0x00002e99   Thumb Code    32  ff.o(i.ld_clust)
    i.main                                   0x00002eb8   Section        0  sdctestmain.o(i.main)
    i.mem_cmp                                0x00003224   Section        0  ff.o(i.mem_cmp)
    mem_cmp                                  0x00003225   Thumb Code    38  ff.o(i.mem_cmp)
    i.mem_cpy                                0x0000324a   Section        0  ff.o(i.mem_cpy)
    mem_cpy                                  0x0000324b   Thumb Code    26  ff.o(i.mem_cpy)
    i.mem_set                                0x00003264   Section        0  ff.o(i.mem_set)
    mem_set                                  0x00003265   Thumb Code    20  ff.o(i.mem_set)
    i.move_window                            0x00003278   Section        0  ff.o(i.move_window)
    move_window                              0x00003279   Thumb Code    52  ff.o(i.move_window)
    i.pushColor                              0x000032ac   Section        0  st7735.o(i.pushColor)
    pushColor                                0x000032ad   Thumb Code    18  st7735.o(i.pushColor)
    i.put_fat                                0x000032be   Section        0  ff.o(i.put_fat)
    i.rcvr_datablock                         0x00003404   Section        0  diskio.o(i.rcvr_datablock)
    rcvr_datablock                           0x00003405   Thumb Code    66  diskio.o(i.rcvr_datablock)
    i.rcvr_spi                               0x0000344c   Section        0  diskio.o(i.rcvr_spi)
    rcvr_spi                                 0x0000344d   Thumb Code    40  diskio.o(i.rcvr_spi)
    i.rcvr_spi_multi                         0x00003478   Section        0  diskio.o(i.rcvr_spi_multi)
    rcvr_spi_multi                           0x00003479   Thumb Code    24  diskio.o(i.rcvr_spi_multi)
    i.remove_chain                           0x00003490   Section        0  ff.o(i.remove_chain)
    remove_chain                             0x00003491   Thumb Code   108  ff.o(i.remove_chain)
    i.select                                 0x000034fc   Section        0  diskio.o(i.select)
    select                                   0x000034fd   Thumb Code    48  diskio.o(i.select)
    i.send_cmd                               0x00003534   Section        0  diskio.o(i.send_cmd)
    send_cmd                                 0x00003535   Thumb Code   150  diskio.o(i.send_cmd)
    i.setAddrWindow                          0x000035cc   Section        0  st7735.o(i.setAddrWindow)
    setAddrWindow                            0x000035cd   Thumb Code   106  st7735.o(i.setAddrWindow)
    i.st_clust                               0x00003640   Section        0  ff.o(i.st_clust)
    st_clust                                 0x00003641   Thumb Code    16  ff.o(i.st_clust)
    i.sync_fs                                0x00003650   Section        0  ff.o(i.sync_fs)
    sync_fs                                  0x00003651   Thumb Code   200  ff.o(i.sync_fs)
    i.sync_window                            0x00003718   Section        0  ff.o(i.sync_window)
    sync_window                              0x00003719   Thumb Code    82  ff.o(i.sync_window)
    i.validate                               0x0000376a   Section        0  ff.o(i.validate)
    validate                                 0x0000376b   Thumb Code    54  ff.o(i.validate)
    i.wait_ready                             0x000037a0   Section        0  diskio.o(i.wait_ready)
    wait_ready                               0x000037a1   Thumb Code    42  diskio.o(i.wait_ready)
    i.writecommand                           0x000037d0   Section        0  st7735.o(i.writecommand)
    writecommand                             0x000037d1   Thumb Code    66  st7735.o(i.writecommand)
    i.writedata                              0x00003828   Section        0  st7735.o(i.writedata)
    writedata                                0x00003829   Thumb Code    70  st7735.o(i.writedata)
    i.xchg_spi                               0x00003884   Section        0  diskio.o(i.xchg_spi)
    xchg_spi                                 0x00003885   Thumb Code    48  diskio.o(i.xchg_spi)
    i.xmit_datablock                         0x000038b8   Section        0  diskio.o(i.xmit_datablock)
    xmit_datablock                           0x000038b9   Thumb Code    76  diskio.o(i.xmit_datablock)
    i.xmit_spi_multi                         0x00003904   Section        0  diskio.o(i.xmit_spi_multi)
    xmit_spi_multi                           0x00003905   Thumb Code    40  diskio.o(i.xmit_spi_multi)
    .constdata                               0x00003930   Section       17  sdctestmain.o(.constdata)
    .constdata                               0x00003941   Section     2018  st7735.o(.constdata)
    Font                                     0x00003941   Data        1275  st7735.o(.constdata)
    Bcmd                                     0x00003e3c   Data         103  st7735.o(.constdata)
    Rcmd1                                    0x00003ea3   Data          59  st7735.o(.constdata)
    Rcmd2green                               0x00003ede   Data          13  st7735.o(.constdata)
    Rcmd2red                                 0x00003eeb   Data          13  st7735.o(.constdata)
    Rcmd3                                    0x00003ef8   Data          43  st7735.o(.constdata)
    .data                                    0x20000000   Section        2  sdctestmain.o(.data)
    .data                                    0x20000004   Section       44  st7735.o(.data)
    _width                                   0x2000000e   Data           2  st7735.o(.data)
    _height                                  0x20000010   Data           2  st7735.o(.data)
    ColStart                                 0x20000018   Data           1  st7735.o(.data)
    RowStart                                 0x20000019   Data           1  st7735.o(.data)
    Rotation                                 0x2000001a   Data           1  st7735.o(.data)
    TabColor                                 0x2000001b   Data           1  st7735.o(.data)
    .data                                    0x20000030   Section       74  frequencytimer.o(.data)
    ind                                      0x20000070   Data           1  frequencytimer.o(.data)
    .data                                    0x2000007c   Section       13  diskio.o(.data)
    Stat                                     0x2000007c   Data           1  diskio.o(.data)
    Timer1                                   0x20000080   Data           4  diskio.o(.data)
    Timer2                                   0x20000084   Data           4  diskio.o(.data)
    CardType                                 0x20000088   Data           1  diskio.o(.data)
    .data                                    0x2000008c   Section        6  ff.o(.data)
    FatFs                                    0x2000008c   Data           4  ff.o(.data)
    Fsid                                     0x20000090   Data           2  ff.o(.data)
    .data                                    0x20000094   Section        4  stdout.o(.data)
    .bss                                     0x20000098   Section     2172  sdctestmain.o(.bss)
    g_sFatFs                                 0x20000098   Data         564  sdctestmain.o(.bss)
    .bss                                     0x20000914   Section       12  st7735.o(.bss)
    STACK                                    0x20000920   Section     1024  startup.o(STACK)
    StackMem                                 0x20000920   Data           0  startup.o(STACK)

    Global Symbols

    Symbol Name                              Value     Ov Type        Size  Object(Section)

    BuildAttributes$$THM_ISAv4$E$P$D$K$B$S$7EM$PE$A:L22UL41UL21$X:L11$S22US41US21$IEEE1$IW$USESV6$~STKCKD$USESV7$~SHL$OSPACE$ROPI$EBA8$MICROLIB$REQ8$PRES8$EABIv2 0x00000000   Number         0  anon$$obj.o ABSOLUTE
    __ARM_use_no_argv                        0x00000000   Number         0  sdctestmain.o ABSOLUTE
    __Vectors                                0x00000000   Data           0  startup.o(RESET)
    _printf_a                                0x00000000   Number         0  stubs.o ABSOLUTE
    _printf_c                                0x00000000   Number         0  stubs.o ABSOLUTE
    _printf_charcount                        0x00000000   Number         0  stubs.o ABSOLUTE
    _printf_d                                0x00000000   Number         0  stubs.o ABSOLUTE
    _printf_e                                0x00000000   Number         0  stubs.o ABSOLUTE
    _printf_f                                0x00000000   Number         0  stubs.o ABSOLUTE
    _printf_flags                            0x00000000   Number         0  stubs.o ABSOLUTE
    _printf_fp_dec                           0x00000000   Number         0  stubs.o ABSOLUTE
    _printf_fp_hex                           0x00000000   Number         0  stubs.o ABSOLUTE
    _printf_g                                0x00000000   Number         0  stubs.o ABSOLUTE
    _printf_i                                0x00000000   Number         0  stubs.o ABSOLUTE
    _printf_int_dec                          0x00000000   Number         0  stubs.o ABSOLUTE
    _printf_l                                0x00000000   Number         0  stubs.o ABSOLUTE
    _printf_lc                               0x00000000   Number         0  stubs.o ABSOLUTE
    _printf_ll                               0x00000000   Number         0  stubs.o ABSOLUTE
    _printf_lld                              0x00000000   Number         0  stubs.o ABSOLUTE
    _printf_lli                              0x00000000   Number         0  stubs.o ABSOLUTE
    _printf_llo                              0x00000000   Number         0  stubs.o ABSOLUTE
    _printf_llu                              0x00000000   Number         0  stubs.o ABSOLUTE
    _printf_llx                              0x00000000   Number         0  stubs.o ABSOLUTE
    _printf_longlong_dec                     0x00000000   Number         0  stubs.o ABSOLUTE
    _printf_longlong_hex                     0x00000000   Number         0  stubs.o ABSOLUTE
    _printf_longlong_oct                     0x00000000   Number         0  stubs.o ABSOLUTE
    _printf_ls                               0x00000000   Number         0  stubs.o ABSOLUTE
    _printf_mbtowc                           0x00000000   Number         0  stubs.o ABSOLUTE
    _printf_n                                0x00000000   Number         0  stubs.o ABSOLUTE
    _printf_o                                0x00000000   Number         0  stubs.o ABSOLUTE
    _printf_p                                0x00000000   Number         0  stubs.o ABSOLUTE
    _printf_percent                          0x00000000   Number         0  stubs.o ABSOLUTE
    _printf_pre_padding                      0x00000000   Number         0  stubs.o ABSOLUTE
    _printf_return_value                     0x00000000   Number         0  stubs.o ABSOLUTE
    _printf_s                                0x00000000   Number         0  stubs.o ABSOLUTE
    _printf_sizespec                         0x00000000   Number         0  stubs.o ABSOLUTE
    _printf_str                              0x00000000   Number         0  stubs.o ABSOLUTE
    _printf_truncate_signed                  0x00000000   Number         0  stubs.o ABSOLUTE
    _printf_truncate_unsigned                0x00000000   Number         0  stubs.o ABSOLUTE
    _printf_u                                0x00000000   Number         0  stubs.o ABSOLUTE
    _printf_wc                               0x00000000   Number         0  stubs.o ABSOLUTE
    _printf_wctomb                           0x00000000   Number         0  stubs.o ABSOLUTE
    _printf_widthprec                        0x00000000   Number         0  stubs.o ABSOLUTE
    _printf_x                                0x00000000   Number         0  stubs.o ABSOLUTE
    __cpp_initialize__aeabi_                  - Undefined Weak Reference
    __cxa_finalize                            - Undefined Weak Reference
    __decompress                              - Undefined Weak Reference
    _clock_init                               - Undefined Weak Reference
    _microlib_exit                            - Undefined Weak Reference
    Reset_Handler                            0x0000026d   Thumb Code     0  startup.o(RESET)
    NMI_Handler                              0x00000271   Thumb Code     2  startup.o(RESET)
    HardFault_Handler                        0x00000273   Thumb Code     2  startup.o(RESET)
    MemManage_Handler                        0x00000275   Thumb Code     2  startup.o(RESET)
    BusFault_Handler                         0x00000277   Thumb Code     2  startup.o(RESET)
    UsageFault_Handler                       0x00000279   Thumb Code     2  startup.o(RESET)
    SVC_Handler                              0x0000027b   Thumb Code     2  startup.o(RESET)
    DebugMon_Handler                         0x0000027d   Thumb Code     2  startup.o(RESET)
    PendSV_Handler                           0x0000027f   Thumb Code     2  startup.o(RESET)
    SysTick_Handler                          0x00000281   Thumb Code     2  startup.o(RESET)
    ADC0Seq0_Handler                         0x00000283   Thumb Code     0  startup.o(RESET)
    ADC0Seq1_Handler                         0x00000283   Thumb Code     0  startup.o(RESET)
    ADC0Seq2_Handler                         0x00000283   Thumb Code     0  startup.o(RESET)
    ADC0Seq3_Handler                         0x00000283   Thumb Code     0  startup.o(RESET)
    ADC1Seq0_Handler                         0x00000283   Thumb Code     0  startup.o(RESET)
    ADC1Seq1_Handler                         0x00000283   Thumb Code     0  startup.o(RESET)
    ADC1Seq2_Handler                         0x00000283   Thumb Code     0  startup.o(RESET)
    ADC1Seq3_Handler                         0x00000283   Thumb Code     0  startup.o(RESET)
    CAN0_Handler                             0x00000283   Thumb Code     0  startup.o(RESET)
    CAN1_Handler                             0x00000283   Thumb Code     0  startup.o(RESET)
    CAN2_Handler                             0x00000283   Thumb Code     0  startup.o(RESET)
    Comp0_Handler                            0x00000283   Thumb Code     0  startup.o(RESET)
    Comp1_Handler                            0x00000283   Thumb Code     0  startup.o(RESET)
    Comp2_Handler                            0x00000283   Thumb Code     0  startup.o(RESET)
    Ethernet_Handler                         0x00000283   Thumb Code     0  startup.o(RESET)
    ExtBus_Handler                           0x00000283   Thumb Code     0  startup.o(RESET)
    FPU_Handler                              0x00000283   Thumb Code     0  startup.o(RESET)
    Fan0_Handler                             0x00000283   Thumb Code     0  startup.o(RESET)
    FlashCtl_Handler                         0x00000283   Thumb Code     0  startup.o(RESET)
    GPIOPortA_Handler                        0x00000283   Thumb Code     0  startup.o(RESET)
    GPIOPortB_Handler                        0x00000283   Thumb Code     0  startup.o(RESET)
    GPIOPortC_Handler                        0x00000283   Thumb Code     0  startup.o(RESET)
    GPIOPortF_Handler                        0x00000283   Thumb Code     0  startup.o(RESET)
    GPIOPortG_Handler                        0x00000283   Thumb Code     0  startup.o(RESET)
    GPIOPortH_Handler                        0x00000283   Thumb Code     0  startup.o(RESET)
    GPIOPortJ_Handler                        0x00000283   Thumb Code     0  startup.o(RESET)
    GPIOPortK_Handler                        0x00000283   Thumb Code     0  startup.o(RESET)
    GPIOPortL_Handler                        0x00000283   Thumb Code     0  startup.o(RESET)
    GPIOPortM_Handler                        0x00000283   Thumb Code     0  startup.o(RESET)
    GPIOPortN_Handler                        0x00000283   Thumb Code     0  startup.o(RESET)
    GPIOPortP1_Handler                       0x00000283   Thumb Code     0  startup.o(RESET)
    GPIOPortP2_Handler                       0x00000283   Thumb Code     0  startup.o(RESET)
    GPIOPortP3_Handler                       0x00000283   Thumb Code     0  startup.o(RESET)
    GPIOPortP4_Handler                       0x00000283   Thumb Code     0  startup.o(RESET)
    GPIOPortP5_Handler                       0x00000283   Thumb Code     0  startup.o(RESET)
    GPIOPortP6_Handler                       0x00000283   Thumb Code     0  startup.o(RESET)
    GPIOPortP7_Handler                       0x00000283   Thumb Code     0  startup.o(RESET)
    GPIOPortP_Handler                        0x00000283   Thumb Code     0  startup.o(RESET)
    GPIOPortQ1_Handler                       0x00000283   Thumb Code     0  startup.o(RESET)
    GPIOPortQ2_Handler                       0x00000283   Thumb Code     0  startup.o(RESET)
    GPIOPortQ3_Handler                       0x00000283   Thumb Code     0  startup.o(RESET)
    GPIOPortQ4_Handler                       0x00000283   Thumb Code     0  startup.o(RESET)
    GPIOPortQ5_Handler                       0x00000283   Thumb Code     0  startup.o(RESET)
    GPIOPortQ6_Handler                       0x00000283   Thumb Code     0  startup.o(RESET)
    GPIOPortQ7_Handler                       0x00000283   Thumb Code     0  startup.o(RESET)
    GPIOPortQ_Handler                        0x00000283   Thumb Code     0  startup.o(RESET)
    GPIOPortR_Handler                        0x00000283   Thumb Code     0  startup.o(RESET)
    GPIOPortS_Handler                        0x00000283   Thumb Code     0  startup.o(RESET)
    Hibernate_Handler                        0x00000283   Thumb Code     0  startup.o(RESET)
    I2C0_Handler                             0x00000283   Thumb Code     0  startup.o(RESET)
    I2C1_Handler                             0x00000283   Thumb Code     0  startup.o(RESET)
    I2C2_Handler                             0x00000283   Thumb Code     0  startup.o(RESET)
    I2C3_Handler                             0x00000283   Thumb Code     0  startup.o(RESET)
    I2C4_Handler                             0x00000283   Thumb Code     0  startup.o(RESET)
    I2C5_Handler                             0x00000283   Thumb Code     0  startup.o(RESET)
    I2S0_Handler                             0x00000283   Thumb Code     0  startup.o(RESET)
    LPC0_Handler                             0x00000283   Thumb Code     0  startup.o(RESET)
    PECI0_Handler                            0x00000283   Thumb Code     0  startup.o(RESET)
    PWM0Fault_Handler                        0x00000283   Thumb Code     0  startup.o(RESET)
    PWM0Generator0_Handler                   0x00000283   Thumb Code     0  startup.o(RESET)
    PWM0Generator1_Handler                   0x00000283   Thumb Code     0  startup.o(RESET)
    PWM0Generator2_Handler                   0x00000283   Thumb Code     0  startup.o(RESET)
    PWM0Generator3_Handler                   0x00000283   Thumb Code     0  startup.o(RESET)
    PWM1Fault_Handler                        0x00000283   Thumb Code     0  startup.o(RESET)
    PWM1Generator0_Handler                   0x00000283   Thumb Code     0  startup.o(RESET)
    PWM1Generator1_Handler                   0x00000283   Thumb Code     0  startup.o(RESET)
    PWM1Generator2_Handler                   0x00000283   Thumb Code     0  startup.o(RESET)
    PWM1Generator3_Handler                   0x00000283   Thumb Code     0  startup.o(RESET)
    Quadrature0_Handler                      0x00000283   Thumb Code     0  startup.o(RESET)
    Quadrature1_Handler                      0x00000283   Thumb Code     0  startup.o(RESET)
    Quadrature2_Handler                      0x00000283   Thumb Code     0  startup.o(RESET)
    SSI0_Handler                             0x00000283   Thumb Code     0  startup.o(RESET)
    SSI1_Handler                             0x00000283   Thumb Code     0  startup.o(RESET)
    SSI2_Handler                             0x00000283   Thumb Code     0  startup.o(RESET)
    SSI3_Handler                             0x00000283   Thumb Code     0  startup.o(RESET)
    SysCtl_Handler                           0x00000283   Thumb Code     0  startup.o(RESET)
    Timer0B_Handler                          0x00000283   Thumb Code     0  startup.o(RESET)
    Timer1B_Handler                          0x00000283   Thumb Code     0  startup.o(RESET)
    Timer2A_Handler                          0x00000283   Thumb Code     0  startup.o(RESET)
    Timer2B_Handler                          0x00000283   Thumb Code     0  startup.o(RESET)
    Timer3A_Handler                          0x00000283   Thumb Code     0  startup.o(RESET)
    Timer3B_Handler                          0x00000283   Thumb Code     0  startup.o(RESET)
    Timer4A_Handler                          0x00000283   Thumb Code     0  startup.o(RESET)
    Timer4B_Handler                          0x00000283   Thumb Code     0  startup.o(RESET)
    Timer5B_Handler                          0x00000283   Thumb Code     0  startup.o(RESET)
    UART0_Handler                            0x00000283   Thumb Code     0  startup.o(RESET)
    UART1_Handler                            0x00000283   Thumb Code     0  startup.o(RESET)
    UART2_Handler                            0x00000283   Thumb Code     0  startup.o(RESET)
    UART3_Handler                            0x00000283   Thumb Code     0  startup.o(RESET)
    UART4_Handler                            0x00000283   Thumb Code     0  startup.o(RESET)
    UART5_Handler                            0x00000283   Thumb Code     0  startup.o(RESET)
    UART6_Handler                            0x00000283   Thumb Code     0  startup.o(RESET)
    UART7_Handler                            0x00000283   Thumb Code     0  startup.o(RESET)
    USB0_Handler                             0x00000283   Thumb Code     0  startup.o(RESET)
    WDT_Handler                              0x00000283   Thumb Code     0  startup.o(RESET)
    WideTimer0A_Handler                      0x00000283   Thumb Code     0  startup.o(RESET)
    WideTimer0B_Handler                      0x00000283   Thumb Code     0  startup.o(RESET)
    WideTimer1A_Handler                      0x00000283   Thumb Code     0  startup.o(RESET)
    WideTimer1B_Handler                      0x00000283   Thumb Code     0  startup.o(RESET)
    WideTimer2A_Handler                      0x00000283   Thumb Code     0  startup.o(RESET)
    WideTimer2B_Handler                      0x00000283   Thumb Code     0  startup.o(RESET)
    WideTimer3A_Handler                      0x00000283   Thumb Code     0  startup.o(RESET)
    WideTimer3B_Handler                      0x00000283   Thumb Code     0  startup.o(RESET)
    WideTimer4A_Handler                      0x00000283   Thumb Code     0  startup.o(RESET)
    WideTimer4B_Handler                      0x00000283   Thumb Code     0  startup.o(RESET)
    WideTimer5A_Handler                      0x00000283   Thumb Code     0  startup.o(RESET)
    WideTimer5B_Handler                      0x00000283   Thumb Code     0  startup.o(RESET)
    uDMA_Error                               0x00000283   Thumb Code     0  startup.o(RESET)
    uDMA_Handler                             0x00000283   Thumb Code     0  startup.o(RESET)
    __main                                   0x00000285   Thumb Code     0  entry.o(.ARM.Collect$$$$00000000)
    _main_stk                                0x00000285   Thumb Code     0  entry2.o(.ARM.Collect$$$$00000001)
    _main_scatterload                        0x00000289   Thumb Code     0  entry5.o(.ARM.Collect$$$$00000004)
    __main_after_scatterload                 0x0000028d   Thumb Code     0  entry5.o(.ARM.Collect$$$$00000004)
    _main_clock                              0x0000028d   Thumb Code     0  entry7b.o(.ARM.Collect$$$$00000008)
    _main_cpp_init                           0x0000028d   Thumb Code     0  entry8b.o(.ARM.Collect$$$$0000000A)
    _main_init                               0x0000028d   Thumb Code     0  entry9a.o(.ARM.Collect$$$$0000000B)
    __rt_final_cpp                           0x00000295   Thumb Code     0  entry10a.o(.ARM.Collect$$$$0000000D)
    __rt_final_exit                          0x00000295   Thumb Code     0  entry11a.o(.ARM.Collect$$$$0000000F)
    Delay                                    0x00000299   Thumb Code     6  st7735.o(.emb_text)
    DisableInterrupts                        0x000002a1   Thumb Code     0  startup.o(.text)
    EnableInterrupts                         0x000002a5   Thumb Code     0  startup.o(.text)
    StartCritical                            0x000002a9   Thumb Code     0  startup.o(.text)
    EndCritical                              0x000002b1   Thumb Code     0  startup.o(.text)
    WaitForInterrupt                         0x000002b7   Thumb Code     0  startup.o(.text)
    __aeabi_uidiv                            0x000002bd   Thumb Code     0  uidiv.o(.text)
    __aeabi_uidivmod                         0x000002bd   Thumb Code    44  uidiv.o(.text)
    __scatterload                            0x000002e9   Thumb Code    28  init.o(.text)
    __scatterload_rt2                        0x000002e9   Thumb Code     0  init.o(.text)
    ButtonManager_Init                       0x0000030d   Thumb Code    12  buttonmanager.o(i.ButtonManager_Init)
    CS_Init                                  0x00000319   Thumb Code   148  diskio.o(i.CS_Init)
    DAC_Init                                 0x000003c5   Thumb Code   136  max5353.o(i.DAC_Init)
    DAC_Out                                  0x00000469   Thumb Code    18  max5353.o(i.DAC_Out)
    DC_Init                                  0x00000481   Thumb Code   126  st7735.o(i.DC_Init)
    Delay1ms                                 0x00000511   Thumb Code    22  st7735.o(i.Delay1ms)
    FrequencyTimer_Init                      0x00000529   Thumb Code   104  frequencytimer.o(i.FrequencyTimer_Init)
    FrequencyTimer_arm                       0x000005a1   Thumb Code    62  frequencytimer.o(i.FrequencyTimer_arm)
    GPIOPortD_Handler                        0x000005e5   Thumb Code    24  buttonmanager.o(i.GPIOPortD_Handler)
    GPIOPortE_Handler                        0x00000609   Thumb Code    22  buttonmanager.o(i.GPIOPortE_Handler)
    Heartbeat_Init                           0x0000062d   Thumb Code   150  heartbeat.o(i.Heartbeat_Init)
    Heartbeat_blink                          0x000006d9   Thumb Code    14  heartbeat.o(i.Heartbeat_blink)
    Output_Init                              0x000006ed   Thumb Code    16  st7735.o(i.Output_Init)
    PLL_Init                                 0x000006fd   Thumb Code   118  pll.o(i.PLL_Init)
    PortD_Init                               0x00000779   Thumb Code   234  buttonmanager.o(i.PortD_Init)
    PortE_Init                               0x00000879   Thumb Code   230  buttonmanager.o(i.PortE_Init)
    SSI2_Init                                0x00000975   Thumb Code   288  diskio.o(i.SSI2_Init)
    ST7735_Color565                          0x00000ac1   Thumb Code    24  st7735.o(i.ST7735_Color565)
    ST7735_DrawChar                          0x00000ad9   Thumb Code   256  st7735.o(i.ST7735_DrawChar)
    ST7735_DrawCharS                         0x00000be5   Thumb Code   232  st7735.o(i.ST7735_DrawCharS)
    ST7735_DrawPixel                         0x00000cd9   Thumb Code    64  st7735.o(i.ST7735_DrawPixel)
    ST7735_DrawString                        0x00000d21   Thumb Code    86  st7735.o(i.ST7735_DrawString)
    ST7735_FillRect                          0x00000d79   Thumb Code   164  st7735.o(i.ST7735_FillRect)
    ST7735_FillScreen                        0x00000e25   Thumb Code    28  st7735.o(i.ST7735_FillScreen)
    ST7735_InitR                             0x00000e49   Thumb Code    90  st7735.o(i.ST7735_InitR)
    ST7735_OutChar                           0x00000ec5   Thumb Code   176  st7735.o(i.ST7735_OutChar)
    ST7735_OutUDec                           0x00000f99   Thumb Code   118  st7735.o(i.ST7735_OutUDec)
    ST7735_SetCursor                         0x00001025   Thumb Code    22  st7735.o(i.ST7735_SetCursor)
    ST7735_SetTextColor                      0x00001045   Thumb Code     6  st7735.o(i.ST7735_SetTextColor)
    TIMER1_Init                              0x00001051   Thumb Code   126  heartbeat.o(i.TIMER1_Init)
    Timer0A_Handler                          0x000010e5   Thumb Code    58  frequencytimer.o(i.Timer0A_Handler)
    Timer1A_Handler                          0x00001131   Thumb Code    14  heartbeat.o(i.Timer1A_Handler)
    Timer5A_Handler                          0x00001145   Thumb Code    14  diskio.o(i.Timer5A_Handler)
    Timer5_Init                              0x00001159   Thumb Code    84  diskio.o(i.Timer5_Init)
    __0printf$1                              0x000011c5   Thumb Code    22  printf1.o(i.__0printf$1)
    __1printf$1                              0x000011c5   Thumb Code     0  printf1.o(i.__0printf$1)
    __2printf                                0x000011c5   Thumb Code     0  printf1.o(i.__0printf$1)
    __scatterload_copy                       0x000011e5   Thumb Code    14  handlers.o(i.__scatterload_copy)
    __scatterload_null                       0x000011f3   Thumb Code     2  handlers.o(i.__scatterload_null)
    __scatterload_zeroinit                   0x000011f5   Thumb Code    14  handlers.o(i.__scatterload_zeroinit)
    clust2sect                               0x00001401   Thumb Code    26  ff.o(i.clust2sect)
    disk_initialize                          0x00001bfd   Thumb Code   330  diskio.o(i.disk_initialize)
    disk_ioctl                               0x00001d59   Thumb Code   544  diskio.o(i.disk_ioctl)
    disk_read                                0x00001f81   Thumb Code   136  diskio.o(i.disk_read)
    disk_status                              0x00002011   Thumb Code    14  diskio.o(i.disk_status)
    disk_timerproc                           0x00002025   Thumb Code    52  diskio.o(i.disk_timerproc)
    disk_write                               0x00002065   Thumb Code   170  diskio.o(i.disk_write)
    f_close                                  0x00002119   Thumb Code    32  ff.o(i.f_close)
    f_lseek                                  0x00002139   Thumb Code   382  ff.o(i.f_lseek)
    f_mount                                  0x000022b9   Thumb Code    86  ff.o(i.f_mount)
    f_open                                   0x00002315   Thumb Code   348  ff.o(i.f_open)
    f_read                                   0x00002475   Thumb Code   414  ff.o(i.f_read)
    f_sync                                   0x00002615   Thumb Code   170  ff.o(i.f_sync)
    f_write                                  0x000026c5   Thumb Code   470  ff.o(i.f_write)
    fillmessage                              0x0000289d   Thumb Code    64  st7735.o(i.fillmessage)
    fputc                                    0x00002d21   Thumb Code    16  st7735.o(i.fputc)
    get_fat                                  0x00002d31   Thumb Code   242  ff.o(i.get_fat)
    main                                     0x00002eb9   Thumb Code   730  sdctestmain.o(i.main)
    put_fat                                  0x000032bf   Thumb Code   326  ff.o(i.put_fat)
    inFilename                               0x00003930   Data           9  sdctestmain.o(.constdata)
    outFilename                              0x00003939   Data           8  sdctestmain.o(.constdata)
    dBfs                                     0x00003f23   Data         512  st7735.o(.constdata)
    Region$$Table$$Base                      0x00004124   Number         0  anon$$obj.o(Region$$Table)
    Region$$Table$$Limit                     0x00004144   Number         0  anon$$obj.o(Region$$Table)
    MountFresult                             0x20000000   Data           1  sdctestmain.o(.data)
    Fresult                                  0x20000001   Data           1  sdctestmain.o(.data)
    StX                                      0x20000004   Data           4  st7735.o(.data)
    StY                                      0x20000008   Data           4  st7735.o(.data)
    StTextColor                              0x2000000c   Data           2  st7735.o(.data)
    lastj                                    0x20000014   Data           4  st7735.o(.data)
    Messageindex                             0x2000001c   Data           4  st7735.o(.data)
    Ymax                                     0x20000020   Data           4  st7735.o(.data)
    Ymin                                     0x20000024   Data           4  st7735.o(.data)
    X                                        0x20000028   Data           4  st7735.o(.data)
    Yrange                                   0x2000002c   Data           4  st7735.o(.data)
    waveForm                                 0x20000030   Data          64  frequencytimer.o(.data)
    PeriodicTask                             0x20000074   Data           4  frequencytimer.o(.data)
    myNum                                    0x20000078   Data           1  frequencytimer.o(.data)
    wavePos                                  0x20000079   Data           1  frequencytimer.o(.data)
    __stdout                                 0x20000094   Data           4  stdout.o(.data)
    Handle                                   0x200002cc   Data         548  sdctestmain.o(.bss)
    Handle2                                  0x200004f0   Data         548  sdctestmain.o(.bss)
    buffer                                   0x20000714   Data         512  sdctestmain.o(.bss)
    Message                                  0x20000914   Data          12  st7735.o(.bss)
    __initial_sp                             0x20000d20   Data           0  startup.o(STACK)



==============================================================================

Memory Map of the image

  Image Entry point : 0x0000026d

  Load Region LR_1 (Base: 0x00000000, Size: 0x000041dc, Max: 0xffffffff, ABSOLUTE)

    Execution Region ER_RO (Base: 0x00000000, Size: 0x00004144, Max: 0xffffffff, ABSOLUTE)

    Base Addr    Size         Type   Attr      Idx    E Section Name        Object

    0x00000000   0x00000284   Code   RO            3  * RESET               startup.o
    0x00000284   0x00000000   Code   RO          996  * .ARM.Collect$$$$00000000  mc_w.l(entry.o)
    0x00000284   0x00000004   Code   RO         1260    .ARM.Collect$$$$00000001  mc_w.l(entry2.o)
    0x00000288   0x00000004   Code   RO         1263    .ARM.Collect$$$$00000004  mc_w.l(entry5.o)
    0x0000028c   0x00000000   Code   RO         1265    .ARM.Collect$$$$00000008  mc_w.l(entry7b.o)
    0x0000028c   0x00000000   Code   RO         1267    .ARM.Collect$$$$0000000A  mc_w.l(entry8b.o)
    0x0000028c   0x00000008   Code   RO         1268    .ARM.Collect$$$$0000000B  mc_w.l(entry9a.o)
    0x00000294   0x00000000   Code   RO         1270    .ARM.Collect$$$$0000000D  mc_w.l(entry10a.o)
    0x00000294   0x00000000   Code   RO         1272    .ARM.Collect$$$$0000000F  mc_w.l(entry11a.o)
    0x00000294   0x00000004   Code   RO         1261    .ARM.Collect$$$$00002712  mc_w.l(entry2.o)
    0x00000298   0x00000006   Code   RO          213    .emb_text           st7735.o
    0x0000029e   0x00000002   PAD
    0x000002a0   0x0000001c   Code   RO            4    .text               startup.o
    0x000002bc   0x0000002c   Code   RO         1275    .text               mc_w.l(uidiv.o)
    0x000002e8   0x00000024   Code   RO         1290    .text               mc_w.l(init.o)
    0x0000030c   0x0000000c   Code   RO          123    i.ButtonManager_Init  buttonmanager.o
    0x00000318   0x000000ac   Code   RO          580    i.CS_Init           diskio.o
    0x000003c4   0x000000a4   Code   RO          520    i.DAC_Init          max5353.o
    0x00000468   0x00000018   Code   RO          521    i.DAC_Out           max5353.o
    0x00000480   0x00000090   Code   RO          214    i.DC_Init           st7735.o
    0x00000510   0x00000016   Code   RO          215    i.Delay1ms          st7735.o
    0x00000526   0x00000002   PAD
    0x00000528   0x00000078   Code   RO          544    i.FrequencyTimer_Init  frequencytimer.o
    0x000005a0   0x00000044   Code   RO          545    i.FrequencyTimer_arm  frequencytimer.o
    0x000005e4   0x00000024   Code   RO          125    i.GPIOPortD_Handler  buttonmanager.o
    0x00000608   0x00000024   Code   RO          126    i.GPIOPortE_Handler  buttonmanager.o
    0x0000062c   0x000000ac   Code   RO           90    i.Heartbeat_Init    heartbeat.o
    0x000006d8   0x00000014   Code   RO           91    i.Heartbeat_blink   heartbeat.o
    0x000006ec   0x00000010   Code   RO          218    i.Output_Init       st7735.o
    0x000006fc   0x0000007c   Code   RO           78    i.PLL_Init          pll.o
    0x00000778   0x00000100   Code   RO          127    i.PortD_Init        buttonmanager.o
    0x00000878   0x000000fc   Code   RO          128    i.PortE_Init        buttonmanager.o
    0x00000974   0x0000014c   Code   RO          581    i.SSI2_Init         diskio.o
    0x00000ac0   0x00000018   Code   RO          221    i.ST7735_Color565   st7735.o
    0x00000ad8   0x0000010c   Code   RO          223    i.ST7735_DrawChar   st7735.o
    0x00000be4   0x000000f4   Code   RO          224    i.ST7735_DrawCharS  st7735.o
    0x00000cd8   0x00000048   Code   RO          227    i.ST7735_DrawPixel  st7735.o
    0x00000d20   0x00000056   Code   RO          228    i.ST7735_DrawString  st7735.o
    0x00000d76   0x00000002   PAD
    0x00000d78   0x000000ac   Code   RO          229    i.ST7735_FillRect   st7735.o
    0x00000e24   0x00000024   Code   RO          230    i.ST7735_FillScreen  st7735.o
    0x00000e48   0x0000007c   Code   RO          232    i.ST7735_InitR      st7735.o
    0x00000ec4   0x000000d4   Code   RO          234    i.ST7735_OutChar    st7735.o
    0x00000f98   0x0000008c   Code   RO          236    i.ST7735_OutUDec    st7735.o
    0x00001024   0x00000020   Code   RO          245    i.ST7735_SetCursor  st7735.o
    0x00001044   0x0000000c   Code   RO          247    i.ST7735_SetTextColor  st7735.o
    0x00001050   0x00000094   Code   RO           92    i.TIMER1_Init       heartbeat.o
    0x000010e4   0x0000004c   Code   RO          547    i.Timer0A_Handler   frequencytimer.o
    0x00001130   0x00000014   Code   RO           93    i.Timer1A_Handler   heartbeat.o
    0x00001144   0x00000014   Code   RO          582    i.Timer5A_Handler   diskio.o
    0x00001158   0x0000006c   Code   RO          583    i.Timer5_Init       diskio.o
    0x000011c4   0x00000020   Code   RO         1044    i.__0printf$1       mc_w.l(printf1.o)
    0x000011e4   0x0000000e   Code   RO         1302    i.__scatterload_copy  mc_w.l(handlers.o)
    0x000011f2   0x00000002   Code   RO         1303    i.__scatterload_null  mc_w.l(handlers.o)
    0x000011f4   0x0000000e   Code   RO         1304    i.__scatterload_zeroinit  mc_w.l(handlers.o)
    0x00001202   0x00000002   PAD
    0x00001204   0x00000154   Code   RO         1051    i._printf_core      mc_w.l(printf1.o)
    0x00001358   0x00000090   Code   RO          706    i.check_fs          ff.o
    0x000013e8   0x00000018   Code   RO          707    i.chk_chr           ff.o
    0x00001400   0x0000001a   Code   RO          708    i.clust2sect        ff.o
    0x0000141a   0x00000056   Code   RO          249    i.commandList       st7735.o
    0x00001470   0x00000248   Code   RO          250    i.commonInit        st7735.o
    0x000016b8   0x000000d6   Code   RO          709    i.create_chain      ff.o
    0x0000178e   0x00000002   PAD
    0x00001790   0x000001b4   Code   RO          710    i.create_name       ff.o
    0x00001944   0x00000018   Code   RO          584    i.deselect          diskio.o
    0x0000195c   0x0000005c   Code   RO          711    i.dir_alloc         ff.o
    0x000019b8   0x0000005c   Code   RO          712    i.dir_find          ff.o
    0x00001a14   0x0000010e   Code   RO          713    i.dir_next          ff.o
    0x00001b22   0x0000003a   Code   RO          715    i.dir_register      ff.o
    0x00001b5c   0x0000009e   Code   RO          717    i.dir_sdi           ff.o
    0x00001bfa   0x00000002   PAD
    0x00001bfc   0x0000015c   Code   RO          585    i.disk_initialize   diskio.o
    0x00001d58   0x00000228   Code   RO          586    i.disk_ioctl        diskio.o
    0x00001f80   0x00000090   Code   RO          587    i.disk_read         diskio.o
    0x00002010   0x00000014   Code   RO          588    i.disk_status       diskio.o
    0x00002024   0x00000040   Code   RO          589    i.disk_timerproc    diskio.o
    0x00002064   0x000000b4   Code   RO          590    i.disk_write        diskio.o
    0x00002118   0x00000020   Code   RO          720    i.f_close           ff.o
    0x00002138   0x0000017e   Code   RO          725    i.f_lseek           ff.o
    0x000022b6   0x00000002   PAD
    0x000022b8   0x0000005c   Code   RO          728    i.f_mount           ff.o
    0x00002314   0x00000160   Code   RO          729    i.f_open            ff.o
    0x00002474   0x0000019e   Code   RO          731    i.f_read            ff.o
    0x00002612   0x00000002   PAD
    0x00002614   0x000000b0   Code   RO          736    i.f_sync            ff.o
    0x000026c4   0x000001d6   Code   RO          740    i.f_write           ff.o
    0x0000289a   0x00000002   PAD
    0x0000289c   0x00000048   Code   RO          253    i.fillmessage       st7735.o
    0x000028e4   0x0000038c   Code   RO          741    i.find_volume       ff.o
    0x00002c70   0x000000b0   Code   RO          742    i.follow_path       ff.o
    0x00002d20   0x00000010   Code   RO          254    i.fputc             st7735.o
    0x00002d30   0x000000f2   Code   RO          743    i.get_fat           ff.o
    0x00002e22   0x0000004a   Code   RO          745    i.get_ldnumber      ff.o
    0x00002e6c   0x0000002c   Code   RO          591    i.init_spi          diskio.o
    0x00002e98   0x00000020   Code   RO          746    i.ld_clust          ff.o
    0x00002eb8   0x0000036c   Code   RO           14    i.main              sdctestmain.o
    0x00003224   0x00000026   Code   RO          747    i.mem_cmp           ff.o
    0x0000324a   0x0000001a   Code   RO          748    i.mem_cpy           ff.o
    0x00003264   0x00000014   Code   RO          749    i.mem_set           ff.o
    0x00003278   0x00000034   Code   RO          750    i.move_window       ff.o
    0x000032ac   0x00000012   Code   RO          255    i.pushColor         st7735.o
    0x000032be   0x00000146   Code   RO          751    i.put_fat           ff.o
    0x00003404   0x00000048   Code   RO          592    i.rcvr_datablock    diskio.o
    0x0000344c   0x0000002c   Code   RO          593    i.rcvr_spi          diskio.o
    0x00003478   0x00000018   Code   RO          594    i.rcvr_spi_multi    diskio.o
    0x00003490   0x0000006c   Code   RO          752    i.remove_chain      ff.o
    0x000034fc   0x00000038   Code   RO          595    i.select            diskio.o
    0x00003534   0x00000096   Code   RO          596    i.send_cmd          diskio.o
    0x000035ca   0x00000002   PAD
    0x000035cc   0x00000074   Code   RO          256    i.setAddrWindow     st7735.o
    0x00003640   0x00000010   Code   RO          753    i.st_clust          ff.o
    0x00003650   0x000000c8   Code   RO          754    i.sync_fs           ff.o
    0x00003718   0x00000052   Code   RO          755    i.sync_window       ff.o
    0x0000376a   0x00000036   Code   RO          756    i.validate          ff.o
    0x000037a0   0x00000030   Code   RO          597    i.wait_ready        diskio.o
    0x000037d0   0x00000058   Code   RO          257    i.writecommand      st7735.o
    0x00003828   0x0000005c   Code   RO          258    i.writedata         st7735.o
    0x00003884   0x00000034   Code   RO          598    i.xchg_spi          diskio.o
    0x000038b8   0x0000004c   Code   RO          599    i.xmit_datablock    diskio.o
    0x00003904   0x0000002c   Code   RO          600    i.xmit_spi_multi    diskio.o
    0x00003930   0x00000011   Data   RO           16    .constdata          sdctestmain.o
    0x00003941   0x000007e2   Data   RO          260    .constdata          st7735.o
    0x00004123   0x00000001   PAD
    0x00004124   0x00000020   Data   RO         1300    Region$$Table       anon$$obj.o


    Execution Region ER_RW (Base: 0x20000000, Size: 0x00000098, Max: 0xffffffff, ABSOLUTE)

    Base Addr    Size         Type   Attr      Idx    E Section Name        Object

    0x20000000   0x00000002   Data   RW           17    .data               sdctestmain.o
    0x20000002   0x00000002   PAD
    0x20000004   0x0000002c   Data   RW          261    .data               st7735.o
    0x20000030   0x0000004a   Data   RW          548    .data               frequencytimer.o
    0x2000007a   0x00000002   PAD
    0x2000007c   0x0000000d   Data   RW          601    .data               diskio.o
    0x20000089   0x00000003   PAD
    0x2000008c   0x00000006   Data   RW          758    .data               ff.o
    0x20000092   0x00000002   PAD
    0x20000094   0x00000004   Data   RW         1274    .data               mc_w.l(stdout.o)


    Execution Region ER_ZI (Base: 0x20000098, Size: 0x00000c88, Max: 0xffffffff, ABSOLUTE)

    Base Addr    Size         Type   Attr      Idx    E Section Name        Object

    0x20000098   0x0000087c   Zero   RW           15    .bss                sdctestmain.o
    0x20000914   0x0000000c   Zero   RW          259    .bss                st7735.o
    0x20000920   0x00000400   Zero   RW            1    STACK               startup.o


==============================================================================

Image component sizes


      Code (inc. data)   RO Data    RW Data    ZI Data      Debug   Object Name

       592         70          0          0          0       2707   buttonmanager.o
      2574        208          0         13          0      11865   diskio.o
      5786         56          0          6          0      23692   ff.o
       264         40          0         74          0       2031   frequencytimer.o
       360         56          0          0          0       1995   heartbeat.o
       188         34          0          0          0        793   max5353.o
       124          6          0          0          0        367   pll.o
       876        146         17          2       2172       9919   sdctestmain.o
      2682        306       2018         44         12      16176   st7735.o
       672        622          0          0       1024        868   startup.o

    ----------------------------------------------------------------------
     14136       1544       2068        148       3208      70413   Object Totals
         0          0         32          0          0          0   (incl. Generated)
        18          0          1          9          0          0   (incl. Padding)

    ----------------------------------------------------------------------

      Code (inc. data)   RO Data    RW Data    ZI Data      Debug   Library Member Name

         0          0          0          0          0          0   entry.o
         0          0          0          0          0          0   entry10a.o
         0          0          0          0          0          0   entry11a.o
         8          4          0          0          0          0   entry2.o
         4          0          0          0          0          0   entry5.o
         0          0          0          0          0          0   entry7b.o
         0          0          0          0          0          0   entry8b.o
         8          4          0          0          0          0   entry9a.o
        30          0          0          0          0          0   handlers.o
        36          8          0          0          0         68   init.o
       372         16          0          0          0        180   printf1.o
         0          0          0          4          0          0   stdout.o
        44          0          0          0          0         80   uidiv.o

    ----------------------------------------------------------------------
       504         32          0          4          0        328   Library Totals
         2          0          0          0          0          0   (incl. Padding)

    ----------------------------------------------------------------------

      Code (inc. data)   RO Data    RW Data    ZI Data      Debug   Library Name

       502         32          0          4          0        328   mc_w.l

    ----------------------------------------------------------------------
       504         32          0          4          0        328   Library Totals

    ----------------------------------------------------------------------

==============================================================================


      Code (inc. data)   RO Data    RW Data    ZI Data      Debug   

     14640       1576       2068        152       3208      65957   Grand Totals
     14640       1576       2068        152       3208      65957   ELF Image Totals
     14640       1576       2068        152          0          0   ROM Totals

==============================================================================

    Total RO  Size (Code + RO Data)                16708 (  16.32kB)
    Total RW  Size (RW Data + ZI Data)              3360 (   3.28kB)
    Total ROM Size (Code + RO Data + RW Data)      16860 (  16.46kB)

==============================================================================

